Archive member included to satisfy reference by file (symbol)

c:/program files (x86)/atmel/studio/7.0/toolchain/arm/arm-gnu-toolchain/bin/../lib/gcc/arm-none-eabi/5.3.1/armv7-m\libgcc.a(_arm_addsubdf3.o)
                              src/ReglStyr.o (__aeabi_dadd)
c:/program files (x86)/atmel/studio/7.0/toolchain/arm/arm-gnu-toolchain/bin/../lib/gcc/arm-none-eabi/5.3.1/armv7-m\libgcc.a(_arm_muldivdf3.o)
                              src/UARTSet.o (__aeabi_ddiv)
c:/program files (x86)/atmel/studio/7.0/toolchain/arm/arm-gnu-toolchain/bin/../lib/gcc/arm-none-eabi/5.3.1/armv7-m\libgcc.a(_arm_fixdfsi.o)
                              src/ReglStyr.o (__aeabi_d2iz)
c:/program files (x86)/atmel/studio/7.0/toolchain/arm/arm-gnu-toolchain/bin/../lib/gcc/arm-none-eabi/5.3.1/../../../../arm-none-eabi/lib/armv7-m\libc.a(lib_a-exit.o)
                              c:/program files (x86)/atmel/studio/7.0/toolchain/arm/arm-gnu-toolchain/bin/../lib/gcc/arm-none-eabi/5.3.1/../../../../arm-none-eabi/lib/armv7-m/crt0.o (exit)
c:/program files (x86)/atmel/studio/7.0/toolchain/arm/arm-gnu-toolchain/bin/../lib/gcc/arm-none-eabi/5.3.1/../../../../arm-none-eabi/lib/armv7-m\libc.a(lib_a-impure.o)
                              c:/program files (x86)/atmel/studio/7.0/toolchain/arm/arm-gnu-toolchain/bin/../lib/gcc/arm-none-eabi/5.3.1/../../../../arm-none-eabi/lib/armv7-m\libc.a(lib_a-exit.o) (_global_impure_ptr)
c:/program files (x86)/atmel/studio/7.0/toolchain/arm/arm-gnu-toolchain/bin/../lib/gcc/arm-none-eabi/5.3.1/../../../../arm-none-eabi/lib/armv7-m\libc.a(lib_a-init.o)
                              c:/program files (x86)/atmel/studio/7.0/toolchain/arm/arm-gnu-toolchain/bin/../lib/gcc/arm-none-eabi/5.3.1/../../../../arm-none-eabi/lib/armv7-m/crt0.o (__libc_init_array)
c:/program files (x86)/atmel/studio/7.0/toolchain/arm/arm-gnu-toolchain/bin/../lib/gcc/arm-none-eabi/5.3.1/../../../../arm-none-eabi/lib/armv7-m\libc.a(lib_a-iprintf.o)
                              src/ASF/sam/drivers/adc/adc.o (iprintf)
c:/program files (x86)/atmel/studio/7.0/toolchain/arm/arm-gnu-toolchain/bin/../lib/gcc/arm-none-eabi/5.3.1/../../../../arm-none-eabi/lib/armv7-m\libc.a(lib_a-memcpy.o)
                              src/ASF/thirdparty/freertos/freertos-7.3.0/source/queue.o (memcpy)
c:/program files (x86)/atmel/studio/7.0/toolchain/arm/arm-gnu-toolchain/bin/../lib/gcc/arm-none-eabi/5.3.1/../../../../arm-none-eabi/lib/armv7-m\libc.a(lib_a-memset.o)
                              c:/program files (x86)/atmel/studio/7.0/toolchain/arm/arm-gnu-toolchain/bin/../lib/gcc/arm-none-eabi/5.3.1/../../../../arm-none-eabi/lib/armv7-m/crt0.o (memset)
c:/program files (x86)/atmel/studio/7.0/toolchain/arm/arm-gnu-toolchain/bin/../lib/gcc/arm-none-eabi/5.3.1/../../../../arm-none-eabi/lib/armv7-m\libc.a(lib_a-puts.o)
                              src/ASF/sam/drivers/adc/adc.o (puts)
c:/program files (x86)/atmel/studio/7.0/toolchain/arm/arm-gnu-toolchain/bin/../lib/gcc/arm-none-eabi/5.3.1/../../../../arm-none-eabi/lib/armv7-m\libc.a(lib_a-setbuf.o)
                              src/UARTSet.o (setbuf)
c:/program files (x86)/atmel/studio/7.0/toolchain/arm/arm-gnu-toolchain/bin/../lib/gcc/arm-none-eabi/5.3.1/../../../../arm-none-eabi/lib/armv7-m\libc.a(lib_a-setvbuf.o)
                              c:/program files (x86)/atmel/studio/7.0/toolchain/arm/arm-gnu-toolchain/bin/../lib/gcc/arm-none-eabi/5.3.1/../../../../arm-none-eabi/lib/armv7-m\libc.a(lib_a-setbuf.o) (setvbuf)
c:/program files (x86)/atmel/studio/7.0/toolchain/arm/arm-gnu-toolchain/bin/../lib/gcc/arm-none-eabi/5.3.1/../../../../arm-none-eabi/lib/armv7-m\libc.a(lib_a-sprintf.o)
                              src/ASF/thirdparty/freertos/freertos-7.3.0/source/tasks.o (sprintf)
c:/program files (x86)/atmel/studio/7.0/toolchain/arm/arm-gnu-toolchain/bin/../lib/gcc/arm-none-eabi/5.3.1/../../../../arm-none-eabi/lib/armv7-m\libc.a(lib_a-strcat.o)
                              src/ASF/thirdparty/freertos/freertos-7.3.0/source/tasks.o (strcat)
c:/program files (x86)/atmel/studio/7.0/toolchain/arm/arm-gnu-toolchain/bin/../lib/gcc/arm-none-eabi/5.3.1/../../../../arm-none-eabi/lib/armv7-m\libc.a(lib_a-strcpy.o)
                              c:/program files (x86)/atmel/studio/7.0/toolchain/arm/arm-gnu-toolchain/bin/../lib/gcc/arm-none-eabi/5.3.1/../../../../arm-none-eabi/lib/armv7-m\libc.a(lib_a-strcat.o) (strcpy)
c:/program files (x86)/atmel/studio/7.0/toolchain/arm/arm-gnu-toolchain/bin/../lib/gcc/arm-none-eabi/5.3.1/../../../../arm-none-eabi/lib/armv7-m\libc.a(lib_a-strlen-stub.o)
                              src/ASF/thirdparty/freertos/freertos-7.3.0/source/FreeRTOS_CLI.o (strlen)
c:/program files (x86)/atmel/studio/7.0/toolchain/arm/arm-gnu-toolchain/bin/../lib/gcc/arm-none-eabi/5.3.1/../../../../arm-none-eabi/lib/armv7-m\libc.a(lib_a-strncmp.o)
                              src/ASF/thirdparty/freertos/freertos-7.3.0/source/FreeRTOS_CLI.o (strncmp)
[...]
Memory Configuration

Name             Origin             Length             Attributes
rom              0x00080000         0x00080000         xr
sram0            0x20000000         0x00010000         xrw
sram1            0x20080000         0x00008000         xrw
ram              0x20070000         0x00018000         xrw
*default*        0x00000000         0xffffffff

Linker script and memory map

LOAD c:/program files (x86)/atmel/studio/7.0/toolchain/arm/arm-gnu-toolchain/bin/../lib/gcc/arm-none-eabi/5.3.1/armv7-m/crti.o
LOAD c:/program files (x86)/atmel/studio/7.0/toolchain/arm/arm-gnu-toolchain/bin/../lib/gcc/arm-none-eabi/5.3.1/armv7-m/crtbegin.o
LOAD c:/program files (x86)/atmel/studio/7.0/toolchain/arm/arm-gnu-toolchain/bin/../lib/gcc/arm-none-eabi/5.3.1/../../../../arm-none-eabi/lib/armv7-m/crt0.o
LOAD src/my_adc.o
LOAD src/ASF/common/services/clock/sam3x/sysclk.o
LOAD src/ASF/common/utils/interrupt/interrupt_sam_nvic.o
LOAD src/ASF/common/utils/stdio/read.o
LOAD src/ASF/sam/boards/arduino_due_x/init.o
LOAD src/ASF/sam/drivers/adc/adc.o
LOAD src/ASF/sam/drivers/pio/pio.o
LOAD src/ASF/sam/drivers/pio/pio_handler.o
LOAD src/ASF/sam/drivers/pmc/pmc.o
LOAD src/ASF/sam/drivers/pmc/sleep.o
LOAD src/ASF/sam/drivers/usart/usart.o
LOAD src/ASF/sam/utils/cmsis/sam3x/source/templates/exceptions.o
LOAD src/ASF/sam/utils/cmsis/sam3x/source/templates/gcc/startup_sam3x.o
LOAD src/ASF/sam/utils/cmsis/sam3x/source/templates/system_sam3x.o
LOAD src/ASF/sam/utils/syscalls/gcc/syscalls.o
LOAD src/ASF/thirdparty/freertos/freertos-7.3.0/source/FreeRTOS_CLI.o
LOAD src/all_variables.o
LOAD src/ReglStyr.o
LOAD src/UARTSet.o
LOAD src/ASF/thirdparty/freertos/freertos-7.3.0/source/list.o
LOAD src/ASF/thirdparty/freertos/freertos-7.3.0/source/portable/gcc/sam/port.o
LOAD src/ASF/thirdparty/freertos/freertos-7.3.0/source/portable/memmang/heap_4.o
LOAD src/ASF/thirdparty/freertos/freertos-7.3.0/source/queue.o
LOAD src/ASF/thirdparty/freertos/freertos-7.3.0/source/tasks.o
LOAD src/ASF/thirdparty/freertos/freertos-7.3.0/source/timers.o
LOAD src/ASF/sam/drivers/adc/adc_sam3u.o
LOAD src/ASF/common/utils/stdio/write.o
LOAD src/ASF/common/services/serial/usart_serial.o
LOAD src/ASF/common/services/delay/sam/cycle_counter.o
LOAD src/ASF/sam/drivers/pwm/pwm.o
LOAD src/ASF/sam/drivers/tc/tc.o
LOAD src/ASF/sam/drivers/uart/uart.o
LOAD src/main.o
START GROUP
LOAD ../src/ASF/thirdparty/CMSIS/Lib/GCC\libarm_cortexM3l_math.a
LOAD c:/program files (x86)/atmel/studio/7.0/toolchain/arm/arm-gnu-toolchain/bin/../lib/gcc/arm-none-eabi/5.3.1/../../../../arm-none-eabi/lib/armv7-m\libm.a
END GROUP
START GROUP
LOAD c:/program files (x86)/atmel/studio/7.0/toolchain/arm/arm-gnu-toolchain/bin/../lib/gcc/arm-none-eabi/5.3.1/armv7-m\libgcc.a
LOAD c:/program files (x86)/atmel/studio/7.0/toolchain/arm/arm-gnu-toolchain/bin/../lib/gcc/arm-none-eabi/5.3.1/../../../../arm-none-eabi/lib/armv7-m\libc.a
END GROUP
LOAD c:/program files (x86)/atmel/studio/7.0/toolchain/arm/arm-gnu-toolchain/bin/../lib/gcc/arm-none-eabi/5.3.1/armv7-m/crtend.o
LOAD c:/program files (x86)/atmel/studio/7.0/toolchain/arm/arm-gnu-toolchain/bin/../lib/gcc/arm-none-eabi/5.3.1/armv7-m/crtn.o
                0x00002000                __stack_size__ = DEFINED (__stack_size__)?__stack_size__:0x2000
                0x20087ffc                __ram_end__ = ((ORIGIN (ram) + LENGTH (ram)) - 0x4)

.text           0x00080000     0x6234
                0x00080000                . = ALIGN (0x4)
                0x00080000                _sfixed = .
 *(.vectors .vectors.*)
 .vectors       0x00080000       0xf4 src/ASF/sam/utils/cmsis/sam3x/source/templates/gcc/startup_sam3x.o
                0x00080000                exception_table
 *(.text .text.* .gnu.linkonce.t.*)
 .text          0x000800f4       0x5c c:/program files (x86)/atmel/studio/7.0/toolchain/arm/arm-gnu-toolchain/bin/../lib/gcc/arm-none-eabi/5.3.1/armv7-m/crtbegin.o
 .text.adc_setup
                0x00080150       0x64 src/my_adc.o
                0x00080150                adc_setup
 .text.sensor_read_adc
                0x000801b4       0x94 src/my_adc.o
                0x000801b4                sensor_read_adc
 .text.sysclk_init
                0x00080248       0x64 src/ASF/common/services/clock/sam3x/sysclk.o
                0x00080248                sysclk_init
 .text._read    0x000802ac       0x3c src/ASF/common/utils/stdio/read.o
                0x000802ac                _read
 .text.board_init
                0x000802e8       0xa0 src/ASF/sam/boards/arduino_due_x/init.o
                0x000802e8                board_init
 .text.adc_init
                0x00080388       0x34 src/ASF/sam/drivers/adc/adc.o
                0x00080388                adc_init
 .text.adc_set_resolution
                0x000803bc       0x10 src/ASF/sam/drivers/adc/adc.o
                0x000803bc                adc_set_resolution
 .text.adc_configure_trigger
                0x000803cc       0x10 src/ASF/sam/drivers/adc/adc.o
                0x000803cc                adc_configure_trigger
 .text.adc_configure_timing
                0x000803dc       0x1c src/ASF/sam/drivers/adc/adc.o
                0x000803dc                adc_configure_timing
 .text.adc_start
                0x000803f8        0x8 src/ASF/sam/drivers/adc/adc.o
                0x000803f8                adc_start
 .text.adc_enable_channel
                0x00080400        0xc src/ASF/sam/drivers/adc/adc.o
                0x00080400                adc_enable_channel
 .text.adc_get_latest_value
                0x0008040c        0x4 src/ASF/sam/drivers/adc/adc.o
                0x0008040c                adc_get_latest_value
 .text.adc_get_status
                0x00080410        0x4 src/ASF/sam/drivers/adc/adc.o
                0x00080410                adc_get_status
 .text.pio_set_peripheral
                0x00080414       0x40 src/ASF/sam/drivers/pio/pio.o
                0x00080414                pio_set_peripheral
 .text.pio_set_input
                0x00080454       0x34 src/ASF/sam/drivers/pio/pio.o
                0x00080454                pio_set_input
 .text.pio_set_output
                0x00080488       0x28 src/ASF/sam/drivers/pio/pio.o
                0x00080488                pio_set_output
 .text.pio_get_interrupt_status
                0x000804b0        0x4 src/ASF/sam/drivers/pio/pio.o
                0x000804b0                pio_get_interrupt_status
 .text.pio_get_interrupt_mask
                0x000804b4        0x4 src/ASF/sam/drivers/pio/pio.o
                0x000804b4                pio_get_interrupt_mask
 .text.pio_configure_pin
                0x000804b8       0xd4 src/ASF/sam/drivers/pio/pio.o
                0x000804b8                pio_configure_pin
 .text.pio_configure_pin_group
                0x0008058c       0xa0 src/ASF/sam/drivers/pio/pio.o
                0x0008058c                pio_configure_pin_group
 .text.pio_handler_process
                0x0008062c       0x50 src/ASF/sam/drivers/pio/pio_handler.o
                0x0008062c                pio_handler_process
 .text.PIOA_Handler
                0x0008067c       0x14 src/ASF/sam/drivers/pio/pio_handler.o
                0x0008067c                PIOA_Handler
 .text.PIOB_Handler
                0x00080690       0x14 src/ASF/sam/drivers/pio/pio_handler.o
                0x00080690                PIOB_Handler
 .text.PIOC_Handler
                0x000806a4       0x14 src/ASF/sam/drivers/pio/pio_handler.o
                0x000806a4                PIOC_Handler
 .text.PIOD_Handler
                0x000806b8       0x14 src/ASF/sam/drivers/pio/pio_handler.o
                0x000806b8                PIOD_Handler
 .text.pmc_switch_mck_to_pllack
                0x000806cc       0x68 src/ASF/sam/drivers/pmc/pmc.o
                0x000806cc                pmc_switch_mck_to_pllack
 .text.pmc_switch_mainck_to_xtal
                0x00080734       0x54 src/ASF/sam/drivers/pmc/pmc.o
                0x00080734                pmc_switch_mainck_to_xtal
 .text.pmc_osc_is_ready_mainck
                0x00080788       0x10 src/ASF/sam/drivers/pmc/pmc.o
                0x00080788                pmc_osc_is_ready_mainck
 .text.pmc_disable_pllack
                0x00080798       0x10 src/ASF/sam/drivers/pmc/pmc.o
                0x00080798                pmc_disable_pllack
 .text.pmc_is_locked_pllack
                0x000807a8       0x10 src/ASF/sam/drivers/pmc/pmc.o
                0x000807a8                pmc_is_locked_pllack
 .text.pmc_enable_periph_clk
                0x000807b8       0x54 src/ASF/sam/drivers/pmc/pmc.o
                0x000807b8                pmc_enable_periph_clk
 .text.usart_write
                0x0008080c       0x14 src/ASF/sam/drivers/usart/usart.o
                0x0008080c                usart_write
 .text.usart_read
                0x00080820       0x18 src/ASF/sam/drivers/usart/usart.o
                0x00080820                usart_read
 .text.Dummy_Handler
                0x00080838        0x4 src/ASF/sam/utils/cmsis/sam3x/source/templates/exceptions.o
                0x00080838                DACC_Handler
                0x00080838                DebugMon_Handler
                0x00080838                DMAC_Handler
                0x00080838                TRNG_Handler
                0x00080838                HardFault_Handler
                0x00080838                TC2_Handler
                0x00080838                USART3_Handler
                0x00080838                TWI1_Handler
                0x00080838                NMI_Handler
                0x00080838                TC7_Handler
                0x00080838                ADC_Handler
                0x00080838                SMC_Handler
                0x00080838                USART0_Handler
                0x00080838                RTT_Handler
                0x00080838                EFC1_Handler
                0x00080838                RTC_Handler
                0x00080838                UsageFault_Handler
                0x00080838                TC6_Handler
                0x00080838                WDT_Handler
                0x00080838                CAN0_Handler
                0x00080838                TC4_Handler
                0x00080838                TC1_Handler
                0x00080838                HSMCI_Handler
                0x00080838                TC3_Handler
                0x00080838                Dummy_Handler
                0x00080838                TWI0_Handler
                0x00080838                USART1_Handler
                0x00080838                SSC_Handler
                0x00080838                EFC0_Handler
                0x00080838                PMC_Handler
                0x00080838                PWM_Handler
                0x00080838                CAN1_Handler
                0x00080838                MemManage_Handler
                0x00080838                SUPC_Handler
                0x00080838                TC8_Handler
                0x00080838                USART2_Handler
                0x00080838                EMAC_Handler
                0x00080838                UART_Handler
                0x00080838                BusFault_Handler
                0x00080838                RSTC_Handler
                0x00080838                TC0_Handler
                0x00080838                TC5_Handler
                0x00080838                UOTGHS_Handler
                0x00080838                SPI0_Handler
 .text.Reset_Handler
                0x0008083c       0xac src/ASF/sam/utils/cmsis/sam3x/source/templates/gcc/startup_sam3x.o
                0x0008083c                Reset_Handler
 .text.SystemCoreClockUpdate
                0x000808e8      0x11c src/ASF/sam/utils/cmsis/sam3x/source/templates/system_sam3x.o
                0x000808e8                SystemCoreClockUpdate
 .text._sbrk    0x00080a04       0x34 src/ASF/sam/utils/syscalls/gcc/syscalls.o
                0x00080a04                _sbrk
 .text._close   0x00080a38        0x8 src/ASF/sam/utils/syscalls/gcc/syscalls.o
                0x00080a38                _close
 .text._fstat   0x00080a40        0xc src/ASF/sam/utils/syscalls/gcc/syscalls.o
                0x00080a40                _fstat
 .text._isatty  0x00080a4c        0x4 src/ASF/sam/utils/syscalls/gcc/syscalls.o
                0x00080a4c                _isatty
 .text._lseek   0x00080a50        0x4 src/ASF/sam/utils/syscalls/gcc/syscalls.o
                0x00080a50                _lseek
 .text.setup_pwm
                0x00080a54       0x74 src/ReglStyr.o
                0x00080a54                setup_pwm
 .text.duty_cycle_pwm
                0x00080ac8       0x1c src/ReglStyr.o
                0x00080ac8                duty_cycle_pwm
 .text.task_pid
                0x00080ae4       0xe0 src/ReglStyr.o
                0x00080ae4                task_pid
 .text.usart_serial_getchar
                0x00080bc4       0xa8 src/UARTSet.o
 .text.usart_serial_putchar
                0x00080c6c       0x9c src/UARTSet.o
 .text.configure_console
                0x00080d08       0x98 src/UARTSet.o
                0x00080d08                configure_console
 .text.getPIDValues
                0x00080da0      0x168 src/UARTSet.o
                0x00080da0                getPIDValues
 .text.ComTask  0x00080f08       0x94 src/UARTSet.o
                0x00080f08                ComTask
 .text.vListInitialise
                0x00080f9c       0x18 src/ASF/thirdparty/freertos/freertos-7.3.0/source/list.o
                0x00080f9c                vListInitialise
 .text.vListInitialiseItem
                0x00080fb4        0x8 src/ASF/thirdparty/freertos/freertos-7.3.0/source/list.o
                0x00080fb4                vListInitialiseItem
 .text.vListInsertEnd
                0x00080fbc       0x1c src/ASF/thirdparty/freertos/freertos-7.3.0/source/list.o
                0x00080fbc                vListInsertEnd
 .text.vListInsert
                0x00080fd8       0x40 src/ASF/thirdparty/freertos/freertos-7.3.0/source/list.o
                0x00080fd8                vListInsert
 .text.uxListRemove
                0x00081018       0x28 src/ASF/thirdparty/freertos/freertos-7.3.0/source/list.o
                0x00081018                uxListRemove
 .text.prvPortStartFirstTask
                0x00081040       0x14 src/ASF/thirdparty/freertos/freertos-7.3.0/source/portable/gcc/sam/port.o
 .text.pxPortInitialiseStack
                0x00081054       0x1c src/ASF/thirdparty/freertos/freertos-7.3.0/source/portable/gcc/sam/port.o
                0x00081054                pxPortInitialiseStack
 .text.SVC_Handler
                0x00081070       0x20 src/ASF/thirdparty/freertos/freertos-7.3.0/source/portable/gcc/sam/port.o
                0x00081070                SVC_Handler
 .text.vPortYieldFromISR
                0x00081090       0x10 src/ASF/thirdparty/freertos/freertos-7.3.0/source/portable/gcc/sam/port.o
                0x00081090                vPortYieldFromISR
 .text.ulPortSetInterruptMask
                0x000810a0       0x10 src/ASF/thirdparty/freertos/freertos-7.3.0/source/portable/gcc/sam/port.o
                0x000810a0                ulPortSetInterruptMask
 .text.vPortEnterCritical
                0x000810b0       0x18 src/ASF/thirdparty/freertos/freertos-7.3.0/source/portable/gcc/sam/port.o
                0x000810b0                vPortEnterCritical
 .text.vPortClearInterruptMask
                0x000810c8        0x8 src/ASF/thirdparty/freertos/freertos-7.3.0/source/portable/gcc/sam/port.o
                0x000810c8                vPortClearInterruptMask
 .text.vPortExitCritical
                0x000810d0       0x1c src/ASF/thirdparty/freertos/freertos-7.3.0/source/portable/gcc/sam/port.o
                0x000810d0                vPortExitCritical
 .text.PendSV_Handler
                0x000810ec       0x3c src/ASF/thirdparty/freertos/freertos-7.3.0/source/portable/gcc/sam/port.o
                0x000810ec                PendSV_Handler
 .text.SysTick_Handler
                0x00081128       0x2c src/ASF/thirdparty/freertos/freertos-7.3.0/source/portable/gcc/sam/port.o
                0x00081128                SysTick_Handler
 .text.vPortSetupTimerInterrupt
                0x00081154       0x18 src/ASF/thirdparty/freertos/freertos-7.3.0/source/portable/gcc/sam/port.o
                0x00081154                vPortSetupTimerInterrupt
 .text.xPortStartScheduler
                0x0008116c       0x38 src/ASF/thirdparty/freertos/freertos-7.3.0/source/portable/gcc/sam/port.o
                0x0008116c                xPortStartScheduler
 .text.prvInsertBlockIntoFreeList
                0x000811a4       0x54 src/ASF/thirdparty/freertos/freertos-7.3.0/source/portable/memmang/heap_4.o
 .text.pvPortMalloc
                0x000811f8       0xc8 src/ASF/thirdparty/freertos/freertos-7.3.0/source/portable/memmang/heap_4.o
                0x000811f8                pvPortMalloc
 .text.vPortFree
                0x000812c0       0x38 src/ASF/thirdparty/freertos/freertos-7.3.0/source/portable/memmang/heap_4.o
                0x000812c0                vPortFree
 .text.prvCopyDataToQueue
                0x000812f8       0x64 src/ASF/thirdparty/freertos/freertos-7.3.0/source/queue.o
 .text.prvCopyDataFromQueue
                0x0008135c       0x28 src/ASF/thirdparty/freertos/freertos-7.3.0/source/queue.o
 .text.prvUnlockQueue
                0x00081384       0x90 src/ASF/thirdparty/freertos/freertos-7.3.0/source/queue.o
 .text.xQueueGenericReset
                0x00081414       0x7c src/ASF/thirdparty/freertos/freertos-7.3.0/source/queue.o
                0x00081414                xQueueGenericReset
 .text.xQueueGenericCreate
                0x00081490       0x58 src/ASF/thirdparty/freertos/freertos-7.3.0/source/queue.o
                0x00081490                xQueueGenericCreate
 .text.xQueueGenericSend
                0x000814e8      0x128 src/ASF/thirdparty/freertos/freertos-7.3.0/source/queue.o
                0x000814e8                xQueueGenericSend
 .text.xQueueGenericSendFromISR
                0x00081610       0x90 src/ASF/thirdparty/freertos/freertos-7.3.0/source/queue.o
                0x00081610                xQueueGenericSendFromISR
 .text.xQueueGenericReceive
                0x000816a0      0x164 src/ASF/thirdparty/freertos/freertos-7.3.0/source/queue.o
                0x000816a0                xQueueGenericReceive
 .text.vQueueWaitForMessageRestricted
                0x00081804       0x4c src/ASF/thirdparty/freertos/freertos-7.3.0/source/queue.o
                0x00081804                vQueueWaitForMessageRestricted
 .text.prvAddCurrentTaskToDelayedList
                0x00081850       0x5c src/ASF/thirdparty/freertos/freertos-7.3.0/source/tasks.o
 .text.xTaskGenericCreate
                0x000818ac      0x204 src/ASF/thirdparty/freertos/freertos-7.3.0/source/tasks.o
                0x000818ac                xTaskGenericCreate
 .text.vTaskStartScheduler
                0x00081ab0       0x6c src/ASF/thirdparty/freertos/freertos-7.3.0/source/tasks.o
                0x00081ab0                vTaskStartScheduler
 .text.vTaskSuspendAll
                0x00081b1c       0x10 src/ASF/thirdparty/freertos/freertos-7.3.0/source/tasks.o
                0x00081b1c                vTaskSuspendAll
 .text.xTaskGetTickCount
                0x00081b2c       0x20 src/ASF/thirdparty/freertos/freertos-7.3.0/source/tasks.o
                0x00081b2c                xTaskGetTickCount
 .text.vTaskIncrementTick
                0x00081b4c      0x12c src/ASF/thirdparty/freertos/freertos-7.3.0/source/tasks.o
                0x00081b4c                vTaskIncrementTick
 .text.xTaskResumeAll
                0x00081c78      0x104 src/ASF/thirdparty/freertos/freertos-7.3.0/source/tasks.o
                0x00081c78                xTaskResumeAll
 .text.vTaskDelayUntil
                0x00081d7c       0x98 src/ASF/thirdparty/freertos/freertos-7.3.0/source/tasks.o
                0x00081d7c                vTaskDelayUntil
 .text.vTaskDelay
                0x00081e14       0x4c src/ASF/thirdparty/freertos/freertos-7.3.0/source/tasks.o
                0x00081e14                vTaskDelay
 .text.prvIdleTask
                0x00081e60       0x84 src/ASF/thirdparty/freertos/freertos-7.3.0/source/tasks.o
 .text.vTaskSwitchContext
                0x00081ee4       0xa4 src/ASF/thirdparty/freertos/freertos-7.3.0/source/tasks.o
                0x00081ee4                vTaskSwitchContext
 .text.vTaskPlaceOnEventList
                0x00081f88       0x64 src/ASF/thirdparty/freertos/freertos-7.3.0/source/tasks.o
                0x00081f88                vTaskPlaceOnEventList
 .text.vTaskPlaceOnEventListRestricted
                0x00081fec       0x48 src/ASF/thirdparty/freertos/freertos-7.3.0/source/tasks.o
                0x00081fec                vTaskPlaceOnEventListRestricted
 .text.xTaskRemoveFromEventList
                0x00082034       0x84 src/ASF/thirdparty/freertos/freertos-7.3.0/source/tasks.o
                0x00082034                xTaskRemoveFromEventList
 .text.vTaskSetTimeOutState
                0x000820b8       0x28 src/ASF/thirdparty/freertos/freertos-7.3.0/source/tasks.o
                0x000820b8                vTaskSetTimeOutState
 .text.xTaskCheckForTimeOut
                0x000820e0       0x8c src/ASF/thirdparty/freertos/freertos-7.3.0/source/tasks.o
                0x000820e0                xTaskCheckForTimeOut
 .text.vTaskMissedYield
                0x0008216c        0xc src/ASF/thirdparty/freertos/freertos-7.3.0/source/tasks.o
                0x0008216c                vTaskMissedYield
 .text.xTaskGetCurrentTaskHandle
                0x00082178        0xc src/ASF/thirdparty/freertos/freertos-7.3.0/source/tasks.o
                0x00082178                xTaskGetCurrentTaskHandle
 .text.xTaskGetSchedulerState
                0x00082184       0x20 src/ASF/thirdparty/freertos/freertos-7.3.0/source/tasks.o
                0x00082184                xTaskGetSchedulerState
 .text.vTaskPriorityInherit
                0x000821a4       0x80 src/ASF/thirdparty/freertos/freertos-7.3.0/source/tasks.o
                0x000821a4                vTaskPriorityInherit
 .text.vTaskPriorityDisinherit
                0x00082224       0x50 src/ASF/thirdparty/freertos/freertos-7.3.0/source/tasks.o
                0x00082224                vTaskPriorityDisinherit
 .text.prvInsertTimerInActiveList
                0x00082274       0x4c src/ASF/thirdparty/freertos/freertos-7.3.0/source/timers.o
 .text.prvCheckForValidListAndQueue
                0x000822c0       0x5c src/ASF/thirdparty/freertos/freertos-7.3.0/source/timers.o
 .text.xTimerCreateTimerTask
                0x0008231c       0x4c src/ASF/thirdparty/freertos/freertos-7.3.0/source/timers.o
                0x0008231c                xTimerCreateTimerTask
 .text.xTimerGenericCommand
                0x00082368       0x58 src/ASF/thirdparty/freertos/freertos-7.3.0/source/timers.o
                0x00082368                xTimerGenericCommand
 .text.prvSampleTimeNow
                0x000823c0       0xb8 src/ASF/thirdparty/freertos/freertos-7.3.0/source/timers.o
 .text.prvTimerTask
                0x00082478      0x180 src/ASF/thirdparty/freertos/freertos-7.3.0/source/timers.o
 .text._write   0x000825f8       0x50 src/ASF/common/utils/stdio/write.o
                0x000825f8                _write
 .text.pwm_clocks_generate
                0x00082648       0x54 src/ASF/sam/drivers/pwm/pwm.o
 .text.pwm_init
                0x0008269c       0x4c src/ASF/sam/drivers/pwm/pwm.o
                0x0008269c                pwm_init
 .text.pwm_channel_init
                0x000826e8      0x108 src/ASF/sam/drivers/pwm/pwm.o
                0x000826e8                pwm_channel_init
 .text.pwm_channel_update_duty
                0x000827f0       0x1c src/ASF/sam/drivers/pwm/pwm.o
                0x000827f0                pwm_channel_update_duty
 .text.pwm_channel_enable
                0x0008280c        0xc src/ASF/sam/drivers/pwm/pwm.o
                0x0008280c                pwm_channel_enable
 .text.pwm_channel_disable
                0x00082818        0xc src/ASF/sam/drivers/pwm/pwm.o
                0x00082818                pwm_channel_disable
 .text.uart_init
                0x00082824       0x38 src/ASF/sam/drivers/uart/uart.o
                0x00082824                uart_init
 .text.uart_is_rx_ready
                0x0008285c        0x8 src/ASF/sam/drivers/uart/uart.o
                0x0008285c                uart_is_rx_ready
 .text.uart_write
                0x00082864       0x10 src/ASF/sam/drivers/uart/uart.o
                0x00082864                uart_write
 .text.uart_read
                0x00082874       0x14 src/ASF/sam/drivers/uart/uart.o
                0x00082874                uart_read
 .text.main     0x00082888       0xdc src/main.o
                0x00082888                main
 .text          0x00082964      0x370 c:/program files (x86)/atmel/studio/7.0/toolchain/arm/arm-gnu-toolchain/bin/../lib/gcc/arm-none-eabi/5.3.1/armv7-m\libgcc.a(_arm_addsubdf3.o)
                0x00082964                __aeabi_drsub
                0x0008296c                __aeabi_dsub
                0x0008296c                __subdf3
                0x00082970                __aeabi_dadd
                0x00082970                __adddf3
                0x00082be8                __floatunsidf
                0x00082be8                __aeabi_ui2d
                0x00082c08                __floatsidf
                0x00082c08                __aeabi_i2d
                0x00082c2c                __aeabi_f2d
                0x00082c2c                __extendsfdf2
                0x00082c68                __floatundidf
                0x00082c68                __aeabi_ul2d
                0x00082c78                __floatdidf
                0x00082c78                __aeabi_l2d
 .text          0x00082cd4      0x424 c:/program files (x86)/atmel/studio/7.0/toolchain/arm/arm-gnu-toolchain/bin/../lib/gcc/arm-none-eabi/5.3.1/armv7-m\libgcc.a(_arm_muldivdf3.o)
                0x00082cd4                __aeabi_dmul
                0x00082cd4                __muldf3
                0x00082f28                __divdf3
                0x00082f28                __aeabi_ddiv
 .text          0x000830f8       0x50 c:/program files (x86)/atmel/studio/7.0/toolchain/arm/arm-gnu-toolchain/bin/../lib/gcc/arm-none-eabi/5.3.1/armv7-m\libgcc.a(_arm_fixdfsi.o)
                0x000830f8                __aeabi_d2iz
                0x000830f8                __fixdfsi
 .text.__libc_init_array
                0x00083148       0x50 c:/program files (x86)/atmel/studio/7.0/toolchain/arm/arm-gnu-toolchain/bin/../lib/gcc/arm-none-eabi/5.3.1/../../../../arm-none-eabi/lib/armv7-m\libc.a(lib_a-init.o)
                0x00083148                __libc_init_array
 .text.iprintf  0x00083198       0x28 c:/program files (x86)/atmel/studio/7.0/toolchain/arm/arm-gnu-toolchain/bin/../lib/gcc/arm-none-eabi/5.3.1/../../../../arm-none-eabi/lib/armv7-m\libc.a(lib_a-iprintf.o)
                0x00083198                iprintf
 .text          0x000831c0       0xec c:/program files (x86)/atmel/studio/7.0/toolchain/arm/arm-gnu-toolchain/bin/../lib/gcc/arm-none-eabi/5.3.1/../../../../arm-none-eabi/lib/armv7-m\libc.a(lib_a-memcpy.o)
                0x000831c0                memcpy
 .text.memset   0x000832ac       0x9c c:/program files (x86)/atmel/studio/7.0/toolchain/arm/arm-gnu-toolchain/bin/../lib/gcc/arm-none-eabi/5.3.1/../../../../arm-none-eabi/lib/armv7-m\libc.a(lib_a-memset.o)
                0x000832ac                memset
 .text.setbuf   0x00083348       0x10 c:/program files (x86)/atmel/studio/7.0/toolchain/arm/arm-gnu-toolchain/bin/../lib/gcc/arm-none-eabi/5.3.1/../../../../arm-none-eabi/lib/armv7-m\libc.a(lib_a-setbuf.o)
                0x00083348                setbuf
 .text.setvbuf  0x00083358      0x150 c:/program files (x86)/atmel/studio/7.0/toolchain/arm/arm-gnu-toolchain/bin/../lib/gcc/arm-none-eabi/5.3.1/../../../../arm-none-eabi/lib/armv7-m\libc.a(lib_a-setvbuf.o)
                0x00083358                setvbuf
 .text.strlen   0x000834a8       0x5c c:/program files (x86)/atmel/studio/7.0/toolchain/arm/arm-gnu-toolchain/bin/../lib/gcc/arm-none-eabi/5.3.1/../../../../arm-none-eabi/lib/armv7-m\libc.a(lib_a-strlen-stub.o)
                0x000834a8                strlen
 .text.strncpy  0x00083504       0x68 c:/program files (x86)/atmel/studio/7.0/toolchain/arm/arm-gnu-toolchain/bin/../lib/gcc/arm-none-eabi/5.3.1/../../../../arm-none-eabi/lib/armv7-m\libc.a(lib_a-strncpy.o)
                0x00083504                strncpy
 .text.__sprint_r.part.0
                0x0008356c       0x78 c:/program files (x86)/atmel/studio/7.0/toolchain/arm/arm-gnu-toolchain/bin/../lib/gcc/arm-none-eabi/5.3.1/../../../../arm-none-eabi/lib/armv7-m\libc.a(lib_a-vfiprintf.o)
 .text._vfiprintf_r
                0x000835e4      0xde8 c:/program files (x86)/atmel/studio/7.0/toolchain/arm/arm-gnu-toolchain/bin/../lib/gcc/arm-none-eabi/5.3.1/../../../../arm-none-eabi/lib/armv7-m\libc.a(lib_a-vfiprintf.o)
                0x000835e4                _vfiprintf_r
 .text.__sbprintf
                0x000843cc       0x6c c:/program files (x86)/atmel/studio/7.0/toolchain/arm/arm-gnu-toolchain/bin/../lib/gcc/arm-none-eabi/5.3.1/../../../../arm-none-eabi/lib/armv7-m\libc.a(lib_a-vfiprintf.o)
 .text.__swsetup_r
                0x00084438       0xc8 c:/program files (x86)/atmel/studio/7.0/toolchain/arm/arm-gnu-toolchain/bin/../lib/gcc/arm-none-eabi/5.3.1/../../../../arm-none-eabi/lib/armv7-m\libc.a(lib_a-wsetup.o)
                0x00084438                __swsetup_r
 .text.startup.register_fini
                0x00084500       0x14 c:/program files (x86)/atmel/studio/7.0/toolchain/arm/arm-gnu-toolchain/bin/../lib/gcc/arm-none-eabi/5.3.1/../../../../arm-none-eabi/lib/armv7-m\libc.a(lib_a-__call_atexit.o)
 .text.atexit   0x00084514        0xc c:/program files (x86)/atmel/studio/7.0/toolchain/arm/arm-gnu-toolchain/bin/../lib/gcc/arm-none-eabi/5.3.1/../../../../arm-none-eabi/lib/armv7-m\libc.a(lib_a-atexit.o)
                0x00084514                atexit
 .text.__sflush_r
                0x00084520      0x148 c:/program files (x86)/atmel/studio/7.0/toolchain/arm/arm-gnu-toolchain/bin/../lib/gcc/arm-none-eabi/5.3.1/../../../../arm-none-eabi/lib/armv7-m\libc.a(lib_a-fflush.o)
                0x00084520                __sflush_r
 .text._fflush_r
                0x00084668       0x2c c:/program files (x86)/atmel/studio/7.0/toolchain/arm/arm-gnu-toolchain/bin/../lib/gcc/arm-none-eabi/5.3.1/../../../../arm-none-eabi/lib/armv7-m\libc.a(lib_a-fflush.o)
                0x00084668                _fflush_r
 .text._cleanup_r
                0x00084694        0xc c:/program files (x86)/atmel/studio/7.0/toolchain/arm/arm-gnu-toolchain/bin/../lib/gcc/arm-none-eabi/5.3.1/../../../../arm-none-eabi/lib/armv7-m\libc.a(lib_a-findfp.o)
                0x00084694                _cleanup_r
 .text.__sinit.part.1
                0x000846a0       0xf0 c:/program files (x86)/atmel/studio/7.0/toolchain/arm/arm-gnu-toolchain/bin/../lib/gcc/arm-none-eabi/5.3.1/../../../../arm-none-eabi/lib/armv7-m\libc.a(lib_a-findfp.o)
 .text.__sinit  0x00084790        0xc c:/program files (x86)/atmel/studio/7.0/toolchain/arm/arm-gnu-toolchain/bin/../lib/gcc/arm-none-eabi/5.3.1/../../../../arm-none-eabi/lib/armv7-m\libc.a(lib_a-findfp.o)
                0x00084790                __sinit
 .text.__sfp_lock_acquire
                0x0008479c        0x4 c:/program files (x86)/atmel/studio/7.0/toolchain/arm/arm-gnu-toolchain/bin/../lib/gcc/arm-none-eabi/5.3.1/../../../../arm-none-eabi/lib/armv7-m\libc.a(lib_a-findfp.o)
                0x0008479c                __sfp_lock_acquire
 .text.__sfp_lock_release
                0x000847a0        0x4 c:/program files (x86)/atmel/studio/7.0/toolchain/arm/arm-gnu-toolchain/bin/../lib/gcc/arm-none-eabi/5.3.1/../../../../arm-none-eabi/lib/armv7-m\libc.a(lib_a-findfp.o)
                0x000847a0                __sfp_lock_release
 .text.__libc_fini_array
                0x000847a4       0x28 c:/program files (x86)/atmel/studio/7.0/toolchain/arm/arm-gnu-toolchain/bin/../lib/gcc/arm-none-eabi/5.3.1/../../../../arm-none-eabi/lib/armv7-m\libc.a(lib_a-fini.o)
                0x000847a4                __libc_fini_array
 .text.__fputwc
                0x000847cc       0x94 c:/program files (x86)/atmel/studio/7.0/toolchain/arm/arm-gnu-toolchain/bin/../lib/gcc/arm-none-eabi/5.3.1/../../../../arm-none-eabi/lib/armv7-m\libc.a(lib_a-fputwc.o)
                0x000847cc                __fputwc
 .text._fputwc_r
                0x00084860       0x24 c:/program files (x86)/atmel/studio/7.0/toolchain/arm/arm-gnu-toolchain/bin/../lib/gcc/arm-none-eabi/5.3.1/../../../../arm-none-eabi/lib/armv7-m\libc.a(lib_a-fputwc.o)
                0x00084860                _fputwc_r
 .text._malloc_trim_r
                0x00084884       0x9c c:/program files (x86)/atmel/studio/7.0/toolchain/arm/arm-gnu-toolchain/bin/../lib/gcc/arm-none-eabi/5.3.1/../../../../arm-none-eabi/lib/armv7-m\libc.a(lib_a-freer.o)
                0x00084884                _malloc_trim_r
 .text._free_r  0x00084920      0x1d0 c:/program files (x86)/atmel/studio/7.0/toolchain/arm/arm-gnu-toolchain/bin/../lib/gcc/arm-none-eabi/5.3.1/../../../../arm-none-eabi/lib/armv7-m\libc.a(lib_a-freer.o)
                0x00084920                _free_r
 .text.__sfvwrite_r
                0x00084af0      0x308 c:/program files (x86)/atmel/studio/7.0/toolchain/arm/arm-gnu-toolchain/bin/../lib/gcc/arm-none-eabi/5.3.1/../../../../arm-none-eabi/lib/armv7-m\libc.a(lib_a-fvwrite.o)
                0x00084af0                __sfvwrite_r
 .text._fwalk_reent
                0x00084df8       0x50 c:/program files (x86)/atmel/studio/7.0/toolchain/arm/arm-gnu-toolchain/bin/../lib/gcc/arm-none-eabi/5.3.1/../../../../arm-none-eabi/lib/armv7-m\libc.a(lib_a-fwalk.o)
                0x00084df8                _fwalk_reent
 .text.__locale_charset
                0x00084e48        0x8 c:/program files (x86)/atmel/studio/7.0/toolchain/arm/arm-gnu-toolchain/bin/../lib/gcc/arm-none-eabi/5.3.1/../../../../arm-none-eabi/lib/armv7-m\libc.a(lib_a-locale.o)
                0x00084e48                __locale_charset
 .text.__locale_mb_cur_max
                0x00084e50        0xc c:/program files (x86)/atmel/studio/7.0/toolchain/arm/arm-gnu-toolchain/bin/../lib/gcc/arm-none-eabi/5.3.1/../../../../arm-none-eabi/lib/armv7-m\libc.a(lib_a-locale.o)
                0x00084e50                __locale_mb_cur_max
 .text.__swhatbuf_r
                0x00084e5c       0x60 c:/program files (x86)/atmel/studio/7.0/toolchain/arm/arm-gnu-toolchain/bin/../lib/gcc/arm-none-eabi/5.3.1/../../../../arm-none-eabi/lib/armv7-m\libc.a(lib_a-makebuf.o)
                0x00084e5c                __swhatbuf_r
 .text.__smakebuf_r
                0x00084ebc       0x88 c:/program files (x86)/atmel/studio/7.0/toolchain/arm/arm-gnu-toolchain/bin/../lib/gcc/arm-none-eabi/5.3.1/../../../../arm-none-eabi/lib/armv7-m\libc.a(lib_a-makebuf.o)
                0x00084ebc                __smakebuf_r
 .text.malloc   0x00084f44       0x10 c:/program files (x86)/atmel/studio/7.0/toolchain/arm/arm-gnu-toolchain/bin/../lib/gcc/arm-none-eabi/5.3.1/../../../../arm-none-eabi/lib/armv7-m\libc.a(lib_a-malloc.o)
                0x00084f44                malloc
 .text._malloc_r
                0x00084f54      0x558 c:/program files (x86)/atmel/studio/7.0/toolchain/arm/arm-gnu-toolchain/bin/../lib/gcc/arm-none-eabi/5.3.1/../../../../arm-none-eabi/lib/armv7-m\libc.a(lib_a-mallocr.o)
                0x00084f54                _malloc_r
 .text.memchr   0x000854ac       0x8c c:/program files (x86)/atmel/studio/7.0/toolchain/arm/arm-gnu-toolchain/bin/../lib/gcc/arm-none-eabi/5.3.1/../../../../arm-none-eabi/lib/armv7-m\libc.a(lib_a-memchr-stub.o)
                0x000854ac                memchr
 .text.memmove  0x00085538       0xc8 c:/program files (x86)/atmel/studio/7.0/toolchain/arm/arm-gnu-toolchain/bin/../lib/gcc/arm-none-eabi/5.3.1/../../../../arm-none-eabi/lib/armv7-m\libc.a(lib_a-memmove.o)
                0x00085538                memmove
 .text.__malloc_lock
                0x00085600        0x4 c:/program files (x86)/atmel/studio/7.0/toolchain/arm/arm-gnu-toolchain/bin/../lib/gcc/arm-none-eabi/5.3.1/../../../../arm-none-eabi/lib/armv7-m\libc.a(lib_a-mlock.o)
                0x00085600                __malloc_lock
 .text.__malloc_unlock
                0x00085604        0x4 c:/program files (x86)/atmel/studio/7.0/toolchain/arm/arm-gnu-toolchain/bin/../lib/gcc/arm-none-eabi/5.3.1/../../../../arm-none-eabi/lib/armv7-m\libc.a(lib_a-mlock.o)
                0x00085604                __malloc_unlock
 .text._realloc_r
                0x00085608      0x3d4 c:/program files (x86)/atmel/studio/7.0/toolchain/arm/arm-gnu-toolchain/bin/../lib/gcc/arm-none-eabi/5.3.1/../../../../arm-none-eabi/lib/armv7-m\libc.a(lib_a-reallocr.o)
                0x00085608                _realloc_r
 .text._sbrk_r  0x000859dc       0x24 c:/program files (x86)/atmel/studio/7.0/toolchain/arm/arm-gnu-toolchain/bin/../lib/gcc/arm-none-eabi/5.3.1/../../../../arm-none-eabi/lib/armv7-m\libc.a(lib_a-sbrkr.o)
                0x000859dc                _sbrk_r
 .text.__sread  0x00085a00       0x24 c:/program files (x86)/atmel/studio/7.0/toolchain/arm/arm-gnu-toolchain/bin/../lib/gcc/arm-none-eabi/5.3.1/../../../../arm-none-eabi/lib/armv7-m\libc.a(lib_a-stdio.o)
                0x00085a00                __sread
 .text.__swrite
                0x00085a24       0x3c c:/program files (x86)/atmel/studio/7.0/toolchain/arm/arm-gnu-toolchain/bin/../lib/gcc/arm-none-eabi/5.3.1/../../../../arm-none-eabi/lib/armv7-m\libc.a(lib_a-stdio.o)
                0x00085a24                __swrite
 .text.__sseek  0x00085a60       0x20 c:/program files (x86)/atmel/studio/7.0/toolchain/arm/arm-gnu-toolchain/bin/../lib/gcc/arm-none-eabi/5.3.1/../../../../arm-none-eabi/lib/armv7-m\libc.a(lib_a-stdio.o)
                0x00085a60                __sseek
 .text.__sclose
                0x00085a80        0x8 c:/program files (x86)/atmel/studio/7.0/toolchain/arm/arm-gnu-toolchain/bin/../lib/gcc/arm-none-eabi/5.3.1/../../../../arm-none-eabi/lib/armv7-m\libc.a(lib_a-stdio.o)
                0x00085a80                __sclose
 .text.__swbuf_r
                0x00085a88       0xac c:/program files (x86)/atmel/studio/7.0/toolchain/arm/arm-gnu-toolchain/bin/../lib/gcc/arm-none-eabi/5.3.1/../../../../arm-none-eabi/lib/armv7-m\libc.a(lib_a-wbuf.o)
                0x00085a88                __swbuf_r
 .text._wcrtomb_r
                0x00085b34       0x54 c:/program files (x86)/atmel/studio/7.0/toolchain/arm/arm-gnu-toolchain/bin/../lib/gcc/arm-none-eabi/5.3.1/../../../../arm-none-eabi/lib/armv7-m\libc.a(lib_a-wcrtomb.o)
                0x00085b34                _wcrtomb_r
 .text.__ascii_wctomb
                0x00085b88       0x1c c:/program files (x86)/atmel/studio/7.0/toolchain/arm/arm-gnu-toolchain/bin/../lib/gcc/arm-none-eabi/5.3.1/../../../../arm-none-eabi/lib/armv7-m\libc.a(lib_a-wctomb_r.o)
                0x00085b88                __ascii_wctomb
 .text._write_r
                0x00085ba4       0x2c c:/program files (x86)/atmel/studio/7.0/toolchain/arm/arm-gnu-toolchain/bin/../lib/gcc/arm-none-eabi/5.3.1/../../../../arm-none-eabi/lib/armv7-m\libc.a(lib_a-writer.o)
                0x00085ba4                _write_r
 .text.__register_exitproc
                0x00085bd0       0xa4 c:/program files (x86)/atmel/studio/7.0/toolchain/arm/arm-gnu-toolchain/bin/../lib/gcc/arm-none-eabi/5.3.1/../../../../arm-none-eabi/lib/armv7-m\libc.a(lib_a-__atexit.o)
                0x00085bd0                __register_exitproc
 .text._close_r
                0x00085c74       0x24 c:/program files (x86)/atmel/studio/7.0/toolchain/arm/arm-gnu-toolchain/bin/../lib/gcc/arm-none-eabi/5.3.1/../../../../arm-none-eabi/lib/armv7-m\libc.a(lib_a-closer.o)
                0x00085c74                _close_r
 .text._fclose_r
                0x00085c98       0x84 c:/program files (x86)/atmel/studio/7.0/toolchain/arm/arm-gnu-toolchain/bin/../lib/gcc/arm-none-eabi/5.3.1/../../../../arm-none-eabi/lib/armv7-m\libc.a(lib_a-fclose.o)
                0x00085c98                _fclose_r
 .text._fstat_r
                0x00085d1c       0x28 c:/program files (x86)/atmel/studio/7.0/toolchain/arm/arm-gnu-toolchain/bin/../lib/gcc/arm-none-eabi/5.3.1/../../../../arm-none-eabi/lib/armv7-m\libc.a(lib_a-fstatr.o)
                0x00085d1c                _fstat_r
 .text._isatty_r
                0x00085d44       0x24 c:/program files (x86)/atmel/studio/7.0/toolchain/arm/arm-gnu-toolchain/bin/../lib/gcc/arm-none-eabi/5.3.1/../../../../arm-none-eabi/lib/armv7-m\libc.a(lib_a-isattyr.o)
                0x00085d44                _isatty_r
 .text._lseek_r
                0x00085d68       0x2c c:/program files (x86)/atmel/studio/7.0/toolchain/arm/arm-gnu-toolchain/bin/../lib/gcc/arm-none-eabi/5.3.1/../../../../arm-none-eabi/lib/armv7-m\libc.a(lib_a-lseekr.o)
                0x00085d68                _lseek_r
 .text._read_r  0x00085d94       0x2c c:/program files (x86)/atmel/studio/7.0/toolchain/arm/arm-gnu-toolchain/bin/../lib/gcc/arm-none-eabi/5.3.1/../../../../arm-none-eabi/lib/armv7-m\libc.a(lib_a-readr.o)
                0x00085d94                _read_r
 .text          0x00085dc0       0x30 c:/program files (x86)/atmel/studio/7.0/toolchain/arm/arm-gnu-toolchain/bin/../lib/gcc/arm-none-eabi/5.3.1/armv7-m\libgcc.a(_aeabi_uldivmod.o)
                0x00085dc0                __aeabi_uldivmod
 .text          0x00085df0      0x2ec c:/program files (x86)/atmel/studio/7.0/toolchain/arm/arm-gnu-toolchain/bin/../lib/gcc/arm-none-eabi/5.3.1/armv7-m\libgcc.a(_udivmoddi4.o)
                0x00085df0                __udivmoddi4
 .text          0x000860dc        0x4 c:/program files (x86)/atmel/studio/7.0/toolchain/arm/arm-gnu-toolchain/bin/../lib/gcc/arm-none-eabi/5.3.1/armv7-m\libgcc.a(_dvmd_tls.o)
                0x000860dc                __aeabi_idiv0
                0x000860dc                __aeabi_ldiv0
 *(.glue_7t)
 .glue_7t       0x000860e0        0x0 linker stubs
 *(.glue_7)
 .glue_7        0x000860e0        0x0 linker stubs
 *(.rodata .rodata* .gnu.linkonce.r.*)
 .rodata.str1.4
                0x000860e0        0x5 src/ReglStyr.o
 .rodata.str1.4
                0x000860e5        0x5 src/UARTSet.o
 *fill*         0x000860e5        0x3 
 .rodata.str1.4
                0x000860e8       0x19 src/ASF/thirdparty/freertos/freertos-7.3.0/source/tasks.o
                                 0x1f (size before relaxing)
 *fill*         0x00086101        0x3 
 .rodata.str1.4
                0x00086104        0x8 src/ASF/thirdparty/freertos/freertos-7.3.0/source/timers.o
 .rodata        0x0008610c       0x2c src/ASF/sam/drivers/pwm/pwm.o
 .rodata.str1.4
                0x00086138       0x7f src/main.o
 *fill*         0x000861b7        0x1 
 .rodata.str1.4
                0x000861b8        0x2 c:/program files (x86)/atmel/studio/7.0/toolchain/arm/arm-gnu-toolchain/bin/../lib/gcc/arm-none-eabi/5.3.1/../../../../arm-none-eabi/lib/armv7-m\libc.a(lib_a-impure.o)
 *fill*         0x000861ba        0x2 
 .rodata._global_impure_ptr
                0x000861bc        0x4 c:/program files (x86)/atmel/studio/7.0/toolchain/arm/arm-gnu-toolchain/bin/../lib/gcc/arm-none-eabi/5.3.1/../../../../arm-none-eabi/lib/armv7-m\libc.a(lib_a-impure.o)
                0x000861bc                _global_impure_ptr
 .rodata.zeroes.6993
                0x000861c0       0x10 c:/program files (x86)/atmel/studio/7.0/toolchain/arm/arm-gnu-toolchain/bin/../lib/gcc/arm-none-eabi/5.3.1/../../../../arm-none-eabi/lib/armv7-m\libc.a(lib_a-vfiprintf.o)
 .rodata.str1.4
                0x000861d0       0x30 c:/program files (x86)/atmel/studio/7.0/toolchain/arm/arm-gnu-toolchain/bin/../lib/gcc/arm-none-eabi/5.3.1/../../../../arm-none-eabi/lib/armv7-m\libc.a(lib_a-vfiprintf.o)
                                 0x2f (size before relaxing)
 .rodata.blanks.6992
                0x00086200       0x10 c:/program files (x86)/atmel/studio/7.0/toolchain/arm/arm-gnu-toolchain/bin/../lib/gcc/arm-none-eabi/5.3.1/../../../../arm-none-eabi/lib/armv7-m\libc.a(lib_a-vfiprintf.o)
 *(.ARM.extab* .gnu.linkonce.armextab.*)
                0x00086210                . = ALIGN (0x4)
 *(.init)
 .init          0x00086210        0x4 c:/program files (x86)/atmel/studio/7.0/toolchain/arm/arm-gnu-toolchain/bin/../lib/gcc/arm-none-eabi/5.3.1/armv7-m/crti.o
                0x00086210                _init
 .init          0x00086214        0x8 c:/program files (x86)/atmel/studio/7.0/toolchain/arm/arm-gnu-toolchain/bin/../lib/gcc/arm-none-eabi/5.3.1/armv7-m/crtn.o
                0x0008621c                . = ALIGN (0x4)
                0x0008621c                __preinit_array_start = .
 *(.preinit_array)
                0x0008621c                __preinit_array_end = .
                0x0008621c                . = ALIGN (0x4)
                0x0008621c                __init_array_start = .
 *(SORT(.init_array.*))
 .init_array.00000
                0x0008621c        0x4 c:/program files (x86)/atmel/studio/7.0/toolchain/arm/arm-gnu-toolchain/bin/../lib/gcc/arm-none-eabi/5.3.1/../../../../arm-none-eabi/lib/armv7-m\libc.a(lib_a-__call_atexit.o)
 *(.init_array)
 .init_array    0x00086220        0x4 c:/program files (x86)/atmel/studio/7.0/toolchain/arm/arm-gnu-toolchain/bin/../lib/gcc/arm-none-eabi/5.3.1/armv7-m/crtbegin.o
                0x00086224                __init_array_end = .
                0x00086224                . = ALIGN (0x4)
 *crtbegin.o(.ctors)
 *(EXCLUDE_FILE(*crtend.o) .ctors)
 *(SORT(.ctors.*))
 *crtend.o(.ctors)
                0x00086224                . = ALIGN (0x4)
 *(.fini)
 .fini          0x00086224        0x4 c:/program files (x86)/atmel/studio/7.0/toolchain/arm/arm-gnu-toolchain/bin/../lib/gcc/arm-none-eabi/5.3.1/armv7-m/crti.o
                0x00086224                _fini
 .fini          0x00086228        0x8 c:/program files (x86)/atmel/studio/7.0/toolchain/arm/arm-gnu-toolchain/bin/../lib/gcc/arm-none-eabi/5.3.1/armv7-m/crtn.o
                0x00086230                . = ALIGN (0x4)
                0x00086230                __fini_array_start = .
 *(.fini_array)
 .fini_array    0x00086230        0x4 c:/program files (x86)/atmel/studio/7.0/toolchain/arm/arm-gnu-toolchain/bin/../lib/gcc/arm-none-eabi/5.3.1/armv7-m/crtbegin.o
 *(SORT(.fini_array.*))
                0x00086234                __fini_array_end = .
 *crtbegin.o(.dtors)
 *(EXCLUDE_FILE(*crtend.o) .dtors)
 *(SORT(.dtors.*))
 *crtend.o(.dtors)
                0x00086234                . = ALIGN (0x4)
                0x00086234                _efixed = .
                [!provide]                PROVIDE (__exidx_start, .)

.vfp11_veneer   0x00086234        0x0
 .vfp11_veneer  0x00086234        0x0 linker stubs

.v4_bx          0x00086234        0x0
 .v4_bx         0x00086234        0x0 linker stubs

.iplt           0x00086234        0x0
 .iplt          0x00086234        0x0 c:/program files (x86)/atmel/studio/7.0/toolchain/arm/arm-gnu-toolchain/bin/../lib/gcc/arm-none-eabi/5.3.1/armv7-m/crtbegin.o

.ARM.exidx      0x00086234        0x8
 *(.ARM.exidx* .gnu.linkonce.armexidx.*)
 .ARM.exidx     0x00086234        0x8 c:/program files (x86)/atmel/studio/7.0/toolchain/arm/arm-gnu-toolchain/bin/../lib/gcc/arm-none-eabi/5.3.1/armv7-m\libgcc.a(_udivmoddi4.o)
                [!provide]                PROVIDE (__exidx_end, .)

.eh_frame       0x0008623c        0x0
 .eh_frame      0x0008623c        0x0 c:/program files (x86)/atmel/studio/7.0/toolchain/arm/arm-gnu-toolchain/bin/../lib/gcc/arm-none-eabi/5.3.1/armv7-m/crtbegin.o

.rel.dyn        0x0008623c        0x0
 .rel.iplt      0x0008623c        0x0 c:/program files (x86)/atmel/studio/7.0/toolchain/arm/arm-gnu-toolchain/bin/../lib/gcc/arm-none-eabi/5.3.1/armv7-m/crtbegin.o

.jcr            0x0008623c        0x0
 .jcr           0x0008623c        0x0 c:/program files (x86)/atmel/studio/7.0/toolchain/arm/arm-gnu-toolchain/bin/../lib/gcc/arm-none-eabi/5.3.1/armv7-m/crtbegin.o

.igot.plt       0x0008623c        0x0
 .igot.plt      0x0008623c        0x0 c:/program files (x86)/atmel/studio/7.0/toolchain/arm/arm-gnu-toolchain/bin/../lib/gcc/arm-none-eabi/5.3.1/armv7-m/crtbegin.o
                0x0008623c                . = ALIGN (0x4)
                0x0008623c                _etext = .

.relocate       0x20070000      0x9a4 load address 0x0008623c
                0x20070000                . = ALIGN (0x4)
                0x20070000                _srelocate = .
 *(.ramfunc .ramfunc.*)
 .ramfunc       0x20070000      0x12c src/ASF/sam/utils/cmsis/sam3x/source/templates/system_sam3x.o
                0x20070000                SystemInit
                0x200700a4                system_init_flash
 *(.data .data.*)
 .data.SystemCoreClock
                0x2007012c        0x4 src/ASF/sam/utils/cmsis/sam3x/source/templates/system_sam3x.o
                0x2007012c                SystemCoreClock
 .data.uxCriticalNesting
                0x20070130        0x4 src/ASF/thirdparty/freertos/freertos-7.3.0/source/portable/gcc/sam/port.o
 .data.xFreeBytesRemaining
                0x20070134        0x4 src/ASF/thirdparty/freertos/freertos-7.3.0/source/portable/memmang/heap_4.o
 .data.xNextTaskUnblockTime
                0x20070138        0x2 src/ASF/thirdparty/freertos/freertos-7.3.0/source/tasks.o
 *fill*         0x2007013a        0x6 
 .data.impure_data
                0x20070140      0x428 c:/program files (x86)/atmel/studio/7.0/toolchain/arm/arm-gnu-toolchain/bin/../lib/gcc/arm-none-eabi/5.3.1/../../../../arm-none-eabi/lib/armv7-m\libc.a(lib_a-impure.o)
 .data._impure_ptr
                0x20070568        0x4 c:/program files (x86)/atmel/studio/7.0/toolchain/arm/arm-gnu-toolchain/bin/../lib/gcc/arm-none-eabi/5.3.1/../../../../arm-none-eabi/lib/armv7-m\libc.a(lib_a-impure.o)
                0x20070568                _impure_ptr
 .data.lc_ctype_charset
                0x2007056c       0x20 c:/program files (x86)/atmel/studio/7.0/toolchain/arm/arm-gnu-toolchain/bin/../lib/gcc/arm-none-eabi/5.3.1/../../../../arm-none-eabi/lib/armv7-m\libc.a(lib_a-locale.o)
 .data.__mb_cur_max
                0x2007058c        0x4 c:/program files (x86)/atmel/studio/7.0/toolchain/arm/arm-gnu-toolchain/bin/../lib/gcc/arm-none-eabi/5.3.1/../../../../arm-none-eabi/lib/armv7-m\libc.a(lib_a-locale.o)
                0x2007058c                __mb_cur_max
 .data.__malloc_av_
                0x20070590      0x408 c:/program files (x86)/atmel/studio/7.0/toolchain/arm/arm-gnu-toolchain/bin/../lib/gcc/arm-none-eabi/5.3.1/../../../../arm-none-eabi/lib/armv7-m\libc.a(lib_a-mallocr.o)
                0x20070590                __malloc_av_
 .data.__malloc_trim_threshold
                0x20070998        0x4 c:/program files (x86)/atmel/studio/7.0/toolchain/arm/arm-gnu-toolchain/bin/../lib/gcc/arm-none-eabi/5.3.1/../../../../arm-none-eabi/lib/armv7-m\libc.a(lib_a-mallocr.o)
                0x20070998                __malloc_trim_threshold
 .data.__malloc_sbrk_base
                0x2007099c        0x4 c:/program files (x86)/atmel/studio/7.0/toolchain/arm/arm-gnu-toolchain/bin/../lib/gcc/arm-none-eabi/5.3.1/../../../../arm-none-eabi/lib/armv7-m\libc.a(lib_a-mallocr.o)
                0x2007099c                __malloc_sbrk_base
 .data.__wctomb
                0x200709a0        0x4 c:/program files (x86)/atmel/studio/7.0/toolchain/arm/arm-gnu-toolchain/bin/../lib/gcc/arm-none-eabi/5.3.1/../../../../arm-none-eabi/lib/armv7-m\libc.a(lib_a-wctomb_r.o)
                0x200709a0                __wctomb
                0x200709a4                . = ALIGN (0x4)
                0x200709a4                _erelocate = .

.bss            0x200709a8     0x82ec load address 0x00086be8
                0x200709a8                . = ALIGN (0x4)
                0x200709a8                _sbss = .
                0x200709a8                _szero = .
 *(.bss .bss.*)
 .bss           0x200709a8       0x1c c:/program files (x86)/atmel/studio/7.0/toolchain/arm/arm-gnu-toolchain/bin/../lib/gcc/arm-none-eabi/5.3.1/armv7-m/crtbegin.o
 .bss.gs_interrupt_sources
                0x200709c4       0x70 src/ASF/sam/drivers/pio/pio_handler.o
 .bss.heap.5287
                0x20070a34        0x4 src/ASF/sam/utils/syscalls/gcc/syscalls.o
 .bss.d_value   0x20070a38        0x8 src/all_variables.o
                0x20070a38                d_value
 .bss.i_value   0x20070a40        0x8 src/all_variables.o
                0x20070a40                i_value
 .bss.bor_varde
                0x20070a48        0x2 src/all_variables.o
                0x20070a48                bor_varde
 .bss.buffer_filter_res
                0x20070a4a        0x2 src/all_variables.o
                0x20070a4a                buffer_filter_res
 *fill*         0x20070a4c        0x4 
 .bss.p_value   0x20070a50        0x8 src/all_variables.o
                0x20070a50                p_value
 .bss.error     0x20070a58        0x2 src/all_variables.o
                0x20070a58                error
 .bss.sum_of_error
                0x20070a5a        0x2 src/all_variables.o
                0x20070a5a                sum_of_error
 .bss.last_error
                0x20070a5c        0x2 src/all_variables.o
                0x20070a5c                last_error
 *fill*         0x20070a5e        0x2 
 .bss.buffer_filter
                0x20070a60        0xa src/all_variables.o
                0x20070a60                buffer_filter
 .bss.distance_sensor
                0x20070a6a        0x2 src/all_variables.o
                0x20070a6a                distance_sensor
 *fill*         0x20070a6c        0x4 
 .bss.value_pwm
                0x20070a70        0x8 src/all_variables.o
                0x20070a70                value_pwm
 .bss.value_out
                0x20070a78        0x2 src/all_variables.o
                0x20070a78                value_out
 *fill*         0x20070a7a        0x6 
 .bss.xHeap     0x20070a80     0x8000 src/ASF/thirdparty/freertos/freertos-7.3.0/source/portable/memmang/heap_4.o
 .bss.pxEnd     0x20078a80        0x4 src/ASF/thirdparty/freertos/freertos-7.3.0/source/portable/memmang/heap_4.o
 .bss.xStart    0x20078a84        0x8 src/ASF/thirdparty/freertos/freertos-7.3.0/source/portable/memmang/heap_4.o
 .bss.xSuspendedTaskList
                0x20078a8c       0x14 src/ASF/thirdparty/freertos/freertos-7.3.0/source/tasks.o
 .bss.pxDelayedTaskList
                0x20078aa0        0x4 src/ASF/thirdparty/freertos/freertos-7.3.0/source/tasks.o
 .bss.uxMissedTicks
                0x20078aa4        0x4 src/ASF/thirdparty/freertos/freertos-7.3.0/source/tasks.o
 .bss.xSchedulerRunning
                0x20078aa8        0x4 src/ASF/thirdparty/freertos/freertos-7.3.0/source/tasks.o
 .bss.uxTasksDeleted
                0x20078aac        0x4 src/ASF/thirdparty/freertos/freertos-7.3.0/source/tasks.o
 .bss.xTasksWaitingTermination
                0x20078ab0       0x14 src/ASF/thirdparty/freertos/freertos-7.3.0/source/tasks.o
 .bss.xDelayedTaskList2
                0x20078ac4       0x14 src/ASF/thirdparty/freertos/freertos-7.3.0/source/tasks.o
 .bss.uxTopReadyPriority
                0x20078ad8        0x4 src/ASF/thirdparty/freertos/freertos-7.3.0/source/tasks.o
 .bss.pxReadyTasksLists
                0x20078adc       0xc8 src/ASF/thirdparty/freertos/freertos-7.3.0/source/tasks.o
 .bss.uxSchedulerSuspended
                0x20078ba4        0x4 src/ASF/thirdparty/freertos/freertos-7.3.0/source/tasks.o
 .bss.pxCurrentTCB
                0x20078ba8        0x4 src/ASF/thirdparty/freertos/freertos-7.3.0/source/tasks.o
                0x20078ba8                pxCurrentTCB
 .bss.xPendingReadyList
                0x20078bac       0x14 src/ASF/thirdparty/freertos/freertos-7.3.0/source/tasks.o
 .bss.xNumOfOverflows
                0x20078bc0        0x4 src/ASF/thirdparty/freertos/freertos-7.3.0/source/tasks.o
 .bss.xTickCount
                0x20078bc4        0x2 src/ASF/thirdparty/freertos/freertos-7.3.0/source/tasks.o
 *fill*         0x20078bc6        0x2 
 .bss.pxOverflowDelayedTaskList
                0x20078bc8        0x4 src/ASF/thirdparty/freertos/freertos-7.3.0/source/tasks.o
 .bss.uxTaskNumber
                0x20078bcc        0x4 src/ASF/thirdparty/freertos/freertos-7.3.0/source/tasks.o
 .bss.xDelayedTaskList1
                0x20078bd0       0x14 src/ASF/thirdparty/freertos/freertos-7.3.0/source/tasks.o
 .bss.xMissedYield
                0x20078be4        0x4 src/ASF/thirdparty/freertos/freertos-7.3.0/source/tasks.o
 .bss.uxCurrentNumberOfTasks
                0x20078be8        0x4 src/ASF/thirdparty/freertos/freertos-7.3.0/source/tasks.o
 .bss.uxTopUsedPriority
                0x20078bec        0x4 src/ASF/thirdparty/freertos/freertos-7.3.0/source/tasks.o
 .bss.pxCurrentTimerList
                0x20078bf0        0x4 src/ASF/thirdparty/freertos/freertos-7.3.0/source/timers.o
 .bss.xActiveTimerList1
                0x20078bf4       0x14 src/ASF/thirdparty/freertos/freertos-7.3.0/source/timers.o
 .bss.xActiveTimerList2
                0x20078c08       0x14 src/ASF/thirdparty/freertos/freertos-7.3.0/source/timers.o
 .bss.xLastTime.4587
                0x20078c1c        0x2 src/ASF/thirdparty/freertos/freertos-7.3.0/source/timers.o
 *fill*         0x20078c1e        0x2 
 .bss.xTimerQueue
                0x20078c20        0x4 src/ASF/thirdparty/freertos/freertos-7.3.0/source/timers.o
 .bss.pxOverflowTimerList
                0x20078c24        0x4 src/ASF/thirdparty/freertos/freertos-7.3.0/source/timers.o
 .bss.__malloc_max_total_mem
                0x20078c28        0x4 c:/program files (x86)/atmel/studio/7.0/toolchain/arm/arm-gnu-toolchain/bin/../lib/gcc/arm-none-eabi/5.3.1/../../../../arm-none-eabi/lib/armv7-m\libc.a(lib_a-mallocr.o)
                0x20078c28                __malloc_max_total_mem
 .bss.__malloc_max_sbrked_mem
                0x20078c2c        0x4 c:/program files (x86)/atmel/studio/7.0/toolchain/arm/arm-gnu-toolchain/bin/../lib/gcc/arm-none-eabi/5.3.1/../../../../arm-none-eabi/lib/armv7-m\libc.a(lib_a-mallocr.o)
                0x20078c2c                __malloc_max_sbrked_mem
 .bss.__malloc_top_pad
                0x20078c30        0x4 c:/program files (x86)/atmel/studio/7.0/toolchain/arm/arm-gnu-toolchain/bin/../lib/gcc/arm-none-eabi/5.3.1/../../../../arm-none-eabi/lib/armv7-m\libc.a(lib_a-mallocr.o)
                0x20078c30                __malloc_top_pad
 .bss.__malloc_current_mallinfo
                0x20078c34       0x28 c:/program files (x86)/atmel/studio/7.0/toolchain/arm/arm-gnu-toolchain/bin/../lib/gcc/arm-none-eabi/5.3.1/../../../../arm-none-eabi/lib/armv7-m\libc.a(lib_a-mallocr.o)
                0x20078c34                __malloc_current_mallinfo
 *(COMMON)
 COMMON         0x20078c5c       0x28 src/my_adc.o
                0x20078c5c                pwm_channel
 COMMON         0x20078c84        0x4 src/ASF/common/utils/stdio/read.o
                0x20078c84                ptr_get
 COMMON         0x20078c88        0x8 src/ASF/common/utils/stdio/write.o
                0x20078c88                ptr_put
                0x20078c8c                stdio_base
 COMMON         0x20078c90        0x4 c:/program files (x86)/atmel/studio/7.0/toolchain/arm/arm-gnu-toolchain/bin/../lib/gcc/arm-none-eabi/5.3.1/../../../../arm-none-eabi/lib/armv7-m\libc.a(lib_a-reent.o)
                0x20078c90                errno
                0x20078c94                . = ALIGN (0x4)
                0x20078c94                _ebss = .
                0x20078c94                _ezero = .

.stack          0x20078c94     0x2004 load address 0x0008eed4
                0x20078c98                . = ALIGN (0x8)
 *fill*         0x20078c94        0x4 
                0x20078c98                _sstack = .
                0x2007ac98                . = (. + __stack_size__)
 *fill*         0x20078c98     0x2000 
                0x2007ac98                . = ALIGN (0x8)
                0x2007ac98                _estack = .
                0x2007ac98                . = ALIGN (0x4)
                0x2007ac98                _end = .
OUTPUT(ExUppgift2014_6_2.elf elf32-littlearm)

.ARM.attributes
                0x00000000       0x29
 .ARM.attributes
                0x00000000       0x1d c:/program files (x86)/atmel/studio/7.0/toolchain/arm/arm-gnu-toolchain/bin/../lib/gcc/arm-none-eabi/5.3.1/armv7-m/crti.o
 .ARM.attributes
                0x0000001d       0x2d c:/program files (x86)/atmel/studio/7.0/toolchain/arm/arm-gnu-toolchain/bin/../lib/gcc/arm-none-eabi/5.3.1/armv7-m/crtbegin.o
 .ARM.attributes
                0x0000004a       0x33 src/my_adc.o
 .ARM.attributes
                0x0000007d       0x33 src/ASF/common/services/clock/sam3x/sysclk.o
 .ARM.attributes
                0x000000b0       0x33 src/ASF/common/utils/stdio/read.o
 .ARM.attributes
                0x000000e3       0x33 src/ASF/sam/boards/arduino_due_x/init.o
 .ARM.attributes
                0x00000116       0x33 src/ASF/sam/drivers/adc/adc.o
 .ARM.attributes
                0x00000149       0x33 src/ASF/sam/drivers/pio/pio.o
 .ARM.attributes
                0x0000017c       0x33 src/ASF/sam/drivers/pio/pio_handler.o
 .ARM.attributes
                0x000001af       0x33 src/ASF/sam/drivers/pmc/pmc.o
 .ARM.attributes
                0x000001e2       0x33 src/ASF/sam/drivers/usart/usart.o
 .ARM.attributes
                0x00000215       0x33 src/ASF/sam/utils/cmsis/sam3x/source/templates/exceptions.o
 .ARM.attributes
                0x00000248       0x33 src/ASF/sam/utils/cmsis/sam3x/source/templates/gcc/startup_sam3x.o
 .ARM.attributes
                0x0000027b       0x33 src/ASF/sam/utils/cmsis/sam3x/source/templates/system_sam3x.o
 .ARM.attributes
                0x000002ae       0x33 src/ASF/sam/utils/syscalls/gcc/syscalls.o
 .ARM.attributes
                0x000002e1       0x33 src/all_variables.o
 .ARM.attributes
                0x00000314       0x33 src/ReglStyr.o
 .ARM.attributes
                0x00000347       0x33 src/UARTSet.o
 .ARM.attributes
                0x0000037a       0x33 src/ASF/thirdparty/freertos/freertos-7.3.0/source/list.o
 .ARM.attributes
                0x000003ad       0x33 src/ASF/thirdparty/freertos/freertos-7.3.0/source/portable/gcc/sam/port.o
 .ARM.attributes
                0x000003e0       0x33 src/ASF/thirdparty/freertos/freertos-7.3.0/source/portable/memmang/heap_4.o
 .ARM.attributes
                0x00000413       0x33 src/ASF/thirdparty/freertos/freertos-7.3.0/source/queue.o
 .ARM.attributes
                0x00000446       0x33 src/ASF/thirdparty/freertos/freertos-7.3.0/source/tasks.o
 .ARM.attributes
                0x00000479       0x33 src/ASF/thirdparty/freertos/freertos-7.3.0/source/timers.o
 .ARM.attributes
                0x000004ac       0x33 src/ASF/common/utils/stdio/write.o
 .ARM.attributes
                0x000004df       0x33 src/ASF/sam/drivers/pwm/pwm.o
 .ARM.attributes
                0x00000512       0x33 src/ASF/sam/drivers/uart/uart.o
 .ARM.attributes
                0x00000545       0x33 src/main.o
 .ARM.attributes
                0x00000578       0x1d c:/program files (x86)/atmel/studio/7.0/toolchain/arm/arm-gnu-toolchain/bin/../lib/gcc/arm-none-eabi/5.3.1/armv7-m\libgcc.a(_arm_addsubdf3.o)
 .ARM.attributes
                0x00000595       0x1d c:/program files (x86)/atmel/studio/7.0/toolchain/arm/arm-gnu-toolchain/bin/../lib/gcc/arm-none-eabi/5.3.1/armv7-m\libgcc.a(_arm_muldivdf3.o)
 .ARM.attributes
                0x000005b2       0x1d c:/program files (x86)/atmel/studio/7.0/toolchain/arm/arm-gnu-toolchain/bin/../lib/gcc/arm-none-eabi/5.3.1/armv7-m\libgcc.a(_arm_fixdfsi.o)
 .ARM.attributes
                0x000005cf       0x2d c:/program files (x86)/atmel/studio/7.0/toolchain/arm/arm-gnu-toolchain/bin/../lib/gcc/arm-none-eabi/5.3.1/../../../../arm-none-eabi/lib/armv7-m\libc.a(lib_a-impure.o)
 .ARM.attributes
                0x000005fc       0x2d c:/program files (x86)/atmel/studio/7.0/toolchain/arm/arm-gnu-toolchain/bin/../lib/gcc/arm-none-eabi/5.3.1/../../../../arm-none-eabi/lib/armv7-m\libc.a(lib_a-init.o)
 .ARM.attributes
                0x00000629       0x2d c:/program files (x86)/atmel/studio/7.0/toolchain/arm/arm-gnu-toolchain/bin/../lib/gcc/arm-none-eabi/5.3.1/../../../../arm-none-eabi/lib/armv7-m\libc.a(lib_a-iprintf.o)
 .ARM.attributes
                0x00000656       0x1b c:/program files (x86)/atmel/studio/7.0/toolchain/arm/arm-gnu-toolchain/bin/../lib/gcc/arm-none-eabi/5.3.1/../../../../arm-none-eabi/lib/armv7-m\libc.a(lib_a-memcpy.o)
 .ARM.attributes
                0x00000671       0x2d c:/program files (x86)/atmel/studio/7.0/toolchain/arm/arm-gnu-toolchain/bin/../lib/gcc/arm-none-eabi/5.3.1/../../../../arm-none-eabi/lib/armv7-m\libc.a(lib_a-memset.o)
 .ARM.attributes
                0x0000069e       0x2d c:/program files (x86)/atmel/studio/7.0/toolchain/arm/arm-gnu-toolchain/bin/../lib/gcc/arm-none-eabi/5.3.1/../../../../arm-none-eabi/lib/armv7-m\libc.a(lib_a-setbuf.o)
 .ARM.attributes
                0x000006cb       0x2d c:/program files (x86)/atmel/studio/7.0/toolchain/arm/arm-gnu-toolchain/bin/../lib/gcc/arm-none-eabi/5.3.1/../../../../arm-none-eabi/lib/armv7-m\libc.a(lib_a-setvbuf.o)
 .ARM.attributes
                0x000006f8       0x2d c:/program files (x86)/atmel/studio/7.0/toolchain/arm/arm-gnu-toolchain/bin/../lib/gcc/arm-none-eabi/5.3.1/../../../../arm-none-eabi/lib/armv7-m\libc.a(lib_a-strlen-stub.o)
 .ARM.attributes
                0x00000725       0x2d c:/program files (x86)/atmel/studio/7.0/toolchain/arm/arm-gnu-toolchain/bin/../lib/gcc/arm-none-eabi/5.3.1/../../../../arm-none-eabi/lib/armv7-m\libc.a(lib_a-strncpy.o)
 .ARM.attributes
                0x00000752       0x2d c:/program files (x86)/atmel/studio/7.0/toolchain/arm/arm-gnu-toolchain/bin/../lib/gcc/arm-none-eabi/5.3.1/../../../../arm-none-eabi/lib/armv7-m\libc.a(lib_a-vfiprintf.o)
 .ARM.attributes
                0x0000077f       0x2d c:/program files (x86)/atmel/studio/7.0/toolchain/arm/arm-gnu-toolchain/bin/../lib/gcc/arm-none-eabi/5.3.1/../../../../arm-none-eabi/lib/armv7-m\libc.a(lib_a-wsetup.o)
 .ARM.attributes
                0x000007ac       0x2d c:/program files (x86)/atmel/studio/7.0/toolchain/arm/arm-gnu-toolchain/bin/../lib/gcc/arm-none-eabi/5.3.1/../../../../arm-none-eabi/lib/armv7-m\libc.a(lib_a-__call_atexit.o)
 .ARM.attributes
                0x000007d9       0x2d c:/program files (x86)/atmel/studio/7.0/toolchain/arm/arm-gnu-toolchain/bin/../lib/gcc/arm-none-eabi/5.3.1/../../../../arm-none-eabi/lib/armv7-m\libc.a(lib_a-atexit.o)
 .ARM.attributes
                0x00000806       0x2d c:/program files (x86)/atmel/studio/7.0/toolchain/arm/arm-gnu-toolchain/bin/../lib/gcc/arm-none-eabi/5.3.1/../../../../arm-none-eabi/lib/armv7-m\libc.a(lib_a-fflush.o)
 .ARM.attributes
                0x00000833       0x2d c:/program files (x86)/atmel/studio/7.0/toolchain/arm/arm-gnu-toolchain/bin/../lib/gcc/arm-none-eabi/5.3.1/../../../../arm-none-eabi/lib/armv7-m\libc.a(lib_a-findfp.o)
 .ARM.attributes
                0x00000860       0x2d c:/program files (x86)/atmel/studio/7.0/toolchain/arm/arm-gnu-toolchain/bin/../lib/gcc/arm-none-eabi/5.3.1/../../../../arm-none-eabi/lib/armv7-m\libc.a(lib_a-fini.o)
 .ARM.attributes
                0x0000088d       0x2d c:/program files (x86)/atmel/studio/7.0/toolchain/arm/arm-gnu-toolchain/bin/../lib/gcc/arm-none-eabi/5.3.1/../../../../arm-none-eabi/lib/armv7-m\libc.a(lib_a-fputwc.o)
 .ARM.attributes
                0x000008ba       0x2d c:/program files (x86)/atmel/studio/7.0/toolchain/arm/arm-gnu-toolchain/bin/../lib/gcc/arm-none-eabi/5.3.1/../../../../arm-none-eabi/lib/armv7-m\libc.a(lib_a-freer.o)
 .ARM.attributes
                0x000008e7       0x2d c:/program files (x86)/atmel/studio/7.0/toolchain/arm/arm-gnu-toolchain/bin/../lib/gcc/arm-none-eabi/5.3.1/../../../../arm-none-eabi/lib/armv7-m\libc.a(lib_a-fvwrite.o)
 .ARM.attributes
                0x00000914       0x2d c:/program files (x86)/atmel/studio/7.0/toolchain/arm/arm-gnu-toolchain/bin/../lib/gcc/arm-none-eabi/5.3.1/../../../../arm-none-eabi/lib/armv7-m\libc.a(lib_a-fwalk.o)
 .ARM.attributes
                0x00000941       0x2d c:/program files (x86)/atmel/studio/7.0/toolchain/arm/arm-gnu-toolchain/bin/../lib/gcc/arm-none-eabi/5.3.1/../../../../arm-none-eabi/lib/armv7-m\libc.a(lib_a-locale.o)
 .ARM.attributes
                0x0000096e       0x2d c:/program files (x86)/atmel/studio/7.0/toolchain/arm/arm-gnu-toolchain/bin/../lib/gcc/arm-none-eabi/5.3.1/../../../../arm-none-eabi/lib/armv7-m\libc.a(lib_a-makebuf.o)
 .ARM.attributes
                0x0000099b       0x2d c:/program files (x86)/atmel/studio/7.0/toolchain/arm/arm-gnu-toolchain/bin/../lib/gcc/arm-none-eabi/5.3.1/../../../../arm-none-eabi/lib/armv7-m\libc.a(lib_a-malloc.o)
 .ARM.attributes
                0x000009c8       0x2d c:/program files (x86)/atmel/studio/7.0/toolchain/arm/arm-gnu-toolchain/bin/../lib/gcc/arm-none-eabi/5.3.1/../../../../arm-none-eabi/lib/armv7-m\libc.a(lib_a-mallocr.o)
 .ARM.attributes
                0x000009f5       0x2d c:/program files (x86)/atmel/studio/7.0/toolchain/arm/arm-gnu-toolchain/bin/../lib/gcc/arm-none-eabi/5.3.1/../../../../arm-none-eabi/lib/armv7-m\libc.a(lib_a-memchr-stub.o)
 .ARM.attributes
                0x00000a22       0x2d c:/program files (x86)/atmel/studio/7.0/toolchain/arm/arm-gnu-toolchain/bin/../lib/gcc/arm-none-eabi/5.3.1/../../../../arm-none-eabi/lib/armv7-m\libc.a(lib_a-memmove.o)
 .ARM.attributes
                0x00000a4f       0x2d c:/program files (x86)/atmel/studio/7.0/toolchain/arm/arm-gnu-toolchain/bin/../lib/gcc/arm-none-eabi/5.3.1/../../../../arm-none-eabi/lib/armv7-m\libc.a(lib_a-mlock.o)
 .ARM.attributes
                0x00000a7c       0x2d c:/program files (x86)/atmel/studio/7.0/toolchain/arm/arm-gnu-toolchain/bin/../lib/gcc/arm-none-eabi/5.3.1/../../../../arm-none-eabi/lib/armv7-m\libc.a(lib_a-reallocr.o)
 .ARM.attributes
                0x00000aa9       0x2d c:/program files (x86)/atmel/studio/7.0/toolchain/arm/arm-gnu-toolchain/bin/../lib/gcc/arm-none-eabi/5.3.1/../../../../arm-none-eabi/lib/armv7-m\libc.a(lib_a-sbrkr.o)
 .ARM.attributes
                0x00000ad6       0x2d c:/program files (x86)/atmel/studio/7.0/toolchain/arm/arm-gnu-toolchain/bin/../lib/gcc/arm-none-eabi/5.3.1/../../../../arm-none-eabi/lib/armv7-m\libc.a(lib_a-stdio.o)
 .ARM.attributes
                0x00000b03       0x2d c:/program files (x86)/atmel/studio/7.0/toolchain/arm/arm-gnu-toolchain/bin/../lib/gcc/arm-none-eabi/5.3.1/../../../../arm-none-eabi/lib/armv7-m\libc.a(lib_a-wbuf.o)
 .ARM.attributes
                0x00000b30       0x2d c:/program files (x86)/atmel/studio/7.0/toolchain/arm/arm-gnu-toolchain/bin/../lib/gcc/arm-none-eabi/5.3.1/../../../../arm-none-eabi/lib/armv7-m\libc.a(lib_a-wcrtomb.o)
 .ARM.attributes
                0x00000b5d       0x2d c:/program files (x86)/atmel/studio/7.0/toolchain/arm/arm-gnu-toolchain/bin/../lib/gcc/arm-none-eabi/5.3.1/../../../../arm-none-eabi/lib/armv7-m\libc.a(lib_a-wctomb_r.o)
 .ARM.attributes
                0x00000b8a       0x2d c:/program files (x86)/atmel/studio/7.0/toolchain/arm/arm-gnu-toolchain/bin/../lib/gcc/arm-none-eabi/5.3.1/../../../../arm-none-eabi/lib/armv7-m\libc.a(lib_a-writer.o)
 .ARM.attributes
                0x00000bb7       0x2d c:/program files (x86)/atmel/studio/7.0/toolchain/arm/arm-gnu-toolchain/bin/../lib/gcc/arm-none-eabi/5.3.1/../../../../arm-none-eabi/lib/armv7-m\libc.a(lib_a-__atexit.o)
 .ARM.attributes
                0x00000be4       0x2d c:/program files (x86)/atmel/studio/7.0/toolchain/arm/arm-gnu-toolchain/bin/../lib/gcc/arm-none-eabi/5.3.1/../../../../arm-none-eabi/lib/armv7-m\libc.a(lib_a-closer.o)
 .ARM.attributes
                0x00000c11       0x2d c:/program files (x86)/atmel/studio/7.0/toolchain/arm/arm-gnu-toolchain/bin/../lib/gcc/arm-none-eabi/5.3.1/../../../../arm-none-eabi/lib/armv7-m\libc.a(lib_a-fclose.o)
 .ARM.attributes
                0x00000c3e       0x2d c:/program files (x86)/atmel/studio/7.0/toolchain/arm/arm-gnu-toolchain/bin/../lib/gcc/arm-none-eabi/5.3.1/../../../../arm-none-eabi/lib/armv7-m\libc.a(lib_a-fstatr.o)
 .ARM.attributes
                0x00000c6b       0x2d c:/program files (x86)/atmel/studio/7.0/toolchain/arm/arm-gnu-toolchain/bin/../lib/gcc/arm-none-eabi/5.3.1/../../../../arm-none-eabi/lib/armv7-m\libc.a(lib_a-isattyr.o)
 .ARM.attributes
                0x00000c98       0x2d c:/program files (x86)/atmel/studio/7.0/toolchain/arm/arm-gnu-toolchain/bin/../lib/gcc/arm-none-eabi/5.3.1/../../../../arm-none-eabi/lib/armv7-m\libc.a(lib_a-lseekr.o)
 .ARM.attributes
                0x00000cc5       0x2d c:/program files (x86)/atmel/studio/7.0/toolchain/arm/arm-gnu-toolchain/bin/../lib/gcc/arm-none-eabi/5.3.1/../../../../arm-none-eabi/lib/armv7-m\libc.a(lib_a-readr.o)
 .ARM.attributes
                0x00000cf2       0x2d c:/program files (x86)/atmel/studio/7.0/toolchain/arm/arm-gnu-toolchain/bin/../lib/gcc/arm-none-eabi/5.3.1/../../../../arm-none-eabi/lib/armv7-m\libc.a(lib_a-reent.o)
 .ARM.attributes
                0x00000d1f       0x1d c:/program files (x86)/atmel/studio/7.0/toolchain/arm/arm-gnu-toolchain/bin/../lib/gcc/arm-none-eabi/5.3.1/armv7-m\libgcc.a(_aeabi_uldivmod.o)
 .ARM.attributes
                0x00000d3c       0x2d c:/program files (x86)/atmel/studio/7.0/toolchain/arm/arm-gnu-toolchain/bin/../lib/gcc/arm-none-eabi/5.3.1/armv7-m\libgcc.a(_udivmoddi4.o)
 .ARM.attributes
                0x00000d69       0x1d c:/program files (x86)/atmel/studio/7.0/toolchain/arm/arm-gnu-toolchain/bin/../lib/gcc/arm-none-eabi/5.3.1/armv7-m\libgcc.a(_dvmd_tls.o)
 .ARM.attributes
                0x00000d86       0x1d c:/program files (x86)/atmel/studio/7.0/toolchain/arm/arm-gnu-toolchain/bin/../lib/gcc/arm-none-eabi/5.3.1/armv7-m/crtn.o

.comment        0x00000000       0x59
 .comment       0x00000000       0x59 src/my_adc.o
                                 0x5a (size before relaxing)
 .comment       0x00000059       0x5a src/ASF/common/services/clock/sam3x/sysclk.o
 .comment       0x00000059       0x5a src/ASF/common/utils/stdio/read.o
 .comment       0x00000059       0x5a src/ASF/sam/boards/arduino_due_x/init.o
 .comment       0x00000059       0x5a src/ASF/sam/drivers/adc/adc.o
 .comment       0x00000059       0x5a src/ASF/sam/drivers/pio/pio.o
 .comment       0x00000059       0x5a src/ASF/sam/drivers/pio/pio_handler.o
 .comment       0x00000059       0x5a src/ASF/sam/drivers/pmc/pmc.o
 .comment       0x00000059       0x5a src/ASF/sam/drivers/usart/usart.o
 .comment       0x00000059       0x5a src/ASF/sam/utils/cmsis/sam3x/source/templates/exceptions.o
 .comment       0x00000059       0x5a src/ASF/sam/utils/cmsis/sam3x/source/templates/gcc/startup_sam3x.o
 .comment       0x00000059       0x5a src/ASF/sam/utils/cmsis/sam3x/source/templates/system_sam3x.o
 .comment       0x00000059       0x5a src/ASF/sam/utils/syscalls/gcc/syscalls.o
 .comment       0x00000059       0x5a src/all_variables.o
 .comment       0x00000059       0x5a src/ReglStyr.o
 .comment       0x00000059       0x5a src/UARTSet.o
 .comment       0x00000059       0x5a src/ASF/thirdparty/freertos/freertos-7.3.0/source/list.o
 .comment       0x00000059       0x5a src/ASF/thirdparty/freertos/freertos-7.3.0/source/portable/gcc/sam/port.o
 .comment       0x00000059       0x5a src/ASF/thirdparty/freertos/freertos-7.3.0/source/portable/memmang/heap_4.o
 .comment       0x00000059       0x5a src/ASF/thirdparty/freertos/freertos-7.3.0/source/queue.o
 .comment       0x00000059       0x5a src/ASF/thirdparty/freertos/freertos-7.3.0/source/tasks.o
 .comment       0x00000059       0x5a src/ASF/thirdparty/freertos/freertos-7.3.0/source/timers.o
 .comment       0x00000059       0x5a src/ASF/common/utils/stdio/write.o
 .comment       0x00000059       0x5a src/ASF/sam/drivers/pwm/pwm.o
 .comment       0x00000059       0x5a src/ASF/sam/drivers/uart/uart.o
 .comment       0x00000059       0x5a src/main.o

.debug_info     0x00000000    0x14142
 .debug_info    0x00000000     0x11c2 src/my_adc.o
 .debug_info    0x000011c2      0x79d src/ASF/common/services/clock/sam3x/sysclk.o
 .debug_info    0x0000195f      0x1bb src/ASF/common/utils/stdio/read.o
 .debug_info    0x00001b1a      0x7ce src/ASF/sam/boards/arduino_due_x/init.o
 .debug_info    0x000022e8     0x11bd src/ASF/sam/drivers/adc/adc.o
 .debug_info    0x000034a5     0x1384 src/ASF/sam/drivers/pio/pio.o
 .debug_info    0x00004829      0xe71 src/ASF/sam/drivers/pio/pio_handler.o
 .debug_info    0x0000569a     0x1097 src/ASF/sam/drivers/pmc/pmc.o
 .debug_info    0x00006731     0x1c04 src/ASF/sam/drivers/usart/usart.o
 .debug_info    0x00008335      0x125 src/ASF/sam/utils/cmsis/sam3x/source/templates/exceptions.o
 .debug_info    0x0000845a      0x3d3 src/ASF/sam/utils/cmsis/sam3x/source/templates/gcc/startup_sam3x.o
 .debug_info    0x0000882d      0x4c6 src/ASF/sam/utils/cmsis/sam3x/source/templates/system_sam3x.o
 .debug_info    0x00008cf3      0x427 src/ASF/sam/utils/syscalls/gcc/syscalls.o
 .debug_info    0x0000911a      0xd8d src/all_variables.o
 .debug_info    0x00009ea7     0x147a src/ReglStyr.o
 .debug_info    0x0000b321     0x1d5e src/UARTSet.o
 .debug_info    0x0000d07f      0x2b7 src/ASF/thirdparty/freertos/freertos-7.3.0/source/list.o
 .debug_info    0x0000d336      0x3a4 src/ASF/thirdparty/freertos/freertos-7.3.0/source/portable/gcc/sam/port.o
 .debug_info    0x0000d6da      0x38d src/ASF/thirdparty/freertos/freertos-7.3.0/source/portable/memmang/heap_4.o
 .debug_info    0x0000da67      0xe99 src/ASF/thirdparty/freertos/freertos-7.3.0/source/queue.o
 .debug_info    0x0000e900     0x17fa src/ASF/thirdparty/freertos/freertos-7.3.0/source/tasks.o
 .debug_info    0x000100fa      0xb4b src/ASF/thirdparty/freertos/freertos-7.3.0/source/timers.o
 .debug_info    0x00010c45      0x1c0 src/ASF/common/utils/stdio/write.o
 .debug_info    0x00010e05     0x1592 src/ASF/sam/drivers/pwm/pwm.o
 .debug_info    0x00012397      0x889 src/ASF/sam/drivers/uart/uart.o
 .debug_info    0x00012c20     0x1522 src/main.o

.debug_abbrev   0x00000000     0x35b0
 .debug_abbrev  0x00000000      0x299 src/my_adc.o
 .debug_abbrev  0x00000299      0x241 src/ASF/common/services/clock/sam3x/sysclk.o
 .debug_abbrev  0x000004da      0x101 src/ASF/common/utils/stdio/read.o
 .debug_abbrev  0x000005db      0x17a src/ASF/sam/boards/arduino_due_x/init.o
 .debug_abbrev  0x00000755      0x240 src/ASF/sam/drivers/adc/adc.o
 .debug_abbrev  0x00000995      0x2de src/ASF/sam/drivers/pio/pio.o
 .debug_abbrev  0x00000c73      0x271 src/ASF/sam/drivers/pio/pio_handler.o
 .debug_abbrev  0x00000ee4      0x268 src/ASF/sam/drivers/pmc/pmc.o
 .debug_abbrev  0x0000114c      0x325 src/ASF/sam/drivers/usart/usart.o
 .debug_abbrev  0x00001471       0x8f src/ASF/sam/utils/cmsis/sam3x/source/templates/exceptions.o
 .debug_abbrev  0x00001500      0x11b src/ASF/sam/utils/cmsis/sam3x/source/templates/gcc/startup_sam3x.o
 .debug_abbrev  0x0000161b      0x115 src/ASF/sam/utils/cmsis/sam3x/source/templates/system_sam3x.o
 .debug_abbrev  0x00001730      0x14b src/ASF/sam/utils/syscalls/gcc/syscalls.o
 .debug_abbrev  0x0000187b      0x1b4 src/all_variables.o
 .debug_abbrev  0x00001a2f      0x2d7 src/ReglStyr.o
 .debug_abbrev  0x00001d06      0x3d4 src/UARTSet.o
 .debug_abbrev  0x000020da       0xfb src/ASF/thirdparty/freertos/freertos-7.3.0/source/list.o
 .debug_abbrev  0x000021d5      0x248 src/ASF/thirdparty/freertos/freertos-7.3.0/source/portable/gcc/sam/port.o
 .debug_abbrev  0x0000241d      0x220 src/ASF/thirdparty/freertos/freertos-7.3.0/source/portable/memmang/heap_4.o
 .debug_abbrev  0x0000263d      0x231 src/ASF/thirdparty/freertos/freertos-7.3.0/source/queue.o
 .debug_abbrev  0x0000286e      0x2db src/ASF/thirdparty/freertos/freertos-7.3.0/source/tasks.o
 .debug_abbrev  0x00002b49      0x27a src/ASF/thirdparty/freertos/freertos-7.3.0/source/timers.o
 .debug_abbrev  0x00002dc3       0xf5 src/ASF/common/utils/stdio/write.o
 .debug_abbrev  0x00002eb8      0x245 src/ASF/sam/drivers/pwm/pwm.o
 .debug_abbrev  0x000030fd      0x1bd src/ASF/sam/drivers/uart/uart.o
 .debug_abbrev  0x000032ba      0x2f6 src/main.o

.debug_loc      0x00000000     0x8988
 .debug_loc     0x00000000       0x68 src/my_adc.o
 .debug_loc     0x00000068      0x183 src/ASF/common/services/clock/sam3x/sysclk.o
 .debug_loc     0x000001eb       0xd2 src/ASF/common/utils/stdio/read.o
 .debug_loc     0x000002bd       0x70 src/ASF/sam/boards/arduino_due_x/init.o
 .debug_loc     0x0000032d      0xa08 src/ASF/sam/drivers/adc/adc.o
 .debug_loc     0x00000d35      0xb2a src/ASF/sam/drivers/pio/pio.o
 .debug_loc     0x0000185f      0x542 src/ASF/sam/drivers/pio/pio_handler.o
 .debug_loc     0x00001da1      0xd57 src/ASF/sam/drivers/pmc/pmc.o
 .debug_loc     0x00002af8     0x119a src/ASF/sam/drivers/usart/usart.o
 .debug_loc     0x00003c92       0x5e src/ASF/sam/utils/cmsis/sam3x/source/templates/gcc/startup_sam3x.o
 .debug_loc     0x00003cf0       0xdf src/ASF/sam/utils/syscalls/gcc/syscalls.o
 .debug_loc     0x00003dcf       0xd1 src/ReglStyr.o
 .debug_loc     0x00003ea0      0x3b6 src/UARTSet.o
 .debug_loc     0x00004256       0x91 src/ASF/thirdparty/freertos/freertos-7.3.0/source/list.o
 .debug_loc     0x000042e7      0x100 src/ASF/thirdparty/freertos/freertos-7.3.0/source/portable/gcc/sam/port.o
 .debug_loc     0x000043e7      0x365 src/ASF/thirdparty/freertos/freertos-7.3.0/source/portable/memmang/heap_4.o
 .debug_loc     0x0000474c     0x120f src/ASF/thirdparty/freertos/freertos-7.3.0/source/queue.o
 .debug_loc     0x0000595b     0x150c src/ASF/thirdparty/freertos/freertos-7.3.0/source/tasks.o
 .debug_loc     0x00006e67      0x98a src/ASF/thirdparty/freertos/freertos-7.3.0/source/timers.o
 .debug_loc     0x000077f1      0x15d src/ASF/common/utils/stdio/write.o
 .debug_loc     0x0000794e      0xcd8 src/ASF/sam/drivers/pwm/pwm.o
 .debug_loc     0x00008626      0x242 src/ASF/sam/drivers/uart/uart.o
 .debug_loc     0x00008868      0x120 src/main.o

.debug_aranges  0x00000000      0xf98
 .debug_aranges
                0x00000000       0x28 src/my_adc.o
 .debug_aranges
                0x00000028       0x40 src/ASF/common/services/clock/sam3x/sysclk.o
 .debug_aranges
                0x00000068       0x20 src/ASF/common/utils/stdio/read.o
 .debug_aranges
                0x00000088       0x20 src/ASF/sam/boards/arduino_due_x/init.o
 .debug_aranges
                0x000000a8      0x178 src/ASF/sam/drivers/adc/adc.o
 .debug_aranges
                0x00000220      0x148 src/ASF/sam/drivers/pio/pio.o
 .debug_aranges
                0x00000368       0x58 src/ASF/sam/drivers/pio/pio_handler.o
 .debug_aranges
                0x000003c0      0x200 src/ASF/sam/drivers/pmc/pmc.o
 .debug_aranges
                0x000005c0      0x2a8 src/ASF/sam/drivers/usart/usart.o
 .debug_aranges
                0x00000868       0x20 src/ASF/sam/utils/cmsis/sam3x/source/templates/exceptions.o
 .debug_aranges
                0x00000888       0x20 src/ASF/sam/utils/cmsis/sam3x/source/templates/gcc/startup_sam3x.o
 .debug_aranges
                0x000008a8       0x30 src/ASF/sam/utils/cmsis/sam3x/source/templates/system_sam3x.o
 .debug_aranges
                0x000008d8       0x60 src/ASF/sam/utils/syscalls/gcc/syscalls.o
 .debug_aranges
                0x00000938       0x18 src/all_variables.o
 .debug_aranges
                0x00000950       0x30 src/ReglStyr.o
 .debug_aranges
                0x00000980       0x40 src/UARTSet.o
 .debug_aranges
                0x000009c0       0x40 src/ASF/thirdparty/freertos/freertos-7.3.0/source/list.o
 .debug_aranges
                0x00000a00       0x80 src/ASF/thirdparty/freertos/freertos-7.3.0/source/portable/gcc/sam/port.o
 .debug_aranges
                0x00000a80       0x40 src/ASF/thirdparty/freertos/freertos-7.3.0/source/portable/memmang/heap_4.o
 .debug_aranges
                0x00000ac0       0xc8 src/ASF/thirdparty/freertos/freertos-7.3.0/source/queue.o
 .debug_aranges
                0x00000b88      0x130 src/ASF/thirdparty/freertos/freertos-7.3.0/source/tasks.o
 .debug_aranges
                0x00000cb8       0x60 src/ASF/thirdparty/freertos/freertos-7.3.0/source/timers.o
 .debug_aranges
                0x00000d18       0x20 src/ASF/common/utils/stdio/write.o
 .debug_aranges
                0x00000d38      0x158 src/ASF/sam/drivers/pwm/pwm.o
 .debug_aranges
                0x00000e90       0xe8 src/ASF/sam/drivers/uart/uart.o
 .debug_aranges
                0x00000f78       0x20 src/main.o

.debug_ranges   0x00000000      0xea8
 .debug_ranges  0x00000000       0x18 src/my_adc.o
 .debug_ranges  0x00000018       0x30 src/ASF/common/services/clock/sam3x/sysclk.o
 .debug_ranges  0x00000048       0x10 src/ASF/common/utils/stdio/read.o
 .debug_ranges  0x00000058       0x10 src/ASF/sam/boards/arduino_due_x/init.o
 .debug_ranges  0x00000068      0x168 src/ASF/sam/drivers/adc/adc.o
 .debug_ranges  0x000001d0      0x138 src/ASF/sam/drivers/pio/pio.o
 .debug_ranges  0x00000308       0x48 src/ASF/sam/drivers/pio/pio_handler.o
 .debug_ranges  0x00000350      0x1f0 src/ASF/sam/drivers/pmc/pmc.o
 .debug_ranges  0x00000540      0x298 src/ASF/sam/drivers/usart/usart.o
 .debug_ranges  0x000007d8       0x10 src/ASF/sam/utils/cmsis/sam3x/source/templates/exceptions.o
 .debug_ranges  0x000007e8       0x10 src/ASF/sam/utils/cmsis/sam3x/source/templates/gcc/startup_sam3x.o
 .debug_ranges  0x000007f8       0x20 src/ASF/sam/utils/cmsis/sam3x/source/templates/system_sam3x.o
 .debug_ranges  0x00000818       0x50 src/ASF/sam/utils/syscalls/gcc/syscalls.o
 .debug_ranges  0x00000868       0x20 src/ReglStyr.o
 .debug_ranges  0x00000888       0x60 src/UARTSet.o
 .debug_ranges  0x000008e8       0x30 src/ASF/thirdparty/freertos/freertos-7.3.0/source/list.o
 .debug_ranges  0x00000918       0x70 src/ASF/thirdparty/freertos/freertos-7.3.0/source/portable/gcc/sam/port.o
 .debug_ranges  0x00000988       0x30 src/ASF/thirdparty/freertos/freertos-7.3.0/source/portable/memmang/heap_4.o
 .debug_ranges  0x000009b8       0xb8 src/ASF/thirdparty/freertos/freertos-7.3.0/source/queue.o
 .debug_ranges  0x00000a70      0x150 src/ASF/thirdparty/freertos/freertos-7.3.0/source/tasks.o
 .debug_ranges  0x00000bc0       0xa8 src/ASF/thirdparty/freertos/freertos-7.3.0/source/timers.o
 .debug_ranges  0x00000c68       0x10 src/ASF/common/utils/stdio/write.o
 .debug_ranges  0x00000c78      0x148 src/ASF/sam/drivers/pwm/pwm.o
 .debug_ranges  0x00000dc0       0xd8 src/ASF/sam/drivers/uart/uart.o
 .debug_ranges  0x00000e98       0x10 src/main.o

.debug_macro    0x00000000    0x1ba9d
 .debug_macro   0x00000000      0x774 src/my_adc.o
 .debug_macro   0x00000774      0x898 src/my_adc.o
 .debug_macro   0x0000100c      0x16d src/my_adc.o
 .debug_macro   0x00001179      0x652 src/my_adc.o
 .debug_macro   0x000017cb       0x76 src/my_adc.o
 .debug_macro   0x00001841       0x16 src/my_adc.o
 .debug_macro   0x00001857      0x6e4 src/my_adc.o
 .debug_macro   0x00001f3b       0x22 src/my_adc.o
 .debug_macro   0x00001f5d       0x87 src/my_adc.o
 .debug_macro   0x00001fe4       0x44 src/my_adc.o
 .debug_macro   0x00002028       0xfd src/my_adc.o
 .debug_macro   0x00002125       0x22 src/my_adc.o
 .debug_macro   0x00002147      0x1df src/my_adc.o
 .debug_macro   0x00002326       0x20 src/my_adc.o
 .debug_macro   0x00002346       0x3a src/my_adc.o
 .debug_macro   0x00002380       0x2d src/my_adc.o
 .debug_macro   0x000023ad      0xbb1 src/my_adc.o
 .debug_macro   0x00002f5e      0xab6 src/my_adc.o
 .debug_macro   0x00003a14      0x569 src/my_adc.o
 .debug_macro   0x00003f7d      0x2b5 src/my_adc.o
 .debug_macro   0x00004232      0x31a src/my_adc.o
 .debug_macro   0x0000454c      0x74f src/my_adc.o
 .debug_macro   0x00004c9b       0x82 src/my_adc.o
 .debug_macro   0x00004d1d      0x57b src/my_adc.o
 .debug_macro   0x00005298       0x1c src/my_adc.o
 .debug_macro   0x000052b4      0x6b7 src/my_adc.o
 .debug_macro   0x0000596b      0x52d src/my_adc.o
 .debug_macro   0x00005e98       0xbe src/my_adc.o
 .debug_macro   0x00005f56     0x2342 src/my_adc.o
 .debug_macro   0x00008298      0x85d src/my_adc.o
 .debug_macro   0x00008af5      0xdc9 src/my_adc.o
 .debug_macro   0x000098be       0x7c src/my_adc.o
 .debug_macro   0x0000993a      0x263 src/my_adc.o
 .debug_macro   0x00009b9d       0x58 src/my_adc.o
 .debug_macro   0x00009bf5      0x9a7 src/my_adc.o
 .debug_macro   0x0000a59c      0x248 src/my_adc.o
 .debug_macro   0x0000a7e4      0x4df src/my_adc.o
 .debug_macro   0x0000acc3      0x6b3 src/my_adc.o
 .debug_macro   0x0000b376      0x59f src/my_adc.o
 .debug_macro   0x0000b915       0x46 src/my_adc.o
 .debug_macro   0x0000b95b      0x34d src/my_adc.o
 .debug_macro   0x0000bca8      0x28c src/my_adc.o
 .debug_macro   0x0000bf34     0x14d7 src/my_adc.o
 .debug_macro   0x0000d40b      0x7ba src/my_adc.o
 .debug_macro   0x0000dbc5       0x76 src/my_adc.o
 .debug_macro   0x0000dc3b       0x82 src/my_adc.o
 .debug_macro   0x0000dcbd       0x76 src/my_adc.o
 .debug_macro   0x0000dd33       0x4c src/my_adc.o
 .debug_macro   0x0000dd7f      0x105 src/my_adc.o
 .debug_macro   0x0000de84      0x105 src/my_adc.o
 .debug_macro   0x0000df89      0x105 src/my_adc.o
 .debug_macro   0x0000e08e       0x88 src/my_adc.o
 .debug_macro   0x0000e116       0x88 src/my_adc.o
 .debug_macro   0x0000e19e      0x3b4 src/my_adc.o
 .debug_macro   0x0000e552       0xb8 src/my_adc.o
 .debug_macro   0x0000e60a       0xb8 src/my_adc.o
 .debug_macro   0x0000e6c2       0xb8 src/my_adc.o
 .debug_macro   0x0000e77a       0xb8 src/my_adc.o
 .debug_macro   0x0000e832      0x2b8 src/my_adc.o
 .debug_macro   0x0000eaea      0x125 src/my_adc.o
 .debug_macro   0x0000ec0f      0x225 src/my_adc.o
 .debug_macro   0x0000ee34      0x225 src/my_adc.o
 .debug_macro   0x0000f059       0x2e src/my_adc.o
 .debug_macro   0x0000f087       0xac src/my_adc.o
 .debug_macro   0x0000f133      0x14d src/my_adc.o
 .debug_macro   0x0000f280       0x7c src/my_adc.o
 .debug_macro   0x0000f2fc      0x205 src/my_adc.o
 .debug_macro   0x0000f501       0x64 src/my_adc.o
 .debug_macro   0x0000f565       0xa6 src/my_adc.o
 .debug_macro   0x0000f60b       0x7c src/my_adc.o
 .debug_macro   0x0000f687       0x16 src/my_adc.o
 .debug_macro   0x0000f69d       0x22 src/my_adc.o
 .debug_macro   0x0000f6bf       0x22 src/my_adc.o
 .debug_macro   0x0000f6e1      0x115 src/my_adc.o
 .debug_macro   0x0000f7f6      0x115 src/my_adc.o
 .debug_macro   0x0000f90b      0x115 src/my_adc.o
 .debug_macro   0x0000fa20      0x115 src/my_adc.o
 .debug_macro   0x0000fb35       0x1c src/my_adc.o
 .debug_macro   0x0000fb51       0x2e src/my_adc.o
 .debug_macro   0x0000fb7f       0x22 src/my_adc.o
 .debug_macro   0x0000fba1       0x1c src/my_adc.o
 .debug_macro   0x0000fbbd       0x58 src/my_adc.o
 .debug_macro   0x0000fc15       0x10 src/my_adc.o
 .debug_macro   0x0000fc25      0x273 src/my_adc.o
 .debug_macro   0x0000fe98      0xd43 src/my_adc.o
 .debug_macro   0x00010bdb      0x131 src/my_adc.o
 .debug_macro   0x00010d0c       0x52 src/my_adc.o
 .debug_macro   0x00010d5e       0x35 src/my_adc.o
 .debug_macro   0x00010d93       0x9c src/my_adc.o
 .debug_macro   0x00010e2f       0x16 src/my_adc.o
 .debug_macro   0x00010e45       0x35 src/my_adc.o
 .debug_macro   0x00010e7a      0x330 src/my_adc.o
 .debug_macro   0x000111aa       0x10 src/my_adc.o
 .debug_macro   0x000111ba       0x52 src/my_adc.o
 .debug_macro   0x0001120c       0x16 src/my_adc.o
 .debug_macro   0x00011222       0x43 src/my_adc.o
 .debug_macro   0x00011265      0x187 src/my_adc.o
 .debug_macro   0x000113ec       0x22 src/my_adc.o
 .debug_macro   0x0001140e       0x3a src/my_adc.o
 .debug_macro   0x00011448       0x10 src/my_adc.o
 .debug_macro   0x00011458       0x40 src/my_adc.o
 .debug_macro   0x00011498       0x6c src/my_adc.o
 .debug_macro   0x00011504       0x16 src/my_adc.o
 .debug_macro   0x0001151a      0x182 src/my_adc.o
 .debug_macro   0x0001169c       0x22 src/my_adc.o
 .debug_macro   0x000116be       0x16 src/my_adc.o
 .debug_macro   0x000116d4       0x16 src/my_adc.o
 .debug_macro   0x000116ea       0x29 src/my_adc.o
 .debug_macro   0x00011713       0x75 src/my_adc.o
 .debug_macro   0x00011788       0x45 src/my_adc.o
 .debug_macro   0x000117cd      0x3ca src/my_adc.o
 .debug_macro   0x00011b97       0x1c src/my_adc.o
 .debug_macro   0x00011bb3       0x34 src/my_adc.o
 .debug_macro   0x00011be7      0x2bf src/my_adc.o
 .debug_macro   0x00011ea6      0x790 src/my_adc.o
 .debug_macro   0x00012636       0x5e src/my_adc.o
 .debug_macro   0x00012694       0x64 src/my_adc.o
 .debug_macro   0x000126f8       0x5f src/my_adc.o
 .debug_macro   0x00012757       0x90 src/my_adc.o
 .debug_macro   0x000127e7       0x28 src/my_adc.o
 .debug_macro   0x0001280f       0x23 src/my_adc.o
 .debug_macro   0x00012832       0x46 src/my_adc.o
 .debug_macro   0x00012878      0x100 src/my_adc.o
 .debug_macro   0x00012978       0x99 src/my_adc.o
 .debug_macro   0x00012a11       0x12 src/my_adc.o
 .debug_macro   0x00012a23       0x1f src/my_adc.o
 .debug_macro   0x00012a42      0x1e7 src/my_adc.o
 .debug_macro   0x00012c29       0x10 src/my_adc.o
 .debug_macro   0x00012c39       0x16 src/my_adc.o
 .debug_macro   0x00012c4f       0x5e src/my_adc.o
 .debug_macro   0x00012cad       0x43 src/my_adc.o
 .debug_macro   0x00012cf0       0x96 src/my_adc.o
 .debug_macro   0x00012d86       0x77 src/my_adc.o
 .debug_macro   0x00012dfd       0x5d src/my_adc.o
 .debug_macro   0x00012e5a       0x5b src/my_adc.o
 .debug_macro   0x00012eb5       0x94 src/my_adc.o
 .debug_macro   0x00012f49       0x40 src/my_adc.o
 .debug_macro   0x00012f89       0x70 src/my_adc.o
 .debug_macro   0x00012ff9       0x34 src/my_adc.o
 .debug_macro   0x0001302d       0x10 src/my_adc.o
 .debug_macro   0x0001303d       0x1c src/my_adc.o
 .debug_macro   0x00013059       0x2e src/my_adc.o
 .debug_macro   0x00013087       0x1c src/my_adc.o
 .debug_macro   0x000130a3       0x1c src/my_adc.o
 .debug_macro   0x000130bf       0x16 src/my_adc.o
 .debug_macro   0x000130d5      0x5a5 src/ASF/common/services/clock/sam3x/sysclk.o
 .debug_macro   0x0001367a      0x2b9 src/ASF/common/services/clock/sam3x/sysclk.o
 .debug_macro   0x00013933      0x525 src/ASF/common/utils/stdio/read.o
 .debug_macro   0x00013e58      0x5e8 src/ASF/sam/boards/arduino_due_x/init.o
 .debug_macro   0x00014440       0x22 src/ASF/sam/boards/arduino_due_x/init.o
 .debug_macro   0x00014462       0x6a src/ASF/sam/boards/arduino_due_x/init.o
 .debug_macro   0x000144cc      0x545 src/ASF/sam/drivers/adc/adc.o
 .debug_macro   0x00014a11      0x540 src/ASF/sam/drivers/pio/pio.o
 .debug_macro   0x00014f51       0x8e src/ASF/sam/drivers/pio/pio.o
 .debug_macro   0x00014fdf      0x544 src/ASF/sam/drivers/pio/pio_handler.o
 .debug_macro   0x00015523      0x53a src/ASF/sam/drivers/pmc/pmc.o
 .debug_macro   0x00015a5d       0x58 src/ASF/sam/drivers/pmc/pmc.o