Archive member included because of file (symbol)

c:/program files (x86)/atmel/atmel toolchain/arm gcc/native/4.8.1443/arm-gnu-toolchain/bin/../lib/gcc/arm-none-eabi/4.8.4/armv7-m\libgcc.a(_arm_addsubdf3.o)
                              src/PIDRegulation.o (__aeabi_dadd)
c:/program files (x86)/atmel/atmel toolchain/arm gcc/native/4.8.1443/arm-gnu-toolchain/bin/../lib/gcc/arm-none-eabi/4.8.4/armv7-m\libgcc.a(_arm_muldivdf3.o)
                              src/PIDRegulation.o (__aeabi_dmul)
c:/program files (x86)/atmel/atmel toolchain/arm gcc/native/4.8.1443/arm-gnu-toolchain/bin/../lib/gcc/arm-none-eabi/4.8.4/armv7-m\libgcc.a(_arm_fixdfsi.o)
                              src/PIDRegulation.o (__aeabi_d2iz)
c:/program files (x86)/atmel/atmel toolchain/arm gcc/native/4.8.1443/arm-gnu-toolchain/bin/../lib/gcc/arm-none-eabi/4.8.4/armv7-m\libgcc.a(_arm_addsubsf3.o)
                              src/PIDRegulation.o (__aeabi_fadd)
c:/program files (x86)/atmel/atmel toolchain/arm gcc/native/4.8.1443/arm-gnu-toolchain/bin/../lib/gcc/arm-none-eabi/4.8.4/armv7-m\libgcc.a(_arm_muldivsf3.o)
                              src/PIDRegulation.o (__aeabi_fmul)
c:/program files (x86)/atmel/atmel toolchain/arm gcc/native/4.8.1443/arm-gnu-toolchain/bin/../lib/gcc/arm-none-eabi/4.8.4/armv7-m\libgcc.a(_arm_fixunssfsi.o)
                              src/PIDRegulation.o (__aeabi_f2uiz)
c:/program files (x86)/atmel/atmel toolchain/arm gcc/native/4.8.1443/arm-gnu-toolchain/bin/../lib/gcc/arm-none-eabi/4.8.4/../../../../arm-none-eabi/lib/armv7-m\libc.a(lib_a-exit.o)
                              c:/program files (x86)/atmel/atmel toolchain/arm gcc/native/4.8.1443/arm-gnu-toolchain/bin/../lib/gcc/arm-none-eabi/4.8.4/../../../../arm-none-eabi/lib/armv7-m/crt0.o (exit)
c:/program files (x86)/atmel/atmel toolchain/arm gcc/native/4.8.1443/arm-gnu-toolchain/bin/../lib/gcc/arm-none-eabi/4.8.4/../../../../arm-none-eabi/lib/armv7-m\libc.a(lib_a-impure.o)
                              c:/program files (x86)/atmel/atmel toolchain/arm gcc/native/4.8.1443/arm-gnu-toolchain/bin/../lib/gcc/arm-none-eabi/4.8.4/../../../../arm-none-eabi/lib/armv7-m\libc.a(lib_a-exit.o) (_global_impure_ptr)
c:/program files (x86)/atmel/atmel toolchain/arm gcc/native/4.8.1443/arm-gnu-toolchain/bin/../lib/gcc/arm-none-eabi/4.8.4/../../../../arm-none-eabi/lib/armv7-m\libc.a(lib_a-init.o)
                              c:/program files (x86)/atmel/atmel toolchain/arm gcc/native/4.8.1443/arm-gnu-toolchain/bin/../lib/gcc/arm-none-eabi/4.8.4/../../../../arm-none-eabi/lib/armv7-m/crt0.o (__libc_init_array)
c:/program files (x86)/atmel/atmel toolchain/arm gcc/native/4.8.1443/arm-gnu-toolchain/bin/../lib/gcc/arm-none-eabi/4.8.4/../../../../arm-none-eabi/lib/armv7-m\libc.a(lib_a-iprintf.o)
                              src/ASF/sam/drivers/adc/adc.o (iprintf)
c:/program files (x86)/atmel/atmel toolchain/arm gcc/native/4.8.1443/arm-gnu-toolchain/bin/../lib/gcc/arm-none-eabi/4.8.4/../../../../arm-none-eabi/lib/armv7-m\libc.a(lib_a-memcpy.o)
                              src/ASF/thirdparty/freertos/freertos-7.3.0/source/queue.o (memcpy)
c:/program files (x86)/atmel/atmel toolchain/arm gcc/native/4.8.1443/arm-gnu-toolchain/bin/../lib/gcc/arm-none-eabi/4.8.4/../../../../arm-none-eabi/lib/armv7-m\libc.a(lib_a-memset.o)
                              c:/program files (x86)/atmel/atmel toolchain/arm gcc/native/4.8.1443/arm-gnu-toolchain/bin/../lib/gcc/arm-none-eabi/4.8.4/../../../../arm-none-eabi/lib/armv7-m/crt0.o (memset)
c:/program files (x86)/atmel/atmel toolchain/arm gcc/native/4.8.1443/arm-gnu-toolchain/bin/../lib/gcc/arm-none-eabi/4.8.4/../../../../arm-none-eabi/lib/armv7-m\libc.a(lib_a-puts.o)
                              src/ASF/sam/drivers/adc/adc.o (puts)
c:/program files (x86)/atmel/atmel toolchain/arm gcc/native/4.8.1443/arm-gnu-toolchain/bin/../lib/gcc/arm-none-eabi/4.8.4/../../../../arm-none-eabi/lib/armv7-m\libc.a(lib_a-setbuf.o)
                              src/UARTFunctions.o (setbuf)
c:/program files (x86)/atmel/atmel toolchain/arm gcc/native/4.8.1443/arm-gnu-toolchain/bin/../lib/gcc/arm-none-eabi/4.8.4/../../../../arm-none-eabi/lib/armv7-m\libc.a(lib_a-setvbuf.o)
                              c:/program files (x86)/atmel/atmel toolchain/arm gcc/native/4.8.1443/arm-gnu-toolchain/bin/../lib/gcc/arm-none-eabi/4.8.4/../../../../arm-none-eabi/lib/armv7-m\libc.a(lib_a-setbuf.o) (setvbuf)
c:/program files (x86)/atmel/atmel toolchain/arm gcc/native/4.8.1443/arm-gnu-toolchain/bin/../lib/gcc/arm-none-eabi/4.8.4/../../../../arm-none-eabi/lib/armv7-m\libc.a(lib_a-sprintf.o)
                              src/ASF/thirdparty/freertos/freertos-7.3.0/source/tasks.o (sprintf)
c:/program files (x86)/atmel/atmel toolchain/arm gcc/native/4.8.1443/arm-gnu-toolchain/bin/../lib/gcc/arm-none-eabi/4.8.4/../../../../arm-none-eabi/lib/armv7-m\libc.a(lib_a-strcat.o)
                              src/ASF/thirdparty/freertos/freertos-7.3.0/source/tasks.o (strcat)
[...]
Memory Configuration

Name             Origin             Length             Attributes
rom              0x00080000         0x00080000         xr
sram0            0x20000000         0x00010000         xrw
sram1            0x20080000         0x00008000         xrw
ram              0x20070000         0x00018000         xrw
*default*        0x00000000         0xffffffff

Linker script and memory map

LOAD c:/program files (x86)/atmel/atmel toolchain/arm gcc/native/4.8.1443/arm-gnu-toolchain/bin/../lib/gcc/arm-none-eabi/4.8.4/armv7-m/crti.o
LOAD c:/program files (x86)/atmel/atmel toolchain/arm gcc/native/4.8.1443/arm-gnu-toolchain/bin/../lib/gcc/arm-none-eabi/4.8.4/armv7-m/crtbegin.o
LOAD c:/program files (x86)/atmel/atmel toolchain/arm gcc/native/4.8.1443/arm-gnu-toolchain/bin/../lib/gcc/arm-none-eabi/4.8.4/../../../../arm-none-eabi/lib/armv7-m/crt0.o
LOAD src/ADCCustom.o
LOAD src/ASF/common/utils/stdio/read.o
LOAD src/ASF/sam/drivers/adc/adc.o
LOAD src/ASF/sam/drivers/usart/usart.o
LOAD src/ASF/thirdparty/freertos/freertos-7.3.0/source/FreeRTOS_CLI.o
LOAD src/global_variables.o
LOAD src/PIDRegulation.o
LOAD src/PIDTask.o
LOAD src/PWMCustom.o
LOAD src/UARTFunctions.o
LOAD src/UARTTask.o
LOAD src/ASF/thirdparty/freertos/freertos-7.3.0/source/list.o
LOAD src/ASF/thirdparty/freertos/freertos-7.3.0/source/portable/gcc/sam/port.o
LOAD src/ASF/thirdparty/freertos/freertos-7.3.0/source/portable/memmang/heap_4.o
LOAD src/ASF/thirdparty/freertos/freertos-7.3.0/source/queue.o
LOAD src/ASF/thirdparty/freertos/freertos-7.3.0/source/tasks.o
LOAD src/ASF/thirdparty/freertos/freertos-7.3.0/source/timers.o
LOAD src/ASF/sam/drivers/adc/adc_sam3u.o
LOAD src/ASF/common/utils/stdio/write.o
LOAD src/ASF/common/services/serial/usart_serial.o
LOAD src/ASF/common/services/delay/sam/cycle_counter.o
LOAD src/ASF/sam/drivers/pwm/pwm.o
LOAD src/ASF/sam/drivers/tc/tc.o
LOAD src/ASF/sam/drivers/uart/uart.o
LOAD src/ASF/common/services/clock/sam3x/sysclk.o
LOAD src/ASF/common/utils/interrupt/interrupt_sam_nvic.o
LOAD src/ASF/sam/boards/arduino_due_x/init.o
LOAD src/ASF/sam/drivers/pio/pio.o
LOAD src/ASF/sam/drivers/pio/pio_handler.o
LOAD src/ASF/sam/drivers/pmc/pmc.o
LOAD src/ASF/sam/drivers/pmc/sleep.o
LOAD src/ASF/sam/utils/cmsis/sam3x/source/templates/exceptions.o
LOAD src/ASF/sam/utils/cmsis/sam3x/source/templates/gcc/startup_sam3x.o
LOAD src/ASF/sam/utils/cmsis/sam3x/source/templates/system_sam3x.o
LOAD src/ASF/sam/utils/syscalls/gcc/syscalls.o
LOAD src/main.o
START GROUP
LOAD ../src/ASF/thirdparty/CMSIS/Lib/GCC\libarm_cortexM3l_math.a
LOAD c:/program files (x86)/atmel/atmel toolchain/arm gcc/native/4.8.1443/arm-gnu-toolchain/bin/../lib/gcc/arm-none-eabi/4.8.4/../../../../arm-none-eabi/lib/armv7-m\libm.a
END GROUP
START GROUP
LOAD c:/program files (x86)/atmel/atmel toolchain/arm gcc/native/4.8.1443/arm-gnu-toolchain/bin/../lib/gcc/arm-none-eabi/4.8.4/armv7-m\libgcc.a
LOAD c:/program files (x86)/atmel/atmel toolchain/arm gcc/native/4.8.1443/arm-gnu-toolchain/bin/../lib/gcc/arm-none-eabi/4.8.4/../../../../arm-none-eabi/lib/armv7-m\libc.a
END GROUP
LOAD c:/program files (x86)/atmel/atmel toolchain/arm gcc/native/4.8.1443/arm-gnu-toolchain/bin/../lib/gcc/arm-none-eabi/4.8.4/armv7-m/crtend.o
LOAD c:/program files (x86)/atmel/atmel toolchain/arm gcc/native/4.8.1443/arm-gnu-toolchain/bin/../lib/gcc/arm-none-eabi/4.8.4/armv7-m/crtn.o
                0x00002000                __stack_size__ = DEFINED (__stack_size__)?__stack_size__:0x2000
                0x20087ffc                __ram_end__ = ((ORIGIN (ram) + 0x18000) - 0x4)

.text           0x00080000     0x68c8
                0x00080000                . = ALIGN (0x4)
                0x00080000                _sfixed = .
 *(.vectors .vectors.*)
 .vectors       0x00080000       0xf4 src/ASF/sam/utils/cmsis/sam3x/source/templates/gcc/startup_sam3x.o
                0x00080000                exception_table
 *(.text .text.* .gnu.linkonce.t.*)
 .text          0x000800f4       0x54 c:/program files (x86)/atmel/atmel toolchain/arm gcc/native/4.8.1443/arm-gnu-toolchain/bin/../lib/gcc/arm-none-eabi/4.8.4/armv7-m/crtbegin.o
 .text.ADCSetup
                0x00080148       0x64 src/ADCCustom.o
                0x00080148                ADCSetup
 .text._read    0x000801ac       0x40 src/ASF/common/utils/stdio/read.o
                0x000801ac                _read
 .text.adc_init
                0x000801ec       0x34 src/ASF/sam/drivers/adc/adc.o
                0x000801ec                adc_init
 .text.adc_set_resolution
                0x00080220       0x10 src/ASF/sam/drivers/adc/adc.o
                0x00080220                adc_set_resolution
 .text.adc_configure_trigger
                0x00080230       0x10 src/ASF/sam/drivers/adc/adc.o
                0x00080230                adc_configure_trigger
 .text.adc_configure_timing
                0x00080240       0x20 src/ASF/sam/drivers/adc/adc.o
                0x00080240                adc_configure_timing
 .text.adc_start
                0x00080260        0x8 src/ASF/sam/drivers/adc/adc.o
                0x00080260                adc_start
 .text.adc_enable_channel
                0x00080268        0xc src/ASF/sam/drivers/adc/adc.o
                0x00080268                adc_enable_channel
 .text.adc_get_latest_value
                0x00080274        0x4 src/ASF/sam/drivers/adc/adc.o
                0x00080274                adc_get_latest_value
 .text.adc_get_status
                0x00080278        0x4 src/ASF/sam/drivers/adc/adc.o
                0x00080278                adc_get_status
 .text.usart_write
                0x0008027c       0x14 src/ASF/sam/drivers/usart/usart.o
                0x0008027c                usart_write
 .text.usart_read
                0x00080290       0x18 src/ASF/sam/drivers/usart/usart.o
                0x00080290                usart_read
 .text.PIDRegulate
                0x000802a8      0x198 src/PIDRegulation.o
                0x000802a8                PIDRegulate
 .text.PIDRegulationTask
                0x00080440       0x54 src/PIDTask.o
                0x00080440                PIDRegulationTask
 .text.PWMSetup
                0x00080494       0x74 src/PWMCustom.o
                0x00080494                PWMSetup
 .text.PWMDutyCycle
                0x00080508       0x1c src/PWMCustom.o
                0x00080508                PWMDutyCycle
 .text.usart_serial_getchar
                0x00080524       0xa8 src/UARTFunctions.o
 .text.usart_serial_putchar
                0x000805cc       0xa8 src/UARTFunctions.o
 .text.configure_console
                0x00080674       0x98 src/UARTFunctions.o
                0x00080674                configure_console
 .text.getPIDValues
                0x0008070c      0x1cc src/UARTFunctions.o
                0x0008070c                getPIDValues
 .text.sendValues
                0x000808d8       0x40 src/UARTFunctions.o
                0x000808d8                sendValues
 .text.SerialComTask
                0x00080918       0x68 src/UARTTask.o
                0x00080918                SerialComTask
 .text.vListInitialise
                0x00080980       0x18 src/ASF/thirdparty/freertos/freertos-7.3.0/source/list.o
                0x00080980                vListInitialise
 .text.vListInitialiseItem
                0x00080998        0x8 src/ASF/thirdparty/freertos/freertos-7.3.0/source/list.o
                0x00080998                vListInitialiseItem
 .text.vListInsertEnd
                0x000809a0       0x1c src/ASF/thirdparty/freertos/freertos-7.3.0/source/list.o
                0x000809a0                vListInsertEnd
 .text.vListInsert
                0x000809bc       0x44 src/ASF/thirdparty/freertos/freertos-7.3.0/source/list.o
                0x000809bc                vListInsert
 .text.uxListRemove
                0x00080a00       0x28 src/ASF/thirdparty/freertos/freertos-7.3.0/source/list.o
                0x00080a00                uxListRemove
 .text.prvPortStartFirstTask
                0x00080a28       0x14 src/ASF/thirdparty/freertos/freertos-7.3.0/source/portable/gcc/sam/port.o
 .text.pxPortInitialiseStack
                0x00080a3c       0x1c src/ASF/thirdparty/freertos/freertos-7.3.0/source/portable/gcc/sam/port.o
                0x00080a3c                pxPortInitialiseStack
 .text.SVC_Handler
                0x00080a58       0x20 src/ASF/thirdparty/freertos/freertos-7.3.0/source/portable/gcc/sam/port.o
                0x00080a58                SVC_Handler
 .text.vPortYieldFromISR
                0x00080a78       0x10 src/ASF/thirdparty/freertos/freertos-7.3.0/source/portable/gcc/sam/port.o
                0x00080a78                vPortYieldFromISR
 .text.ulPortSetInterruptMask
                0x00080a88       0x10 src/ASF/thirdparty/freertos/freertos-7.3.0/source/portable/gcc/sam/port.o
                0x00080a88                ulPortSetInterruptMask
 .text.vPortEnterCritical
                0x00080a98       0x18 src/ASF/thirdparty/freertos/freertos-7.3.0/source/portable/gcc/sam/port.o
                0x00080a98                vPortEnterCritical
 .text.vPortClearInterruptMask
                0x00080ab0        0x8 src/ASF/thirdparty/freertos/freertos-7.3.0/source/portable/gcc/sam/port.o
                0x00080ab0                vPortClearInterruptMask
 .text.vPortExitCritical
                0x00080ab8       0x1c src/ASF/thirdparty/freertos/freertos-7.3.0/source/portable/gcc/sam/port.o
                0x00080ab8                vPortExitCritical
 .text.PendSV_Handler
                0x00080ad4       0x3c src/ASF/thirdparty/freertos/freertos-7.3.0/source/portable/gcc/sam/port.o
                0x00080ad4                PendSV_Handler
 .text.SysTick_Handler
                0x00080b10       0x2c src/ASF/thirdparty/freertos/freertos-7.3.0/source/portable/gcc/sam/port.o
                0x00080b10                SysTick_Handler
 .text.vPortSetupTimerInterrupt
                0x00080b3c       0x18 src/ASF/thirdparty/freertos/freertos-7.3.0/source/portable/gcc/sam/port.o
                0x00080b3c                vPortSetupTimerInterrupt
 .text.xPortStartScheduler
                0x00080b54       0x38 src/ASF/thirdparty/freertos/freertos-7.3.0/source/portable/gcc/sam/port.o
                0x00080b54                xPortStartScheduler
 .text.prvInsertBlockIntoFreeList
                0x00080b8c       0x58 src/ASF/thirdparty/freertos/freertos-7.3.0/source/portable/memmang/heap_4.o
 .text.pvPortMalloc
                0x00080be4       0xc4 src/ASF/thirdparty/freertos/freertos-7.3.0/source/portable/memmang/heap_4.o
                0x00080be4                pvPortMalloc
 .text.vPortFree
                0x00080ca8       0x34 src/ASF/thirdparty/freertos/freertos-7.3.0/source/portable/memmang/heap_4.o
                0x00080ca8                vPortFree
 .text.prvCopyDataToQueue
                0x00080cdc       0x64 src/ASF/thirdparty/freertos/freertos-7.3.0/source/queue.o
 .text.prvCopyDataFromQueue
                0x00080d40       0x28 src/ASF/thirdparty/freertos/freertos-7.3.0/source/queue.o
 .text.prvUnlockQueue
                0x00080d68       0x8c src/ASF/thirdparty/freertos/freertos-7.3.0/source/queue.o
 .text.xQueueGenericReset
                0x00080df4       0x7c src/ASF/thirdparty/freertos/freertos-7.3.0/source/queue.o
                0x00080df4                xQueueGenericReset
 .text.xQueueGenericCreate
                0x00080e70       0x58 src/ASF/thirdparty/freertos/freertos-7.3.0/source/queue.o
                0x00080e70                xQueueGenericCreate
 .text.xQueueGenericSend
                0x00080ec8      0x124 src/ASF/thirdparty/freertos/freertos-7.3.0/source/queue.o
                0x00080ec8                xQueueGenericSend
 .text.xQueueGenericSendFromISR
                0x00080fec       0x90 src/ASF/thirdparty/freertos/freertos-7.3.0/source/queue.o
                0x00080fec                xQueueGenericSendFromISR
 .text.xQueueGenericReceive
                0x0008107c      0x164 src/ASF/thirdparty/freertos/freertos-7.3.0/source/queue.o
                0x0008107c                xQueueGenericReceive
 .text.vQueueWaitForMessageRestricted
                0x000811e0       0x4c src/ASF/thirdparty/freertos/freertos-7.3.0/source/queue.o
                0x000811e0                vQueueWaitForMessageRestricted
 .text.prvAddCurrentTaskToDelayedList
                0x0008122c       0x5c src/ASF/thirdparty/freertos/freertos-7.3.0/source/tasks.o
 .text.xTaskGenericCreate
                0x00081288      0x208 src/ASF/thirdparty/freertos/freertos-7.3.0/source/tasks.o
                0x00081288                xTaskGenericCreate
 .text.vTaskStartScheduler
                0x00081490       0x6c src/ASF/thirdparty/freertos/freertos-7.3.0/source/tasks.o
                0x00081490                vTaskStartScheduler
 .text.vTaskSuspendAll
                0x000814fc       0x10 src/ASF/thirdparty/freertos/freertos-7.3.0/source/tasks.o
                0x000814fc                vTaskSuspendAll
 .text.xTaskGetTickCount
                0x0008150c       0x20 src/ASF/thirdparty/freertos/freertos-7.3.0/source/tasks.o
                0x0008150c                xTaskGetTickCount
 .text.vTaskIncrementTick
                0x0008152c      0x12c src/ASF/thirdparty/freertos/freertos-7.3.0/source/tasks.o
                0x0008152c                vTaskIncrementTick
 .text.xTaskResumeAll
                0x00081658      0x108 src/ASF/thirdparty/freertos/freertos-7.3.0/source/tasks.o
                0x00081658                xTaskResumeAll
 .text.vTaskDelayUntil
                0x00081760       0x98 src/ASF/thirdparty/freertos/freertos-7.3.0/source/tasks.o
                0x00081760                vTaskDelayUntil
 .text.vTaskDelay
                0x000817f8       0x4c src/ASF/thirdparty/freertos/freertos-7.3.0/source/tasks.o
                0x000817f8                vTaskDelay
 .text.prvIdleTask
                0x00081844       0x84 src/ASF/thirdparty/freertos/freertos-7.3.0/source/tasks.o
 .text.vTaskSwitchContext
                0x000818c8       0x90 src/ASF/thirdparty/freertos/freertos-7.3.0/source/tasks.o
                0x000818c8                vTaskSwitchContext
 .text.vTaskPlaceOnEventList
                0x00081958       0x64 src/ASF/thirdparty/freertos/freertos-7.3.0/source/tasks.o
                0x00081958                vTaskPlaceOnEventList
 .text.vTaskPlaceOnEventListRestricted
                0x000819bc       0x48 src/ASF/thirdparty/freertos/freertos-7.3.0/source/tasks.o
                0x000819bc                vTaskPlaceOnEventListRestricted
 .text.xTaskRemoveFromEventList
                0x00081a04       0x84 src/ASF/thirdparty/freertos/freertos-7.3.0/source/tasks.o
                0x00081a04                xTaskRemoveFromEventList
 .text.vTaskSetTimeOutState
                0x00081a88       0x28 src/ASF/thirdparty/freertos/freertos-7.3.0/source/tasks.o
                0x00081a88                vTaskSetTimeOutState
 .text.xTaskCheckForTimeOut
                0x00081ab0       0x8c src/ASF/thirdparty/freertos/freertos-7.3.0/source/tasks.o
                0x00081ab0                xTaskCheckForTimeOut
 .text.vTaskMissedYield
                0x00081b3c        0xc src/ASF/thirdparty/freertos/freertos-7.3.0/source/tasks.o
                0x00081b3c                vTaskMissedYield
 .text.xTaskGetCurrentTaskHandle
                0x00081b48        0xc src/ASF/thirdparty/freertos/freertos-7.3.0/source/tasks.o
                0x00081b48                xTaskGetCurrentTaskHandle
 .text.xTaskGetSchedulerState
                0x00081b54       0x20 src/ASF/thirdparty/freertos/freertos-7.3.0/source/tasks.o
                0x00081b54                xTaskGetSchedulerState
 .text.vTaskPriorityInherit
                0x00081b74       0x7c src/ASF/thirdparty/freertos/freertos-7.3.0/source/tasks.o
                0x00081b74                vTaskPriorityInherit
 .text.vTaskPriorityDisinherit
                0x00081bf0       0x50 src/ASF/thirdparty/freertos/freertos-7.3.0/source/tasks.o
                0x00081bf0                vTaskPriorityDisinherit
 .text.prvInsertTimerInActiveList
                0x00081c40       0x50 src/ASF/thirdparty/freertos/freertos-7.3.0/source/timers.o
 .text.prvCheckForValidListAndQueue
                0x00081c90       0x5c src/ASF/thirdparty/freertos/freertos-7.3.0/source/timers.o
 .text.xTimerCreateTimerTask
                0x00081cec       0x4c src/ASF/thirdparty/freertos/freertos-7.3.0/source/timers.o
                0x00081cec                xTimerCreateTimerTask
 .text.xTimerGenericCommand
                0x00081d38       0x58 src/ASF/thirdparty/freertos/freertos-7.3.0/source/timers.o
                0x00081d38                xTimerGenericCommand
 .text.prvSampleTimeNow
                0x00081d90       0xbc src/ASF/thirdparty/freertos/freertos-7.3.0/source/timers.o
 .text.prvTimerTask
                0x00081e4c      0x180 src/ASF/thirdparty/freertos/freertos-7.3.0/source/timers.o
 .text._write   0x00081fcc       0x54 src/ASF/common/utils/stdio/write.o
                0x00081fcc                _write
 .text.pwm_clocks_generate
                0x00082020       0x58 src/ASF/sam/drivers/pwm/pwm.o
 .text.pwm_init
                0x00082078       0x40 src/ASF/sam/drivers/pwm/pwm.o
                0x00082078                pwm_init
 .text.pwm_channel_init
                0x000820b8      0x104 src/ASF/sam/drivers/pwm/pwm.o
                0x000820b8                pwm_channel_init
 .text.pwm_channel_update_duty
                0x000821bc       0x24 src/ASF/sam/drivers/pwm/pwm.o
                0x000821bc                pwm_channel_update_duty
 .text.pwm_channel_enable
                0x000821e0        0xc src/ASF/sam/drivers/pwm/pwm.o
                0x000821e0                pwm_channel_enable
 .text.pwm_channel_disable
                0x000821ec        0xc src/ASF/sam/drivers/pwm/pwm.o
                0x000821ec                pwm_channel_disable
 .text.uart_init
                0x000821f8       0x38 src/ASF/sam/drivers/uart/uart.o
                0x000821f8                uart_init
 .text.uart_is_rx_ready
                0x00082230        0x8 src/ASF/sam/drivers/uart/uart.o
                0x00082230                uart_is_rx_ready
 .text.uart_write
                0x00082238       0x10 src/ASF/sam/drivers/uart/uart.o
                0x00082238                uart_write
 .text.uart_read
                0x00082248       0x14 src/ASF/sam/drivers/uart/uart.o
                0x00082248                uart_read
 .text.sysclk_init
                0x0008225c       0x64 src/ASF/common/services/clock/sam3x/sysclk.o
                0x0008225c                sysclk_init
 .text.board_init
                0x000822c0       0xa0 src/ASF/sam/boards/arduino_due_x/init.o
                0x000822c0                board_init
 .text.pio_set_peripheral
                0x00082360       0x40 src/ASF/sam/drivers/pio/pio.o
                0x00082360                pio_set_peripheral
 .text.pio_set_input
                0x000823a0       0x34 src/ASF/sam/drivers/pio/pio.o
                0x000823a0                pio_set_input
 .text.pio_set_output
                0x000823d4       0x28 src/ASF/sam/drivers/pio/pio.o
                0x000823d4                pio_set_output
 .text.pio_get_interrupt_status
                0x000823fc        0x4 src/ASF/sam/drivers/pio/pio.o
                0x000823fc                pio_get_interrupt_status
 .text.pio_get_interrupt_mask
                0x00082400        0x4 src/ASF/sam/drivers/pio/pio.o
                0x00082400                pio_get_interrupt_mask
 .text.pio_configure_pin
                0x00082404       0xd4 src/ASF/sam/drivers/pio/pio.o
                0x00082404                pio_configure_pin
 .text.pio_configure_pin_group
                0x000824d8       0xa0 src/ASF/sam/drivers/pio/pio.o
                0x000824d8                pio_configure_pin_group
 .text.pio_handler_process
                0x00082578       0x58 src/ASF/sam/drivers/pio/pio_handler.o
                0x00082578                pio_handler_process
 .text.PIOA_Handler
                0x000825d0       0x14 src/ASF/sam/drivers/pio/pio_handler.o
                0x000825d0                PIOA_Handler
 .text.PIOB_Handler
                0x000825e4       0x14 src/ASF/sam/drivers/pio/pio_handler.o
                0x000825e4                PIOB_Handler
 .text.PIOC_Handler
                0x000825f8       0x14 src/ASF/sam/drivers/pio/pio_handler.o
                0x000825f8                PIOC_Handler
 .text.PIOD_Handler
                0x0008260c       0x14 src/ASF/sam/drivers/pio/pio_handler.o
                0x0008260c                PIOD_Handler
 .text.pmc_switch_mck_to_pllack
                0x00082620       0x64 src/ASF/sam/drivers/pmc/pmc.o
                0x00082620                pmc_switch_mck_to_pllack
 .text.pmc_switch_mainck_to_xtal
                0x00082684       0x54 src/ASF/sam/drivers/pmc/pmc.o
                0x00082684                pmc_switch_mainck_to_xtal
 .text.pmc_osc_is_ready_mainck
                0x000826d8       0x10 src/ASF/sam/drivers/pmc/pmc.o
                0x000826d8                pmc_osc_is_ready_mainck
 .text.pmc_disable_pllack
                0x000826e8       0x10 src/ASF/sam/drivers/pmc/pmc.o
                0x000826e8                pmc_disable_pllack
 .text.pmc_is_locked_pllack
                0x000826f8       0x10 src/ASF/sam/drivers/pmc/pmc.o
                0x000826f8                pmc_is_locked_pllack
 .text.pmc_enable_periph_clk
                0x00082708       0x58 src/ASF/sam/drivers/pmc/pmc.o
                0x00082708                pmc_enable_periph_clk
 .text.Dummy_Handler
                0x00082760        0x4 src/ASF/sam/utils/cmsis/sam3x/source/templates/exceptions.o
                0x00082760                DACC_Handler
                0x00082760                DebugMon_Handler
                0x00082760                DMAC_Handler
                0x00082760                TRNG_Handler
                0x00082760                HardFault_Handler
                0x00082760                TC2_Handler
                0x00082760                USART3_Handler
                0x00082760                TWI1_Handler
                0x00082760                NMI_Handler
                0x00082760                TC7_Handler
                0x00082760                ADC_Handler
                0x00082760                SMC_Handler
                0x00082760                USART0_Handler
                0x00082760                RTT_Handler
                0x00082760                EFC1_Handler
                0x00082760                RTC_Handler
                0x00082760                UsageFault_Handler
                0x00082760                TC6_Handler
                0x00082760                WDT_Handler
                0x00082760                CAN0_Handler
                0x00082760                TC4_Handler
                0x00082760                TC1_Handler
                0x00082760                HSMCI_Handler
                0x00082760                TC3_Handler
                0x00082760                Dummy_Handler
                0x00082760                TWI0_Handler
                0x00082760                USART1_Handler
                0x00082760                SSC_Handler
                0x00082760                EFC0_Handler
                0x00082760                PMC_Handler
                0x00082760                PWM_Handler
                0x00082760                CAN1_Handler
                0x00082760                MemManage_Handler
                0x00082760                SUPC_Handler
                0x00082760                TC8_Handler
                0x00082760                USART2_Handler
                0x00082760                EMAC_Handler
                0x00082760                UART_Handler
                0x00082760                BusFault_Handler
                0x00082760                RSTC_Handler
                0x00082760                TC0_Handler
                0x00082760                TC5_Handler
                0x00082760                UOTGHS_Handler
                0x00082760                SPI0_Handler
 .text.Reset_Handler
                0x00082764       0xb0 src/ASF/sam/utils/cmsis/sam3x/source/templates/gcc/startup_sam3x.o
                0x00082764                Reset_Handler
 .text.SystemCoreClockUpdate
                0x00082814      0x11c src/ASF/sam/utils/cmsis/sam3x/source/templates/system_sam3x.o
                0x00082814                SystemCoreClockUpdate
 .text._sbrk    0x00082930       0x34 src/ASF/sam/utils/syscalls/gcc/syscalls.o
                0x00082930                _sbrk
 .text._close   0x00082964        0x8 src/ASF/sam/utils/syscalls/gcc/syscalls.o
                0x00082964                _close
 .text._fstat   0x0008296c        0xc src/ASF/sam/utils/syscalls/gcc/syscalls.o
                0x0008296c                _fstat
 .text._isatty  0x00082978        0x4 src/ASF/sam/utils/syscalls/gcc/syscalls.o
                0x00082978                _isatty
 .text._lseek   0x0008297c        0x4 src/ASF/sam/utils/syscalls/gcc/syscalls.o
                0x0008297c                _lseek
 .text.main     0x00082980      0x104 src/main.o
                0x00082980                main
 .text          0x00082a84      0x370 c:/program files (x86)/atmel/atmel toolchain/arm gcc/native/4.8.1443/arm-gnu-toolchain/bin/../lib/gcc/arm-none-eabi/4.8.4/armv7-m\libgcc.a(_arm_addsubdf3.o)
                0x00082a84                __aeabi_drsub
                0x00082a8c                __aeabi_dsub
                0x00082a8c                __subdf3
                0x00082a90                __aeabi_dadd
                0x00082a90                __adddf3
                0x00082d08                __floatunsidf
                0x00082d08                __aeabi_ui2d
                0x00082d28                __floatsidf
                0x00082d28                __aeabi_i2d
                0x00082d4c                __aeabi_f2d
                0x00082d4c                __extendsfdf2
                0x00082d88                __floatundidf
                0x00082d88                __aeabi_ul2d
                0x00082d98                __floatdidf
                0x00082d98                __aeabi_l2d
 .text          0x00082df4      0x424 c:/program files (x86)/atmel/atmel toolchain/arm gcc/native/4.8.1443/arm-gnu-toolchain/bin/../lib/gcc/arm-none-eabi/4.8.4/armv7-m\libgcc.a(_arm_muldivdf3.o)
                0x00082df4                __aeabi_dmul
                0x00082df4                __muldf3
                0x00083048                __divdf3
                0x00083048                __aeabi_ddiv
 .text          0x00083218       0x50 c:/program files (x86)/atmel/atmel toolchain/arm gcc/native/4.8.1443/arm-gnu-toolchain/bin/../lib/gcc/arm-none-eabi/4.8.4/armv7-m\libgcc.a(_arm_fixdfsi.o)
                0x00083218                __aeabi_d2iz
                0x00083218                __fixdfsi
 .text          0x00083268      0x21c c:/program files (x86)/atmel/atmel toolchain/arm gcc/native/4.8.1443/arm-gnu-toolchain/bin/../lib/gcc/arm-none-eabi/4.8.4/armv7-m\libgcc.a(_arm_addsubsf3.o)
                0x00083268                __aeabi_frsub
                0x00083270                __subsf3
                0x00083270                __aeabi_fsub
                0x00083274                __aeabi_fadd
                0x00083274                __addsf3
                0x000833d4                __aeabi_ui2f
                0x000833d4                __floatunsisf
                0x000833dc                __aeabi_i2f
                0x000833dc                __floatsisf
                0x000833f8                __aeabi_ul2f
                0x000833f8                __floatundisf
                0x00083408                __aeabi_l2f
                0x00083408                __floatdisf
 .text          0x00083484      0x2a0 c:/program files (x86)/atmel/atmel toolchain/arm gcc/native/4.8.1443/arm-gnu-toolchain/bin/../lib/gcc/arm-none-eabi/4.8.4/armv7-m\libgcc.a(_arm_muldivsf3.o)
                0x00083484                __mulsf3
                0x00083484                __aeabi_fmul
                0x000835ec                __aeabi_fdiv
                0x000835ec                __divsf3
 .text          0x00083724       0x40 c:/program files (x86)/atmel/atmel toolchain/arm gcc/native/4.8.1443/arm-gnu-toolchain/bin/../lib/gcc/arm-none-eabi/4.8.4/armv7-m\libgcc.a(_arm_fixunssfsi.o)
                0x00083724                __fixunssfsi
                0x00083724                __aeabi_f2uiz
 .text.__libc_init_array
                0x00083764       0x50 c:/program files (x86)/atmel/atmel toolchain/arm gcc/native/4.8.1443/arm-gnu-toolchain/bin/../lib/gcc/arm-none-eabi/4.8.4/../../../../arm-none-eabi/lib/armv7-m\libc.a(lib_a-init.o)
                0x00083764                __libc_init_array
 .text.iprintf  0x000837b4       0x28 c:/program files (x86)/atmel/atmel toolchain/arm gcc/native/4.8.1443/arm-gnu-toolchain/bin/../lib/gcc/arm-none-eabi/4.8.4/../../../../arm-none-eabi/lib/armv7-m\libc.a(lib_a-iprintf.o)
                0x000837b4                iprintf
 .text          0x000837dc       0xec c:/program files (x86)/atmel/atmel toolchain/arm gcc/native/4.8.1443/arm-gnu-toolchain/bin/../lib/gcc/arm-none-eabi/4.8.4/../../../../arm-none-eabi/lib/armv7-m\libc.a(lib_a-memcpy.o)
                0x000837dc                memcpy
 .text.memset   0x000838c8       0x94 c:/program files (x86)/atmel/atmel toolchain/arm gcc/native/4.8.1443/arm-gnu-toolchain/bin/../lib/gcc/arm-none-eabi/4.8.4/../../../../arm-none-eabi/lib/armv7-m\libc.a(lib_a-memset.o)
                0x000838c8                memset
 .text.setbuf   0x0008395c       0x10 c:/program files (x86)/atmel/atmel toolchain/arm gcc/native/4.8.1443/arm-gnu-toolchain/bin/../lib/gcc/arm-none-eabi/4.8.4/../../../../arm-none-eabi/lib/armv7-m\libc.a(lib_a-setbuf.o)
                0x0008395c                setbuf
 .text.setvbuf  0x0008396c      0x100 c:/program files (x86)/atmel/atmel toolchain/arm gcc/native/4.8.1443/arm-gnu-toolchain/bin/../lib/gcc/arm-none-eabi/4.8.4/../../../../arm-none-eabi/lib/armv7-m\libc.a(lib_a-setvbuf.o)
                0x0008396c                setvbuf
 .text.strlen   0x00083a6c       0x60 c:/program files (x86)/atmel/atmel toolchain/arm gcc/native/4.8.1443/arm-gnu-toolchain/bin/../lib/gcc/arm-none-eabi/4.8.4/../../../../arm-none-eabi/lib/armv7-m\libc.a(lib_a-strlen.o)
                0x00083a6c                strlen
 .text.strncpy  0x00083acc       0x64 c:/program files (x86)/atmel/atmel toolchain/arm gcc/native/4.8.1443/arm-gnu-toolchain/bin/../lib/gcc/arm-none-eabi/4.8.4/../../../../arm-none-eabi/lib/armv7-m\libc.a(lib_a-strncpy.o)
                0x00083acc                strncpy
 .text.__sprint_r.part.0
                0x00083b30       0x78 c:/program files (x86)/atmel/atmel toolchain/arm gcc/native/4.8.1443/arm-gnu-toolchain/bin/../lib/gcc/arm-none-eabi/4.8.4/../../../../arm-none-eabi/lib/armv7-m\libc.a(lib_a-vfiprintf.o)
 .text._vfiprintf_r
                0x00083ba8      0xc54 c:/program files (x86)/atmel/atmel toolchain/arm gcc/native/4.8.1443/arm-gnu-toolchain/bin/../lib/gcc/arm-none-eabi/4.8.4/../../../../arm-none-eabi/lib/armv7-m\libc.a(lib_a-vfiprintf.o)
                0x00083ba8                _vfiprintf_r
 .text.__sbprintf
                0x000847fc       0x7c c:/program files (x86)/atmel/atmel toolchain/arm gcc/native/4.8.1443/arm-gnu-toolchain/bin/../lib/gcc/arm-none-eabi/4.8.4/../../../../arm-none-eabi/lib/armv7-m\libc.a(lib_a-vfiprintf.o)
 .text.__swsetup_r
                0x00084878       0xc4 c:/program files (x86)/atmel/atmel toolchain/arm gcc/native/4.8.1443/arm-gnu-toolchain/bin/../lib/gcc/arm-none-eabi/4.8.4/../../../../arm-none-eabi/lib/armv7-m\libc.a(lib_a-wsetup.o)
                0x00084878                __swsetup_r
 .text.startup.register_fini
                0x0008493c       0x14 c:/program files (x86)/atmel/atmel toolchain/arm gcc/native/4.8.1443/arm-gnu-toolchain/bin/../lib/gcc/arm-none-eabi/4.8.4/../../../../arm-none-eabi/lib/armv7-m\libc.a(lib_a-__call_atexit.o)
 .text.atexit   0x00084950        0xc c:/program files (x86)/atmel/atmel toolchain/arm gcc/native/4.8.1443/arm-gnu-toolchain/bin/../lib/gcc/arm-none-eabi/4.8.4/../../../../arm-none-eabi/lib/armv7-m\libc.a(lib_a-atexit.o)
                0x00084950                atexit
 .text.__sflush_r
                0x0008495c      0x148 c:/program files (x86)/atmel/atmel toolchain/arm gcc/native/4.8.1443/arm-gnu-toolchain/bin/../lib/gcc/arm-none-eabi/4.8.4/../../../../arm-none-eabi/lib/armv7-m\libc.a(lib_a-fflush.o)
                0x0008495c                __sflush_r
 .text._fflush_r
                0x00084aa4       0x2c c:/program files (x86)/atmel/atmel toolchain/arm gcc/native/4.8.1443/arm-gnu-toolchain/bin/../lib/gcc/arm-none-eabi/4.8.4/../../../../arm-none-eabi/lib/armv7-m\libc.a(lib_a-fflush.o)
                0x00084aa4                _fflush_r
 .text._cleanup_r
                0x00084ad0        0xc c:/program files (x86)/atmel/atmel toolchain/arm gcc/native/4.8.1443/arm-gnu-toolchain/bin/../lib/gcc/arm-none-eabi/4.8.4/../../../../arm-none-eabi/lib/armv7-m\libc.a(lib_a-findfp.o)
                0x00084ad0                _cleanup_r
 .text.__sinit  0x00084adc       0xf4 c:/program files (x86)/atmel/atmel toolchain/arm gcc/native/4.8.1443/arm-gnu-toolchain/bin/../lib/gcc/arm-none-eabi/4.8.4/../../../../arm-none-eabi/lib/armv7-m\libc.a(lib_a-findfp.o)
                0x00084adc                __sinit
 .text.__sfp_lock_acquire
                0x00084bd0        0x4 c:/program files (x86)/atmel/atmel toolchain/arm gcc/native/4.8.1443/arm-gnu-toolchain/bin/../lib/gcc/arm-none-eabi/4.8.4/../../../../arm-none-eabi/lib/armv7-m\libc.a(lib_a-findfp.o)
                0x00084bd0                __sfp_lock_acquire
 .text.__sfp_lock_release
                0x00084bd4        0x4 c:/program files (x86)/atmel/atmel toolchain/arm gcc/native/4.8.1443/arm-gnu-toolchain/bin/../lib/gcc/arm-none-eabi/4.8.4/../../../../arm-none-eabi/lib/armv7-m\libc.a(lib_a-findfp.o)
                0x00084bd4                __sfp_lock_release
 .text.__libc_fini_array
                0x00084bd8       0x30 c:/program files (x86)/atmel/atmel toolchain/arm gcc/native/4.8.1443/arm-gnu-toolchain/bin/../lib/gcc/arm-none-eabi/4.8.4/../../../../arm-none-eabi/lib/armv7-m\libc.a(lib_a-fini.o)
                0x00084bd8                __libc_fini_array
 .text._fputwc_r
                0x00084c08       0xc0 c:/program files (x86)/atmel/atmel toolchain/arm gcc/native/4.8.1443/arm-gnu-toolchain/bin/../lib/gcc/arm-none-eabi/4.8.4/../../../../arm-none-eabi/lib/armv7-m\libc.a(lib_a-fputwc.o)
                0x00084c08                _fputwc_r
 .text._malloc_trim_r
                0x00084cc8       0x9c c:/program files (x86)/atmel/atmel toolchain/arm gcc/native/4.8.1443/arm-gnu-toolchain/bin/../lib/gcc/arm-none-eabi/4.8.4/../../../../arm-none-eabi/lib/armv7-m\libc.a(lib_a-freer.o)
                0x00084cc8                _malloc_trim_r
 .text._free_r  0x00084d64      0x198 c:/program files (x86)/atmel/atmel toolchain/arm gcc/native/4.8.1443/arm-gnu-toolchain/bin/../lib/gcc/arm-none-eabi/4.8.4/../../../../arm-none-eabi/lib/armv7-m\libc.a(lib_a-freer.o)
                0x00084d64                _free_r
 .text.__sfvwrite_r
                0x00084efc      0x318 c:/program files (x86)/atmel/atmel toolchain/arm gcc/native/4.8.1443/arm-gnu-toolchain/bin/../lib/gcc/arm-none-eabi/4.8.4/../../../../arm-none-eabi/lib/armv7-m\libc.a(lib_a-fvwrite.o)
                0x00084efc                __sfvwrite_r
 .text._fwalk   0x00085214       0x48 c:/program files (x86)/atmel/atmel toolchain/arm gcc/native/4.8.1443/arm-gnu-toolchain/bin/../lib/gcc/arm-none-eabi/4.8.4/../../../../arm-none-eabi/lib/armv7-m\libc.a(lib_a-fwalk.o)
                0x00085214                _fwalk
 .text.__locale_charset
                0x0008525c        0x8 c:/program files (x86)/atmel/atmel toolchain/arm gcc/native/4.8.1443/arm-gnu-toolchain/bin/../lib/gcc/arm-none-eabi/4.8.4/../../../../arm-none-eabi/lib/armv7-m\libc.a(lib_a-locale.o)
                0x0008525c                __locale_charset
 .text.__locale_mb_cur_max
                0x00085264        0xc c:/program files (x86)/atmel/atmel toolchain/arm gcc/native/4.8.1443/arm-gnu-toolchain/bin/../lib/gcc/arm-none-eabi/4.8.4/../../../../arm-none-eabi/lib/armv7-m\libc.a(lib_a-locale.o)
                0x00085264                __locale_mb_cur_max
 .text.__smakebuf_r
                0x00085270       0xe0 c:/program files (x86)/atmel/atmel toolchain/arm gcc/native/4.8.1443/arm-gnu-toolchain/bin/../lib/gcc/arm-none-eabi/4.8.4/../../../../arm-none-eabi/lib/armv7-m\libc.a(lib_a-makebuf.o)
                0x00085270                __smakebuf_r
 .text.malloc   0x00085350       0x10 c:/program files (x86)/atmel/atmel toolchain/arm gcc/native/4.8.1443/arm-gnu-toolchain/bin/../lib/gcc/arm-none-eabi/4.8.4/../../../../arm-none-eabi/lib/armv7-m\libc.a(lib_a-malloc.o)
                0x00085350                malloc
 .text._malloc_r
                0x00085360      0x538 c:/program files (x86)/atmel/atmel toolchain/arm gcc/native/4.8.1443/arm-gnu-toolchain/bin/../lib/gcc/arm-none-eabi/4.8.4/../../../../arm-none-eabi/lib/armv7-m\libc.a(lib_a-mallocr.o)
                0x00085360                _malloc_r
 .text.memchr   0x00085898       0x94 c:/program files (x86)/atmel/atmel toolchain/arm gcc/native/4.8.1443/arm-gnu-toolchain/bin/../lib/gcc/arm-none-eabi/4.8.4/../../../../arm-none-eabi/lib/armv7-m\libc.a(lib_a-memchr-stub.o)
                0x00085898                memchr
 .text.memmove  0x0008592c       0xcc c:/program files (x86)/atmel/atmel toolchain/arm gcc/native/4.8.1443/arm-gnu-toolchain/bin/../lib/gcc/arm-none-eabi/4.8.4/../../../../arm-none-eabi/lib/armv7-m\libc.a(lib_a-memmove.o)
                0x0008592c                memmove
 .text.__malloc_lock
                0x000859f8        0x4 c:/program files (x86)/atmel/atmel toolchain/arm gcc/native/4.8.1443/arm-gnu-toolchain/bin/../lib/gcc/arm-none-eabi/4.8.4/../../../../arm-none-eabi/lib/armv7-m\libc.a(lib_a-mlock.o)
                0x000859f8                __malloc_lock
 .text.__malloc_unlock
                0x000859fc        0x4 c:/program files (x86)/atmel/atmel toolchain/arm gcc/native/4.8.1443/arm-gnu-toolchain/bin/../lib/gcc/arm-none-eabi/4.8.4/../../../../arm-none-eabi/lib/armv7-m\libc.a(lib_a-mlock.o)
                0x000859fc                __malloc_unlock
 .text._realloc_r
                0x00085a00      0x3c0 c:/program files (x86)/atmel/atmel toolchain/arm gcc/native/4.8.1443/arm-gnu-toolchain/bin/../lib/gcc/arm-none-eabi/4.8.4/../../../../arm-none-eabi/lib/armv7-m\libc.a(lib_a-reallocr.o)
                0x00085a00                _realloc_r
 .text._sbrk_r  0x00085dc0       0x24 c:/program files (x86)/atmel/atmel toolchain/arm gcc/native/4.8.1443/arm-gnu-toolchain/bin/../lib/gcc/arm-none-eabi/4.8.4/../../../../arm-none-eabi/lib/armv7-m\libc.a(lib_a-sbrkr.o)
                0x00085dc0                _sbrk_r
 .text.__sread  0x00085de4       0x24 c:/program files (x86)/atmel/atmel toolchain/arm gcc/native/4.8.1443/arm-gnu-toolchain/bin/../lib/gcc/arm-none-eabi/4.8.4/../../../../arm-none-eabi/lib/armv7-m\libc.a(lib_a-stdio.o)
                0x00085de4                __sread
 .text.__swrite
                0x00085e08       0x38 c:/program files (x86)/atmel/atmel toolchain/arm gcc/native/4.8.1443/arm-gnu-toolchain/bin/../lib/gcc/arm-none-eabi/4.8.4/../../../../arm-none-eabi/lib/armv7-m\libc.a(lib_a-stdio.o)
                0x00085e08                __swrite
 .text.__sseek  0x00085e40       0x20 c:/program files (x86)/atmel/atmel toolchain/arm gcc/native/4.8.1443/arm-gnu-toolchain/bin/../lib/gcc/arm-none-eabi/4.8.4/../../../../arm-none-eabi/lib/armv7-m\libc.a(lib_a-stdio.o)
                0x00085e40                __sseek
 .text.__sclose
                0x00085e60        0x8 c:/program files (x86)/atmel/atmel toolchain/arm gcc/native/4.8.1443/arm-gnu-toolchain/bin/../lib/gcc/arm-none-eabi/4.8.4/../../../../arm-none-eabi/lib/armv7-m\libc.a(lib_a-stdio.o)
                0x00085e60                __sclose
 .text.__swbuf_r
                0x00085e68       0xa8 c:/program files (x86)/atmel/atmel toolchain/arm gcc/native/4.8.1443/arm-gnu-toolchain/bin/../lib/gcc/arm-none-eabi/4.8.4/../../../../arm-none-eabi/lib/armv7-m\libc.a(lib_a-wbuf.o)
                0x00085e68                __swbuf_r
 .text._wcrtomb_r
                0x00085f10       0x50 c:/program files (x86)/atmel/atmel toolchain/arm gcc/native/4.8.1443/arm-gnu-toolchain/bin/../lib/gcc/arm-none-eabi/4.8.4/../../../../arm-none-eabi/lib/armv7-m\libc.a(lib_a-wcrtomb.o)
                0x00085f10                _wcrtomb_r
 .text.__ascii_wctomb
                0x00085f60       0x1c c:/program files (x86)/atmel/atmel toolchain/arm gcc/native/4.8.1443/arm-gnu-toolchain/bin/../lib/gcc/arm-none-eabi/4.8.4/../../../../arm-none-eabi/lib/armv7-m\libc.a(lib_a-wctomb_r.o)
                0x00085f60                __ascii_wctomb
 .text._write_r
                0x00085f7c       0x28 c:/program files (x86)/atmel/atmel toolchain/arm gcc/native/4.8.1443/arm-gnu-toolchain/bin/../lib/gcc/arm-none-eabi/4.8.4/../../../../arm-none-eabi/lib/armv7-m\libc.a(lib_a-writer.o)
                0x00085f7c                _write_r
 .text.__register_exitproc
                0x00085fa4       0xa8 c:/program files (x86)/atmel/atmel toolchain/arm gcc/native/4.8.1443/arm-gnu-toolchain/bin/../lib/gcc/arm-none-eabi/4.8.4/../../../../arm-none-eabi/lib/armv7-m\libc.a(lib_a-__atexit.o)
                0x00085fa4                __register_exitproc
 .text._close_r
                0x0008604c       0x24 c:/program files (x86)/atmel/atmel toolchain/arm gcc/native/4.8.1443/arm-gnu-toolchain/bin/../lib/gcc/arm-none-eabi/4.8.4/../../../../arm-none-eabi/lib/armv7-m\libc.a(lib_a-closer.o)
                0x0008604c                _close_r
 .text._fclose_r
                0x00086070       0x80 c:/program files (x86)/atmel/atmel toolchain/arm gcc/native/4.8.1443/arm-gnu-toolchain/bin/../lib/gcc/arm-none-eabi/4.8.4/../../../../arm-none-eabi/lib/armv7-m\libc.a(lib_a-fclose.o)
                0x00086070                _fclose_r
 .text.fclose   0x000860f0       0x10 c:/program files (x86)/atmel/atmel toolchain/arm gcc/native/4.8.1443/arm-gnu-toolchain/bin/../lib/gcc/arm-none-eabi/4.8.4/../../../../arm-none-eabi/lib/armv7-m\libc.a(lib_a-fclose.o)
                0x000860f0                fclose
 .text._fstat_r
                0x00086100       0x28 c:/program files (x86)/atmel/atmel toolchain/arm gcc/native/4.8.1443/arm-gnu-toolchain/bin/../lib/gcc/arm-none-eabi/4.8.4/../../../../arm-none-eabi/lib/armv7-m\libc.a(lib_a-fstatr.o)
                0x00086100                _fstat_r
 .text._isatty_r
                0x00086128       0x24 c:/program files (x86)/atmel/atmel toolchain/arm gcc/native/4.8.1443/arm-gnu-toolchain/bin/../lib/gcc/arm-none-eabi/4.8.4/../../../../arm-none-eabi/lib/armv7-m\libc.a(lib_a-isattyr.o)
                0x00086128                _isatty_r
 .text._lseek_r
                0x0008614c       0x28 c:/program files (x86)/atmel/atmel toolchain/arm gcc/native/4.8.1443/arm-gnu-toolchain/bin/../lib/gcc/arm-none-eabi/4.8.4/../../../../arm-none-eabi/lib/armv7-m\libc.a(lib_a-lseekr.o)
                0x0008614c                _lseek_r
 .text._read_r  0x00086174       0x28 c:/program files (x86)/atmel/atmel toolchain/arm gcc/native/4.8.1443/arm-gnu-toolchain/bin/../lib/gcc/arm-none-eabi/4.8.4/../../../../arm-none-eabi/lib/armv7-m\libc.a(lib_a-readr.o)
                0x00086174                _read_r
 .text          0x0008619c       0x2c c:/program files (x86)/atmel/atmel toolchain/arm gcc/native/4.8.1443/arm-gnu-toolchain/bin/../lib/gcc/arm-none-eabi/4.8.4/armv7-m\libgcc.a(_aeabi_uldivmod.o)
                0x0008619c                __aeabi_uldivmod
 .text          0x000861c8       0x60 c:/program files (x86)/atmel/atmel toolchain/arm gcc/native/4.8.1443/arm-gnu-toolchain/bin/../lib/gcc/arm-none-eabi/4.8.4/armv7-m\libgcc.a(bpabi.o)
                0x000861c8                __gnu_ldivmod_helper
                0x000861f8                __gnu_uldivmod_helper
 .text          0x00086228        0x4 c:/program files (x86)/atmel/atmel toolchain/arm gcc/native/4.8.1443/arm-gnu-toolchain/bin/../lib/gcc/arm-none-eabi/4.8.4/armv7-m\libgcc.a(_dvmd_tls.o)
                0x00086228                __aeabi_idiv0
                0x00086228                __aeabi_ldiv0
 .text          0x0008622c      0x2a0 c:/program files (x86)/atmel/atmel toolchain/arm gcc/native/4.8.1443/arm-gnu-toolchain/bin/../lib/gcc/arm-none-eabi/4.8.4/armv7-m\libgcc.a(_divdi3.o)
                0x0008622c                __divdi3
 .text          0x000864cc      0x290 c:/program files (x86)/atmel/atmel toolchain/arm gcc/native/4.8.1443/arm-gnu-toolchain/bin/../lib/gcc/arm-none-eabi/4.8.4/armv7-m\libgcc.a(_udivdi3.o)
                0x000864cc                __udivdi3
 *(.glue_7t)
 .glue_7t       0x00000000        0x0 linker stubs
 *(.glue_7)
 .glue_7        0x00000000        0x0 linker stubs
 *(.rodata .rodata* .gnu.linkonce.r.*)
 .rodata.str1.4
                0x0008675c       0x1d src/UARTFunctions.o
                                 0x20 (size before relaxing)
 *fill*         0x00086779        0x3 
 .rodata.str1.4
                0x0008677c       0x19 src/ASF/thirdparty/freertos/freertos-7.3.0/source/tasks.o
                                 0x20 (size before relaxing)
 *fill*         0x00086795        0x3 
 .rodata.str1.4
                0x00086798        0x8 src/ASF/thirdparty/freertos/freertos-7.3.0/source/timers.o
 .rodata        0x000867a0       0x2c src/ASF/sam/drivers/pwm/pwm.o
 .rodata.str1.4
                0x000867cc       0x7f src/main.o
                                 0x80 (size before relaxing)
 *fill*         0x0008684b        0x1 
 .rodata.str1.4
                0x0008684c        0x2 c:/program files (x86)/atmel/atmel toolchain/arm gcc/native/4.8.1443/arm-gnu-toolchain/bin/../lib/gcc/arm-none-eabi/4.8.4/../../../../arm-none-eabi/lib/armv7-m\libc.a(lib_a-impure.o)
                                  0x4 (size before relaxing)
 *fill*         0x0008684e        0x2 
 .rodata._global_impure_ptr
                0x00086850        0x4 c:/program files (x86)/atmel/atmel toolchain/arm gcc/native/4.8.1443/arm-gnu-toolchain/bin/../lib/gcc/arm-none-eabi/4.8.4/../../../../arm-none-eabi/lib/armv7-m\libc.a(lib_a-impure.o)
                0x00086850                _global_impure_ptr
 .rodata.str1.4
                0x00086854       0x30 c:/program files (x86)/atmel/atmel toolchain/arm gcc/native/4.8.1443/arm-gnu-toolchain/bin/../lib/gcc/arm-none-eabi/4.8.4/../../../../arm-none-eabi/lib/armv7-m\libc.a(lib_a-vfiprintf.o)
 .rodata.zeroes.6721
                0x00086884       0x10 c:/program files (x86)/atmel/atmel toolchain/arm gcc/native/4.8.1443/arm-gnu-toolchain/bin/../lib/gcc/arm-none-eabi/4.8.4/../../../../arm-none-eabi/lib/armv7-m\libc.a(lib_a-vfiprintf.o)
 .rodata.blanks.6720
                0x00086894       0x10 c:/program files (x86)/atmel/atmel toolchain/arm gcc/native/4.8.1443/arm-gnu-toolchain/bin/../lib/gcc/arm-none-eabi/4.8.4/../../../../arm-none-eabi/lib/armv7-m\libc.a(lib_a-vfiprintf.o)
 *(.ARM.extab* .gnu.linkonce.armextab.*)
                0x000868a4                . = ALIGN (0x4)
 *(.init)
 .init          0x000868a4        0x4 c:/program files (x86)/atmel/atmel toolchain/arm gcc/native/4.8.1443/arm-gnu-toolchain/bin/../lib/gcc/arm-none-eabi/4.8.4/armv7-m/crti.o
                0x000868a4                _init
 .init          0x000868a8        0x8 c:/program files (x86)/atmel/atmel toolchain/arm gcc/native/4.8.1443/arm-gnu-toolchain/bin/../lib/gcc/arm-none-eabi/4.8.4/armv7-m/crtn.o
                0x000868b0                . = ALIGN (0x4)
                0x000868b0                __preinit_array_start = .
 *(.preinit_array)
                0x000868b0                __preinit_array_end = .
                0x000868b0                . = ALIGN (0x4)
                0x000868b0                __init_array_start = .
 *(SORT(.init_array.*))
 .init_array.00000
                0x000868b0        0x4 c:/program files (x86)/atmel/atmel toolchain/arm gcc/native/4.8.1443/arm-gnu-toolchain/bin/../lib/gcc/arm-none-eabi/4.8.4/../../../../arm-none-eabi/lib/armv7-m\libc.a(lib_a-__call_atexit.o)
 *(.init_array)
 .init_array    0x000868b4        0x4 c:/program files (x86)/atmel/atmel toolchain/arm gcc/native/4.8.1443/arm-gnu-toolchain/bin/../lib/gcc/arm-none-eabi/4.8.4/armv7-m/crtbegin.o
                0x000868b8                __init_array_end = .
                0x000868b8                . = ALIGN (0x4)
 *crtbegin.o(.ctors)
 *(EXCLUDE_FILE(*crtend.o) .ctors)
 *(SORT(.ctors.*))
 *crtend.o(.ctors)
                0x000868b8                . = ALIGN (0x4)
 *(.fini)
 .fini          0x000868b8        0x4 c:/program files (x86)/atmel/atmel toolchain/arm gcc/native/4.8.1443/arm-gnu-toolchain/bin/../lib/gcc/arm-none-eabi/4.8.4/armv7-m/crti.o
                0x000868b8                _fini
 .fini          0x000868bc        0x8 c:/program files (x86)/atmel/atmel toolchain/arm gcc/native/4.8.1443/arm-gnu-toolchain/bin/../lib/gcc/arm-none-eabi/4.8.4/armv7-m/crtn.o
                0x000868c4                . = ALIGN (0x4)
                0x000868c4                __fini_array_start = .
 *(.fini_array)
 .fini_array    0x000868c4        0x4 c:/program files (x86)/atmel/atmel toolchain/arm gcc/native/4.8.1443/arm-gnu-toolchain/bin/../lib/gcc/arm-none-eabi/4.8.4/armv7-m/crtbegin.o
 *(SORT(.fini_array.*))
                0x000868c8                __fini_array_end = .
 *crtbegin.o(.dtors)
 *(EXCLUDE_FILE(*crtend.o) .dtors)
 *(SORT(.dtors.*))
 *crtend.o(.dtors)
                0x000868c8                . = ALIGN (0x4)
                0x000868c8                _efixed = .
                0x000868c8                PROVIDE (__exidx_start, .)

.vfp11_veneer   0x000868c8        0x0
 .vfp11_veneer  0x00000000        0x0 linker stubs

.v4_bx          0x000868c8        0x0
 .v4_bx         0x00000000        0x0 linker stubs

.iplt           0x000868c8        0x0
 .iplt          0x00000000        0x0 c:/program files (x86)/atmel/atmel toolchain/arm gcc/native/4.8.1443/arm-gnu-toolchain/bin/../lib/gcc/arm-none-eabi/4.8.4/armv7-m/crtbegin.o

.ARM.exidx      0x000868c8        0x8
 *(.ARM.exidx* .gnu.linkonce.armexidx.*)
 .ARM.exidx     0x000868c8        0x8 c:/program files (x86)/atmel/atmel toolchain/arm gcc/native/4.8.1443/arm-gnu-toolchain/bin/../lib/gcc/arm-none-eabi/4.8.4/armv7-m\libgcc.a(_divdi3.o)
 .ARM.exidx     0x000868d0        0x0 c:/program files (x86)/atmel/atmel toolchain/arm gcc/native/4.8.1443/arm-gnu-toolchain/bin/../lib/gcc/arm-none-eabi/4.8.4/armv7-m\libgcc.a(_udivdi3.o)
                                  0x8 (size before relaxing)
                0x000868d0                PROVIDE (__exidx_end, .)

.eh_frame       0x000868d0        0x0
 .eh_frame      0x000868d0        0x0 c:/program files (x86)/atmel/atmel toolchain/arm gcc/native/4.8.1443/arm-gnu-toolchain/bin/../lib/gcc/arm-none-eabi/4.8.4/armv7-m/crtbegin.o

.rel.dyn        0x000868d0        0x0
 .rel.iplt      0x00000000        0x0 c:/program files (x86)/atmel/atmel toolchain/arm gcc/native/4.8.1443/arm-gnu-toolchain/bin/../lib/gcc/arm-none-eabi/4.8.4/armv7-m/crtbegin.o

.jcr            0x000868d0        0x0
 .jcr           0x000868d0        0x0 c:/program files (x86)/atmel/atmel toolchain/arm gcc/native/4.8.1443/arm-gnu-toolchain/bin/../lib/gcc/arm-none-eabi/4.8.4/armv7-m/crtbegin.o

.igot.plt       0x000868d0        0x0
 .igot.plt      0x00000000        0x0 c:/program files (x86)/atmel/atmel toolchain/arm gcc/native/4.8.1443/arm-gnu-toolchain/bin/../lib/gcc/arm-none-eabi/4.8.4/armv7-m/crtbegin.o
                0x000868d0                . = ALIGN (0x4)
                0x000868d0                _etext = .

.relocate       0x20070000      0x9a4 load address 0x000868d0
                0x20070000                . = ALIGN (0x4)
                0x20070000                _srelocate = .
 *(.ramfunc .ramfunc.*)
 .ramfunc       0x20070000      0x12c src/ASF/sam/utils/cmsis/sam3x/source/templates/system_sam3x.o
                0x20070000                SystemInit
                0x200700a4                system_init_flash
 *(.data .data.*)
 .data.uxCriticalNesting
                0x2007012c        0x4 src/ASF/thirdparty/freertos/freertos-7.3.0/source/portable/gcc/sam/port.o
 .data.xFreeBytesRemaining
                0x20070130        0x4 src/ASF/thirdparty/freertos/freertos-7.3.0/source/portable/memmang/heap_4.o
 .data.xNextTaskUnblockTime
                0x20070134        0x2 src/ASF/thirdparty/freertos/freertos-7.3.0/source/tasks.o
 *fill*         0x20070136        0x2 
 .data.SystemCoreClock
                0x20070138        0x4 src/ASF/sam/utils/cmsis/sam3x/source/templates/system_sam3x.o
                0x20070138                SystemCoreClock
 *fill*         0x2007013c        0x4 
 .data.impure_data
                0x20070140      0x428 c:/program files (x86)/atmel/atmel toolchain/arm gcc/native/4.8.1443/arm-gnu-toolchain/bin/../lib/gcc/arm-none-eabi/4.8.4/../../../../arm-none-eabi/lib/armv7-m\libc.a(lib_a-impure.o)
 .data._impure_ptr
                0x20070568        0x4 c:/program files (x86)/atmel/atmel toolchain/arm gcc/native/4.8.1443/arm-gnu-toolchain/bin/../lib/gcc/arm-none-eabi/4.8.4/../../../../arm-none-eabi/lib/armv7-m\libc.a(lib_a-impure.o)
                0x20070568                _impure_ptr
 .data.lc_ctype_charset
                0x2007056c       0x20 c:/program files (x86)/atmel/atmel toolchain/arm gcc/native/4.8.1443/arm-gnu-toolchain/bin/../lib/gcc/arm-none-eabi/4.8.4/../../../../arm-none-eabi/lib/armv7-m\libc.a(lib_a-locale.o)
 .data.__mb_cur_max
                0x2007058c        0x4 c:/program files (x86)/atmel/atmel toolchain/arm gcc/native/4.8.1443/arm-gnu-toolchain/bin/../lib/gcc/arm-none-eabi/4.8.4/../../../../arm-none-eabi/lib/armv7-m\libc.a(lib_a-locale.o)
                0x2007058c                __mb_cur_max
 .data.__malloc_av_
                0x20070590      0x408 c:/program files (x86)/atmel/atmel toolchain/arm gcc/native/4.8.1443/arm-gnu-toolchain/bin/../lib/gcc/arm-none-eabi/4.8.4/../../../../arm-none-eabi/lib/armv7-m\libc.a(lib_a-mallocr.o)
                0x20070590                __malloc_av_
 .data.__malloc_trim_threshold
                0x20070998        0x4 c:/program files (x86)/atmel/atmel toolchain/arm gcc/native/4.8.1443/arm-gnu-toolchain/bin/../lib/gcc/arm-none-eabi/4.8.4/../../../../arm-none-eabi/lib/armv7-m\libc.a(lib_a-mallocr.o)
                0x20070998                __malloc_trim_threshold
 .data.__malloc_sbrk_base
                0x2007099c        0x4 c:/program files (x86)/atmel/atmel toolchain/arm gcc/native/4.8.1443/arm-gnu-toolchain/bin/../lib/gcc/arm-none-eabi/4.8.4/../../../../arm-none-eabi/lib/armv7-m\libc.a(lib_a-mallocr.o)
                0x2007099c                __malloc_sbrk_base
 .data.__wctomb
                0x200709a0        0x4 c:/program files (x86)/atmel/atmel toolchain/arm gcc/native/4.8.1443/arm-gnu-toolchain/bin/../lib/gcc/arm-none-eabi/4.8.4/../../../../arm-none-eabi/lib/armv7-m\libc.a(lib_a-wctomb_r.o)
                0x200709a0                __wctomb
                0x200709a4                . = ALIGN (0x4)
                0x200709a4                _erelocate = .

.bss            0x200709a8     0x8310 load address 0x00087278
                0x200709a8                . = ALIGN (0x4)
                0x200709a8                _sbss = .
                0x200709a8                _szero = .
 *(.bss .bss.*)
 .bss           0x200709a8       0x1c c:/program files (x86)/atmel/atmel toolchain/arm gcc/native/4.8.1443/arm-gnu-toolchain/bin/../lib/gcc/arm-none-eabi/4.8.4/armv7-m/crtbegin.o
 *fill*         0x200709c4        0x4 
 .bss.I_CONSTANT
                0x200709c8        0x8 src/global_variables.o
                0x200709c8                I_CONSTANT
 .bss.sem       0x200709d0        0x4 src/global_variables.o
                0x200709d0                sem
 .bss.output_value
                0x200709d4        0x4 src/global_variables.o
                0x200709d4                output_value
 .bss.dTimeRtos
                0x200709d8        0x1 src/global_variables.o
                0x200709d8                dTimeRtos
 *fill*         0x200709d9        0x7 
 .bss.dTime     0x200709e0        0x8 src/global_variables.o
                0x200709e0                dTime
 .bss.old_error
                0x200709e8        0x4 src/global_variables.o
                0x200709e8                old_error
 .bss.distance  0x200709ec        0x4 src/global_variables.o
                0x200709ec                distance
 .bss.error     0x200709f0        0x4 src/global_variables.o
                0x200709f0                error
 .bss.I_CONSTANT_temp
                0x200709f4        0x1 src/global_variables.o
                0x200709f4                I_CONSTANT_temp
 *fill*         0x200709f5        0x3 
 .bss.distanceSetCM
                0x200709f8        0x4 src/global_variables.o
                0x200709f8                distanceSetCM
 *fill*         0x200709fc        0x4 
 .bss.D_CONSTANT
                0x20070a00        0x8 src/global_variables.o
                0x20070a00                D_CONSTANT
 .bss.distanceSetCM_temp
                0x20070a08        0x1 src/global_variables.o
                0x20070a08                distanceSetCM_temp
 .bss.dTime_temp
                0x20070a09        0x1 src/global_variables.o
                0x20070a09                dTime_temp
 .bss.P_CONSTANT_temp
                0x20070a0a        0x1 src/global_variables.o
                0x20070a0a                P_CONSTANT_temp
 *fill*         0x20070a0b        0x5 
 .bss.P_CONSTANT
                0x20070a10        0x8 src/global_variables.o
                0x20070a10                P_CONSTANT
 .bss.D_CONSTANT_temp
                0x20070a18        0x1 src/global_variables.o
                0x20070a18                D_CONSTANT_temp
 *fill*         0x20070a19        0x3 
 .bss.xbuff.8894
                0x20070a1c       0x10 src/PIDRegulation.o
 *fill*         0x20070a2c        0x4 
 .bss.xHeap     0x20070a30     0x8000 src/ASF/thirdparty/freertos/freertos-7.3.0/source/portable/memmang/heap_4.o
 .bss.pxEnd     0x20078a30        0x4 src/ASF/thirdparty/freertos/freertos-7.3.0/source/portable/memmang/heap_4.o
 .bss.xStart    0x20078a34        0x8 src/ASF/thirdparty/freertos/freertos-7.3.0/source/portable/memmang/heap_4.o
 .bss.uxMissedTicks
                0x20078a3c        0x4 src/ASF/thirdparty/freertos/freertos-7.3.0/source/tasks.o
 .bss.xSuspendedTaskList
                0x20078a40       0x14 src/ASF/thirdparty/freertos/freertos-7.3.0/source/tasks.o
 .bss.pxDelayedTaskList
                0x20078a54        0x4 src/ASF/thirdparty/freertos/freertos-7.3.0/source/tasks.o
 .bss.xSchedulerRunning
                0x20078a58        0x4 src/ASF/thirdparty/freertos/freertos-7.3.0/source/tasks.o
 .bss.uxTasksDeleted
                0x20078a5c        0x4 src/ASF/thirdparty/freertos/freertos-7.3.0/source/tasks.o
 .bss.xTasksWaitingTermination
                0x20078a60       0x14 src/ASF/thirdparty/freertos/freertos-7.3.0/source/tasks.o
 .bss.xDelayedTaskList2
                0x20078a74       0x14 src/ASF/thirdparty/freertos/freertos-7.3.0/source/tasks.o
 .bss.uxTopReadyPriority
                0x20078a88        0x4 src/ASF/thirdparty/freertos/freertos-7.3.0/source/tasks.o
 .bss.pxReadyTasksLists
                0x20078a8c       0xc8 src/ASF/thirdparty/freertos/freertos-7.3.0/source/tasks.o
 .bss.uxSchedulerSuspended
                0x20078b54        0x4 src/ASF/thirdparty/freertos/freertos-7.3.0/source/tasks.o
 .bss.pxCurrentTCB
                0x20078b58        0x4 src/ASF/thirdparty/freertos/freertos-7.3.0/source/tasks.o
                0x20078b58                pxCurrentTCB
 .bss.xPendingReadyList
                0x20078b5c       0x14 src/ASF/thirdparty/freertos/freertos-7.3.0/source/tasks.o
 .bss.xNumOfOverflows
                0x20078b70        0x4 src/ASF/thirdparty/freertos/freertos-7.3.0/source/tasks.o
 .bss.xTickCount
                0x20078b74        0x2 src/ASF/thirdparty/freertos/freertos-7.3.0/source/tasks.o
 *fill*         0x20078b76        0x2 
 .bss.pxOverflowDelayedTaskList
                0x20078b78        0x4 src/ASF/thirdparty/freertos/freertos-7.3.0/source/tasks.o
 .bss.uxTaskNumber
                0x20078b7c        0x4 src/ASF/thirdparty/freertos/freertos-7.3.0/source/tasks.o
 .bss.xDelayedTaskList1
                0x20078b80       0x14 src/ASF/thirdparty/freertos/freertos-7.3.0/source/tasks.o
 .bss.xMissedYield
                0x20078b94        0x4 src/ASF/thirdparty/freertos/freertos-7.3.0/source/tasks.o
 .bss.uxCurrentNumberOfTasks
                0x20078b98        0x4 src/ASF/thirdparty/freertos/freertos-7.3.0/source/tasks.o
 .bss.uxTopUsedPriority
                0x20078b9c        0x4 src/ASF/thirdparty/freertos/freertos-7.3.0/source/tasks.o
 .bss.pxCurrentTimerList
                0x20078ba0        0x4 src/ASF/thirdparty/freertos/freertos-7.3.0/source/timers.o
 .bss.xActiveTimerList1
                0x20078ba4       0x14 src/ASF/thirdparty/freertos/freertos-7.3.0/source/timers.o
 .bss.xActiveTimerList2
                0x20078bb8       0x14 src/ASF/thirdparty/freertos/freertos-7.3.0/source/timers.o
 .bss.xLastTime.4484
                0x20078bcc        0x2 src/ASF/thirdparty/freertos/freertos-7.3.0/source/timers.o
 *fill*         0x20078bce        0x2 
 .bss.xTimerQueue
                0x20078bd0        0x4 src/ASF/thirdparty/freertos/freertos-7.3.0/source/timers.o
 .bss.pxOverflowTimerList
                0x20078bd4        0x4 src/ASF/thirdparty/freertos/freertos-7.3.0/source/timers.o
 .bss.gs_interrupt_sources
                0x20078bd8       0x70 src/ASF/sam/drivers/pio/pio_handler.o
 .bss.heap.5098
                0x20078c48        0x4 src/ASF/sam/utils/syscalls/gcc/syscalls.o
 .bss.__malloc_max_total_mem
                0x20078c4c        0x4 c:/program files (x86)/atmel/atmel toolchain/arm gcc/native/4.8.1443/arm-gnu-toolchain/bin/../lib/gcc/arm-none-eabi/4.8.4/../../../../arm-none-eabi/lib/armv7-m\libc.a(lib_a-mallocr.o)
                0x20078c4c                __malloc_max_total_mem
 .bss.__malloc_max_sbrked_mem
                0x20078c50        0x4 c:/program files (x86)/atmel/atmel toolchain/arm gcc/native/4.8.1443/arm-gnu-toolchain/bin/../lib/gcc/arm-none-eabi/4.8.4/../../../../arm-none-eabi/lib/armv7-m\libc.a(lib_a-mallocr.o)
                0x20078c50                __malloc_max_sbrked_mem
 .bss.__malloc_top_pad
                0x20078c54        0x4 c:/program files (x86)/atmel/atmel toolchain/arm gcc/native/4.8.1443/arm-gnu-toolchain/bin/../lib/gcc/arm-none-eabi/4.8.4/../../../../arm-none-eabi/lib/armv7-m\libc.a(lib_a-mallocr.o)
                0x20078c54                __malloc_top_pad
 .bss.__malloc_current_mallinfo
                0x20078c58       0x28 c:/program files (x86)/atmel/atmel toolchain/arm gcc/native/4.8.1443/arm-gnu-toolchain/bin/../lib/gcc/arm-none-eabi/4.8.4/../../../../arm-none-eabi/lib/armv7-m\libc.a(lib_a-mallocr.o)
                0x20078c58                __malloc_current_mallinfo
 *(COMMON)
 COMMON         0x20078c80       0x28 src/ADCCustom.o
                0x20078c80                pwm_channel
 COMMON         0x20078ca8        0x4 src/ASF/common/utils/stdio/read.o
                0x20078ca8                ptr_get
 COMMON         0x20078cac        0x8 src/ASF/common/utils/stdio/write.o
                0x20078cac                ptr_put
                0x20078cb0                stdio_base
 COMMON         0x20078cb4        0x4 c:/program files (x86)/atmel/atmel toolchain/arm gcc/native/4.8.1443/arm-gnu-toolchain/bin/../lib/gcc/arm-none-eabi/4.8.4/../../../../arm-none-eabi/lib/armv7-m\libc.a(lib_a-reent.o)
                0x20078cb4                errno
                0x20078cb8                . = ALIGN (0x4)
                0x20078cb8                _ebss = .
                0x20078cb8                _ezero = .

.stack          0x20078cb8     0x2000 load address 0x0008f588
                0x20078cb8                . = ALIGN (0x8)
                0x20078cb8                _sstack = .
                0x2007acb8                . = (. + __stack_size__)
 *fill*         0x20078cb8     0x2000 
                0x2007acb8                . = ALIGN (0x8)
                0x2007acb8                _estack = .
                0x2007acb8                . = ALIGN (0x4)
                0x2007acb8                _end = .
OUTPUT(ExUppgift2014_6_2.elf elf32-littlearm)

.ARM.attributes
                0x00000000       0x29
 .ARM.attributes
                0x00000000       0x1d c:/program files (x86)/atmel/atmel toolchain/arm gcc/native/4.8.1443/arm-gnu-toolchain/bin/../lib/gcc/arm-none-eabi/4.8.4/armv7-m/crti.o
 .ARM.attributes
                0x0000001d       0x2d c:/program files (x86)/atmel/atmel toolchain/arm gcc/native/4.8.1443/arm-gnu-toolchain/bin/../lib/gcc/arm-none-eabi/4.8.4/armv7-m/crtbegin.o
 .ARM.attributes
                0x0000004a       0x33 src/ADCCustom.o
 .ARM.attributes
                0x0000007d       0x33 src/ASF/common/utils/stdio/read.o
 .ARM.attributes
                0x000000b0       0x33 src/ASF/sam/drivers/adc/adc.o
 .ARM.attributes
                0x000000e3       0x33 src/ASF/sam/drivers/usart/usart.o
 .ARM.attributes
                0x00000116       0x33 src/global_variables.o
 .ARM.attributes
                0x00000149       0x33 src/PIDRegulation.o
 .ARM.attributes
                0x0000017c       0x33 src/PIDTask.o
 .ARM.attributes
                0x000001af       0x33 src/PWMCustom.o
 .ARM.attributes
                0x000001e2       0x33 src/UARTFunctions.o
 .ARM.attributes
                0x00000215       0x33 src/UARTTask.o
 .ARM.attributes
                0x00000248       0x33 src/ASF/thirdparty/freertos/freertos-7.3.0/source/list.o
 .ARM.attributes
                0x0000027b       0x33 src/ASF/thirdparty/freertos/freertos-7.3.0/source/portable/gcc/sam/port.o
 .ARM.attributes
                0x000002ae       0x33 src/ASF/thirdparty/freertos/freertos-7.3.0/source/portable/memmang/heap_4.o
 .ARM.attributes
                0x000002e1       0x33 src/ASF/thirdparty/freertos/freertos-7.3.0/source/queue.o
 .ARM.attributes
                0x00000314       0x33 src/ASF/thirdparty/freertos/freertos-7.3.0/source/tasks.o
 .ARM.attributes
                0x00000347       0x33 src/ASF/thirdparty/freertos/freertos-7.3.0/source/timers.o
 .ARM.attributes
                0x0000037a       0x33 src/ASF/common/utils/stdio/write.o
 .ARM.attributes
                0x000003ad       0x33 src/ASF/sam/drivers/pwm/pwm.o
 .ARM.attributes
                0x000003e0       0x33 src/ASF/sam/drivers/uart/uart.o
 .ARM.attributes
                0x00000413       0x33 src/ASF/common/services/clock/sam3x/sysclk.o
 .ARM.attributes
                0x00000446       0x33 src/ASF/sam/boards/arduino_due_x/init.o
 .ARM.attributes
                0x00000479       0x33 src/ASF/sam/drivers/pio/pio.o
 .ARM.attributes
                0x000004ac       0x33 src/ASF/sam/drivers/pio/pio_handler.o
 .ARM.attributes
                0x000004df       0x33 src/ASF/sam/drivers/pmc/pmc.o
 .ARM.attributes
                0x00000512       0x33 src/ASF/sam/utils/cmsis/sam3x/source/templates/exceptions.o
 .ARM.attributes
                0x00000545       0x33 src/ASF/sam/utils/cmsis/sam3x/source/templates/gcc/startup_sam3x.o
 .ARM.attributes
                0x00000578       0x33 src/ASF/sam/utils/cmsis/sam3x/source/templates/system_sam3x.o
 .ARM.attributes
                0x000005ab       0x33 src/ASF/sam/utils/syscalls/gcc/syscalls.o
 .ARM.attributes
                0x000005de       0x33 src/main.o
 .ARM.attributes
                0x00000611       0x1d c:/program files (x86)/atmel/atmel toolchain/arm gcc/native/4.8.1443/arm-gnu-toolchain/bin/../lib/gcc/arm-none-eabi/4.8.4/armv7-m\libgcc.a(_arm_addsubdf3.o)
 .ARM.attributes
                0x0000062e       0x1d c:/program files (x86)/atmel/atmel toolchain/arm gcc/native/4.8.1443/arm-gnu-toolchain/bin/../lib/gcc/arm-none-eabi/4.8.4/armv7-m\libgcc.a(_arm_muldivdf3.o)
 .ARM.attributes
                0x0000064b       0x1d c:/program files (x86)/atmel/atmel toolchain/arm gcc/native/4.8.1443/arm-gnu-toolchain/bin/../lib/gcc/arm-none-eabi/4.8.4/armv7-m\libgcc.a(_arm_fixdfsi.o)
 .ARM.attributes
                0x00000668       0x1d c:/program files (x86)/atmel/atmel toolchain/arm gcc/native/4.8.1443/arm-gnu-toolchain/bin/../lib/gcc/arm-none-eabi/4.8.4/armv7-m\libgcc.a(_arm_addsubsf3.o)
 .ARM.attributes
                0x00000685       0x1d c:/program files (x86)/atmel/atmel toolchain/arm gcc/native/4.8.1443/arm-gnu-toolchain/bin/../lib/gcc/arm-none-eabi/4.8.4/armv7-m\libgcc.a(_arm_muldivsf3.o)
 .ARM.attributes
                0x000006a2       0x1d c:/program files (x86)/atmel/atmel toolchain/arm gcc/native/4.8.1443/arm-gnu-toolchain/bin/../lib/gcc/arm-none-eabi/4.8.4/armv7-m\libgcc.a(_arm_fixunssfsi.o)
 .ARM.attributes
                0x000006bf       0x2d c:/program files (x86)/atmel/atmel toolchain/arm gcc/native/4.8.1443/arm-gnu-toolchain/bin/../lib/gcc/arm-none-eabi/4.8.4/../../../../arm-none-eabi/lib/armv7-m\libc.a(lib_a-impure.o)
 .ARM.attributes
                0x000006ec       0x2d c:/program files (x86)/atmel/atmel toolchain/arm gcc/native/4.8.1443/arm-gnu-toolchain/bin/../lib/gcc/arm-none-eabi/4.8.4/../../../../arm-none-eabi/lib/armv7-m\libc.a(lib_a-init.o)
 .ARM.attributes
                0x00000719       0x2d c:/program files (x86)/atmel/atmel toolchain/arm gcc/native/4.8.1443/arm-gnu-toolchain/bin/../lib/gcc/arm-none-eabi/4.8.4/../../../../arm-none-eabi/lib/armv7-m\libc.a(lib_a-iprintf.o)
 .ARM.attributes
                0x00000746       0x1b c:/program files (x86)/atmel/atmel toolchain/arm gcc/native/4.8.1443/arm-gnu-toolchain/bin/../lib/gcc/arm-none-eabi/4.8.4/../../../../arm-none-eabi/lib/armv7-m\libc.a(lib_a-memcpy.o)
 .ARM.attributes
                0x00000761       0x2d c:/program files (x86)/atmel/atmel toolchain/arm gcc/native/4.8.1443/arm-gnu-toolchain/bin/../lib/gcc/arm-none-eabi/4.8.4/../../../../arm-none-eabi/lib/armv7-m\libc.a(lib_a-memset.o)
 .ARM.attributes
                0x0000078e       0x2d c:/program files (x86)/atmel/atmel toolchain/arm gcc/native/4.8.1443/arm-gnu-toolchain/bin/../lib/gcc/arm-none-eabi/4.8.4/../../../../arm-none-eabi/lib/armv7-m\libc.a(lib_a-setbuf.o)
 .ARM.attributes
                0x000007bb       0x2d c:/program files (x86)/atmel/atmel toolchain/arm gcc/native/4.8.1443/arm-gnu-toolchain/bin/../lib/gcc/arm-none-eabi/4.8.4/../../../../arm-none-eabi/lib/armv7-m\libc.a(lib_a-setvbuf.o)
 .ARM.attributes
                0x000007e8       0x2d c:/program files (x86)/atmel/atmel toolchain/arm gcc/native/4.8.1443/arm-gnu-toolchain/bin/../lib/gcc/arm-none-eabi/4.8.4/../../../../arm-none-eabi/lib/armv7-m\libc.a(lib_a-strlen.o)
 .ARM.attributes
                0x00000815       0x2d c:/program files (x86)/atmel/atmel toolchain/arm gcc/native/4.8.1443/arm-gnu-toolchain/bin/../lib/gcc/arm-none-eabi/4.8.4/../../../../arm-none-eabi/lib/armv7-m\libc.a(lib_a-strncpy.o)
 .ARM.attributes
                0x00000842       0x2d c:/program files (x86)/atmel/atmel toolchain/arm gcc/native/4.8.1443/arm-gnu-toolchain/bin/../lib/gcc/arm-none-eabi/4.8.4/../../../../arm-none-eabi/lib/armv7-m\libc.a(lib_a-vfiprintf.o)
 .ARM.attributes
                0x0000086f       0x2d c:/program files (x86)/atmel/atmel toolchain/arm gcc/native/4.8.1443/arm-gnu-toolchain/bin/../lib/gcc/arm-none-eabi/4.8.4/../../../../arm-none-eabi/lib/armv7-m\libc.a(lib_a-wsetup.o)
 .ARM.attributes
                0x0000089c       0x2d c:/program files (x86)/atmel/atmel toolchain/arm gcc/native/4.8.1443/arm-gnu-toolchain/bin/../lib/gcc/arm-none-eabi/4.8.4/../../../../arm-none-eabi/lib/armv7-m\libc.a(lib_a-__call_atexit.o)
 .ARM.attributes
                0x000008c9       0x2d c:/program files (x86)/atmel/atmel toolchain/arm gcc/native/4.8.1443/arm-gnu-toolchain/bin/../lib/gcc/arm-none-eabi/4.8.4/../../../../arm-none-eabi/lib/armv7-m\libc.a(lib_a-atexit.o)
 .ARM.attributes
                0x000008f6       0x2d c:/program files (x86)/atmel/atmel toolchain/arm gcc/native/4.8.1443/arm-gnu-toolchain/bin/../lib/gcc/arm-none-eabi/4.8.4/../../../../arm-none-eabi/lib/armv7-m\libc.a(lib_a-fflush.o)
 .ARM.attributes
                0x00000923       0x2d c:/program files (x86)/atmel/atmel toolchain/arm gcc/native/4.8.1443/arm-gnu-toolchain/bin/../lib/gcc/arm-none-eabi/4.8.4/../../../../arm-none-eabi/lib/armv7-m\libc.a(lib_a-findfp.o)
 .ARM.attributes
                0x00000950       0x2d c:/program files (x86)/atmel/atmel toolchain/arm gcc/native/4.8.1443/arm-gnu-toolchain/bin/../lib/gcc/arm-none-eabi/4.8.4/../../../../arm-none-eabi/lib/armv7-m\libc.a(lib_a-fini.o)
 .ARM.attributes
                0x0000097d       0x2d c:/program files (x86)/atmel/atmel toolchain/arm gcc/native/4.8.1443/arm-gnu-toolchain/bin/../lib/gcc/arm-none-eabi/4.8.4/../../../../arm-none-eabi/lib/armv7-m\libc.a(lib_a-fputwc.o)
 .ARM.attributes
                0x000009aa       0x2d c:/program files (x86)/atmel/atmel toolchain/arm gcc/native/4.8.1443/arm-gnu-toolchain/bin/../lib/gcc/arm-none-eabi/4.8.4/../../../../arm-none-eabi/lib/armv7-m\libc.a(lib_a-freer.o)
 .ARM.attributes
                0x000009d7       0x2d c:/program files (x86)/atmel/atmel toolchain/arm gcc/native/4.8.1443/arm-gnu-toolchain/bin/../lib/gcc/arm-none-eabi/4.8.4/../../../../arm-none-eabi/lib/armv7-m\libc.a(lib_a-fvwrite.o)
 .ARM.attributes
                0x00000a04       0x2d c:/program files (x86)/atmel/atmel toolchain/arm gcc/native/4.8.1443/arm-gnu-toolchain/bin/../lib/gcc/arm-none-eabi/4.8.4/../../../../arm-none-eabi/lib/armv7-m\libc.a(lib_a-fwalk.o)
 .ARM.attributes
                0x00000a31       0x2d c:/program files (x86)/atmel/atmel toolchain/arm gcc/native/4.8.1443/arm-gnu-toolchain/bin/../lib/gcc/arm-none-eabi/4.8.4/../../../../arm-none-eabi/lib/armv7-m\libc.a(lib_a-locale.o)
 .ARM.attributes
                0x00000a5e       0x2d c:/program files (x86)/atmel/atmel toolchain/arm gcc/native/4.8.1443/arm-gnu-toolchain/bin/../lib/gcc/arm-none-eabi/4.8.4/../../../../arm-none-eabi/lib/armv7-m\libc.a(lib_a-makebuf.o)
 .ARM.attributes
                0x00000a8b       0x2d c:/program files (x86)/atmel/atmel toolchain/arm gcc/native/4.8.1443/arm-gnu-toolchain/bin/../lib/gcc/arm-none-eabi/4.8.4/../../../../arm-none-eabi/lib/armv7-m\libc.a(lib_a-malloc.o)
 .ARM.attributes
                0x00000ab8       0x2d c:/program files (x86)/atmel/atmel toolchain/arm gcc/native/4.8.1443/arm-gnu-toolchain/bin/../lib/gcc/arm-none-eabi/4.8.4/../../../../arm-none-eabi/lib/armv7-m\libc.a(lib_a-mallocr.o)
 .ARM.attributes
                0x00000ae5       0x2d c:/program files (x86)/atmel/atmel toolchain/arm gcc/native/4.8.1443/arm-gnu-toolchain/bin/../lib/gcc/arm-none-eabi/4.8.4/../../../../arm-none-eabi/lib/armv7-m\libc.a(lib_a-memchr-stub.o)
 .ARM.attributes
                0x00000b12       0x2d c:/program files (x86)/atmel/atmel toolchain/arm gcc/native/4.8.1443/arm-gnu-toolchain/bin/../lib/gcc/arm-none-eabi/4.8.4/../../../../arm-none-eabi/lib/armv7-m\libc.a(lib_a-memmove.o)
 .ARM.attributes
                0x00000b3f       0x2d c:/program files (x86)/atmel/atmel toolchain/arm gcc/native/4.8.1443/arm-gnu-toolchain/bin/../lib/gcc/arm-none-eabi/4.8.4/../../../../arm-none-eabi/lib/armv7-m\libc.a(lib_a-mlock.o)
 .ARM.attributes
                0x00000b6c       0x2d c:/program files (x86)/atmel/atmel toolchain/arm gcc/native/4.8.1443/arm-gnu-toolchain/bin/../lib/gcc/arm-none-eabi/4.8.4/../../../../arm-none-eabi/lib/armv7-m\libc.a(lib_a-reallocr.o)
 .ARM.attributes
                0x00000b99       0x2d c:/program files (x86)/atmel/atmel toolchain/arm gcc/native/4.8.1443/arm-gnu-toolchain/bin/../lib/gcc/arm-none-eabi/4.8.4/../../../../arm-none-eabi/lib/armv7-m\libc.a(lib_a-sbrkr.o)
 .ARM.attributes
                0x00000bc6       0x2d c:/program files (x86)/atmel/atmel toolchain/arm gcc/native/4.8.1443/arm-gnu-toolchain/bin/../lib/gcc/arm-none-eabi/4.8.4/../../../../arm-none-eabi/lib/armv7-m\libc.a(lib_a-stdio.o)
 .ARM.attributes
                0x00000bf3       0x2d c:/program files (x86)/atmel/atmel toolchain/arm gcc/native/4.8.1443/arm-gnu-toolchain/bin/../lib/gcc/arm-none-eabi/4.8.4/../../../../arm-none-eabi/lib/armv7-m\libc.a(lib_a-wbuf.o)
 .ARM.attributes
                0x00000c20       0x2d c:/program files (x86)/atmel/atmel toolchain/arm gcc/native/4.8.1443/arm-gnu-toolchain/bin/../lib/gcc/arm-none-eabi/4.8.4/../../../../arm-none-eabi/lib/armv7-m\libc.a(lib_a-wcrtomb.o)
 .ARM.attributes
                0x00000c4d       0x2d c:/program files (x86)/atmel/atmel toolchain/arm gcc/native/4.8.1443/arm-gnu-toolchain/bin/../lib/gcc/arm-none-eabi/4.8.4/../../../../arm-none-eabi/lib/armv7-m\libc.a(lib_a-wctomb_r.o)
 .ARM.attributes
                0x00000c7a       0x2d c:/program files (x86)/atmel/atmel toolchain/arm gcc/native/4.8.1443/arm-gnu-toolchain/bin/../lib/gcc/arm-none-eabi/4.8.4/../../../../arm-none-eabi/lib/armv7-m\libc.a(lib_a-writer.o)
 .ARM.attributes
                0x00000ca7       0x2d c:/program files (x86)/atmel/atmel toolchain/arm gcc/native/4.8.1443/arm-gnu-toolchain/bin/../lib/gcc/arm-none-eabi/4.8.4/../../../../arm-none-eabi/lib/armv7-m\libc.a(lib_a-__atexit.o)
 .ARM.attributes
                0x00000cd4       0x2d c:/program files (x86)/atmel/atmel toolchain/arm gcc/native/4.8.1443/arm-gnu-toolchain/bin/../lib/gcc/arm-none-eabi/4.8.4/../../../../arm-none-eabi/lib/armv7-m\libc.a(lib_a-closer.o)
 .ARM.attributes
                0x00000d01       0x2d c:/program files (x86)/atmel/atmel toolchain/arm gcc/native/4.8.1443/arm-gnu-toolchain/bin/../lib/gcc/arm-none-eabi/4.8.4/../../../../arm-none-eabi/lib/armv7-m\libc.a(lib_a-fclose.o)
 .ARM.attributes
                0x00000d2e       0x2d c:/program files (x86)/atmel/atmel toolchain/arm gcc/native/4.8.1443/arm-gnu-toolchain/bin/../lib/gcc/arm-none-eabi/4.8.4/../../../../arm-none-eabi/lib/armv7-m\libc.a(lib_a-fstatr.o)
 .ARM.attributes
                0x00000d5b       0x2d c:/program files (x86)/atmel/atmel toolchain/arm gcc/native/4.8.1443/arm-gnu-toolchain/bin/../lib/gcc/arm-none-eabi/4.8.4/../../../../arm-none-eabi/lib/armv7-m\libc.a(lib_a-isattyr.o)
 .ARM.attributes
                0x00000d88       0x2d c:/program files (x86)/atmel/atmel toolchain/arm gcc/native/4.8.1443/arm-gnu-toolchain/bin/../lib/gcc/arm-none-eabi/4.8.4/../../../../arm-none-eabi/lib/armv7-m\libc.a(lib_a-lseekr.o)
 .ARM.attributes
                0x00000db5       0x2d c:/program files (x86)/atmel/atmel toolchain/arm gcc/native/4.8.1443/arm-gnu-toolchain/bin/../lib/gcc/arm-none-eabi/4.8.4/../../../../arm-none-eabi/lib/armv7-m\libc.a(lib_a-readr.o)
 .ARM.attributes
                0x00000de2       0x2d c:/program files (x86)/atmel/atmel toolchain/arm gcc/native/4.8.1443/arm-gnu-toolchain/bin/../lib/gcc/arm-none-eabi/4.8.4/../../../../arm-none-eabi/lib/armv7-m\libc.a(lib_a-reent.o)
 .ARM.attributes
                0x00000e0f       0x1d c:/program files (x86)/atmel/atmel toolchain/arm gcc/native/4.8.1443/arm-gnu-toolchain/bin/../lib/gcc/arm-none-eabi/4.8.4/armv7-m\libgcc.a(_aeabi_uldivmod.o)
 .ARM.attributes
                0x00000e2c       0x2d c:/program files (x86)/atmel/atmel toolchain/arm gcc/native/4.8.1443/arm-gnu-toolchain/bin/../lib/gcc/arm-none-eabi/4.8.4/armv7-m\libgcc.a(bpabi.o)
 .ARM.attributes
                0x00000e59       0x1d c:/program files (x86)/atmel/atmel toolchain/arm gcc/native/4.8.1443/arm-gnu-toolchain/bin/../lib/gcc/arm-none-eabi/4.8.4/armv7-m\libgcc.a(_dvmd_tls.o)
 .ARM.attributes
                0x00000e76       0x2d c:/program files (x86)/atmel/atmel toolchain/arm gcc/native/4.8.1443/arm-gnu-toolchain/bin/../lib/gcc/arm-none-eabi/4.8.4/armv7-m\libgcc.a(_divdi3.o)
 .ARM.attributes
                0x00000ea3       0x2d c:/program files (x86)/atmel/atmel toolchain/arm gcc/native/4.8.1443/arm-gnu-toolchain/bin/../lib/gcc/arm-none-eabi/4.8.4/armv7-m\libgcc.a(_udivdi3.o)
 .ARM.attributes
                0x00000ed0       0x1d c:/program files (x86)/atmel/atmel toolchain/arm gcc/native/4.8.1443/arm-gnu-toolchain/bin/../lib/gcc/arm-none-eabi/4.8.4/armv7-m/crtn.o

.comment        0x00000000       0x5b
 .comment       0x00000000       0x5b src/ADCCustom.o
                                 0x5c (size before relaxing)
 .comment       0x00000000       0x5c src/ASF/common/utils/stdio/read.o
 .comment       0x00000000       0x5c src/ASF/sam/drivers/adc/adc.o
 .comment       0x00000000       0x5c src/ASF/sam/drivers/usart/usart.o
 .comment       0x00000000       0x5c src/global_variables.o
 .comment       0x00000000       0x5c src/PIDRegulation.o
 .comment       0x00000000       0x5c src/PIDTask.o
 .comment       0x00000000       0x5c src/PWMCustom.o
 .comment       0x00000000       0x5c src/UARTFunctions.o
 .comment       0x00000000       0x5c src/UARTTask.o
 .comment       0x00000000       0x5c src/ASF/thirdparty/freertos/freertos-7.3.0/source/list.o
 .comment       0x00000000       0x5c src/ASF/thirdparty/freertos/freertos-7.3.0/source/portable/gcc/sam/port.o
 .comment       0x00000000       0x5c src/ASF/thirdparty/freertos/freertos-7.3.0/source/portable/memmang/heap_4.o
 .comment       0x00000000       0x5c src/ASF/thirdparty/freertos/freertos-7.3.0/source/queue.o
 .comment       0x00000000       0x5c src/ASF/thirdparty/freertos/freertos-7.3.0/source/tasks.o
 .comment       0x00000000       0x5c src/ASF/thirdparty/freertos/freertos-7.3.0/source/timers.o
 .comment       0x00000000       0x5c src/ASF/common/utils/stdio/write.o
 .comment       0x00000000       0x5c src/ASF/sam/drivers/pwm/pwm.o
 .comment       0x00000000       0x5c src/ASF/sam/drivers/uart/uart.o
 .comment       0x00000000       0x5c src/ASF/common/services/clock/sam3x/sysclk.o
 .comment       0x00000000       0x5c src/ASF/sam/boards/arduino_due_x/init.o
 .comment       0x00000000       0x5c src/ASF/sam/drivers/pio/pio.o
 .comment       0x00000000       0x5c src/ASF/sam/drivers/pio/pio_handler.o
 .comment       0x00000000       0x5c src/ASF/sam/drivers/pmc/pmc.o
 .comment       0x00000000       0x5c src/ASF/sam/utils/cmsis/sam3x/source/templates/exceptions.o
 .comment       0x00000000       0x5c src/ASF/sam/utils/cmsis/sam3x/source/templates/gcc/startup_sam3x.o
 .comment       0x00000000       0x5c src/ASF/sam/utils/cmsis/sam3x/source/templates/system_sam3x.o
 .comment       0x00000000       0x5c src/ASF/sam/utils/syscalls/gcc/syscalls.o
 .comment       0x00000000       0x5c src/main.o

.debug_info     0x00000000    0x16b45
 .debug_info    0x00000000     0x1135 src/ADCCustom.o
 .debug_info    0x00001135      0x1bb src/ASF/common/utils/stdio/read.o
 .debug_info    0x000012f0     0x1196 src/ASF/sam/drivers/adc/adc.o
 .debug_info    0x00002486     0x1bfa src/ASF/sam/drivers/usart/usart.o
 .debug_info    0x00004080      0xdcb src/global_variables.o
 .debug_info    0x00004e4b     0x1115 src/PIDRegulation.o
 .debug_info    0x00005f60      0xd53 src/PIDTask.o
 .debug_info    0x00006cb3     0x12c9 src/PWMCustom.o
 .debug_info    0x00007f7c     0x1d14 src/UARTFunctions.o
 .debug_info    0x00009c90      0xec7 src/UARTTask.o
 .debug_info    0x0000ab57      0x2b7 src/ASF/thirdparty/freertos/freertos-7.3.0/source/list.o
 .debug_info    0x0000ae0e      0x3a0 src/ASF/thirdparty/freertos/freertos-7.3.0/source/portable/gcc/sam/port.o
 .debug_info    0x0000b1ae      0x38d src/ASF/thirdparty/freertos/freertos-7.3.0/source/portable/memmang/heap_4.o
 .debug_info    0x0000b53b      0xea7 src/ASF/thirdparty/freertos/freertos-7.3.0/source/queue.o
 .debug_info    0x0000c3e2     0x178e src/ASF/thirdparty/freertos/freertos-7.3.0/source/tasks.o
 .debug_info    0x0000db70      0xb44 src/ASF/thirdparty/freertos/freertos-7.3.0/source/timers.o
 .debug_info    0x0000e6b4      0x1c0 src/ASF/common/utils/stdio/write.o
 .debug_info    0x0000e874     0x157e src/ASF/sam/drivers/pwm/pwm.o
 .debug_info    0x0000fdf2      0x889 src/ASF/sam/drivers/uart/uart.o
 .debug_info    0x0001067b      0x796 src/ASF/common/services/clock/sam3x/sysclk.o
 .debug_info    0x00010e11      0x7c3 src/ASF/sam/boards/arduino_due_x/init.o
 .debug_info    0x000115d4     0x1385 src/ASF/sam/drivers/pio/pio.o
 .debug_info    0x00012959      0xe52 src/ASF/sam/drivers/pio/pio_handler.o
 .debug_info    0x000137ab     0x1080 src/ASF/sam/drivers/pmc/pmc.o
 .debug_info    0x0001482b      0x124 src/ASF/sam/utils/cmsis/sam3x/source/templates/exceptions.o
 .debug_info    0x0001494f      0x3bd src/ASF/sam/utils/cmsis/sam3x/source/templates/gcc/startup_sam3x.o
 .debug_info    0x00014d0c      0x4c6 src/ASF/sam/utils/cmsis/sam3x/source/templates/system_sam3x.o
 .debug_info    0x000151d2      0x43f src/ASF/sam/utils/syscalls/gcc/syscalls.o
 .debug_info    0x00015611     0x1534 src/main.o

.debug_abbrev   0x00000000     0x3b10
 .debug_abbrev  0x00000000      0x26d src/ADCCustom.o
 .debug_abbrev  0x0000026d      0x101 src/ASF/common/utils/stdio/read.o
 .debug_abbrev  0x0000036e      0x235 src/ASF/sam/drivers/adc/adc.o
 .debug_abbrev  0x000005a3      0x325 src/ASF/sam/drivers/usart/usart.o
 .debug_abbrev  0x000008c8      0x1ba src/global_variables.o
 .debug_abbrev  0x00000a82      0x249 src/PIDRegulation.o
 .debug_abbrev  0x00000ccb      0x215 src/PIDTask.o
 .debug_abbrev  0x00000ee0      0x263 src/PWMCustom.o
 .debug_abbrev  0x00001143      0x3b9 src/UARTFunctions.o
 .debug_abbrev  0x000014fc      0x236 src/UARTTask.o
 .debug_abbrev  0x00001732       0xfb src/ASF/thirdparty/freertos/freertos-7.3.0/source/list.o
 .debug_abbrev  0x0000182d      0x246 src/ASF/thirdparty/freertos/freertos-7.3.0/source/portable/gcc/sam/port.o
 .debug_abbrev  0x00001a73      0x220 src/ASF/thirdparty/freertos/freertos-7.3.0/source/portable/memmang/heap_4.o
 .debug_abbrev  0x00001c93      0x231 src/ASF/thirdparty/freertos/freertos-7.3.0/source/queue.o
 .debug_abbrev  0x00001ec4      0x2e0 src/ASF/thirdparty/freertos/freertos-7.3.0/source/tasks.o
 .debug_abbrev  0x000021a4      0x261 src/ASF/thirdparty/freertos/freertos-7.3.0/source/timers.o
 .debug_abbrev  0x00002405       0xf5 src/ASF/common/utils/stdio/write.o
 .debug_abbrev  0x000024fa      0x231 src/ASF/sam/drivers/pwm/pwm.o
 .debug_abbrev  0x0000272b      0x1bd src/ASF/sam/drivers/uart/uart.o
 .debug_abbrev  0x000028e8      0x227 src/ASF/common/services/clock/sam3x/sysclk.o
 .debug_abbrev  0x00002b0f      0x16f src/ASF/sam/boards/arduino_due_x/init.o
 .debug_abbrev  0x00002c7e      0x2d5 src/ASF/sam/drivers/pio/pio.o
 .debug_abbrev  0x00002f53      0x257 src/ASF/sam/drivers/pio/pio_handler.o
 .debug_abbrev  0x000031aa      0x268 src/ASF/sam/drivers/pmc/pmc.o
 .debug_abbrev  0x00003412       0x8c src/ASF/sam/utils/cmsis/sam3x/source/templates/exceptions.o
 .debug_abbrev  0x0000349e      0x118 src/ASF/sam/utils/cmsis/sam3x/source/templates/gcc/startup_sam3x.o
 .debug_abbrev  0x000035b6      0x115 src/ASF/sam/utils/cmsis/sam3x/source/templates/system_sam3x.o
 .debug_abbrev  0x000036cb      0x14e src/ASF/sam/utils/syscalls/gcc/syscalls.o
 .debug_abbrev  0x00003819      0x2f7 src/main.o

.debug_loc      0x00000000     0x87b3
 .debug_loc     0x00000000       0x40 src/ADCCustom.o
 .debug_loc     0x00000040       0xc5 src/ASF/common/utils/stdio/read.o
 .debug_loc     0x00000105      0x980 src/ASF/sam/drivers/adc/adc.o
 .debug_loc     0x00000a85     0x128d src/ASF/sam/drivers/usart/usart.o
 .debug_loc     0x00001d12      0x17d src/PIDRegulation.o
 .debug_loc     0x00001e8f       0x4d src/PIDTask.o
 .debug_loc     0x00001edc       0x78 src/PWMCustom.o
 .debug_loc     0x00001f54      0x2f7 src/UARTFunctions.o
 .debug_loc     0x0000224b       0x4d src/UARTTask.o
 .debug_loc     0x00002298       0x91 src/ASF/thirdparty/freertos/freertos-7.3.0/source/list.o
 .debug_loc     0x00002329      0x100 src/ASF/thirdparty/freertos/freertos-7.3.0/source/portable/gcc/sam/port.o
 .debug_loc     0x00002429      0x371 src/ASF/thirdparty/freertos/freertos-7.3.0/source/portable/memmang/heap_4.o
 .debug_loc     0x0000279a     0x10da src/ASF/thirdparty/freertos/freertos-7.3.0/source/queue.o
 .debug_loc     0x00003874     0x1545 src/ASF/thirdparty/freertos/freertos-7.3.0/source/tasks.o
 .debug_loc     0x00004db9      0x9a4 src/ASF/thirdparty/freertos/freertos-7.3.0/source/timers.o
 .debug_loc     0x0000575d      0x161 src/ASF/common/utils/stdio/write.o
 .debug_loc     0x000058be      0xd48 src/ASF/sam/drivers/pwm/pwm.o
 .debug_loc     0x00006606      0x236 src/ASF/sam/drivers/uart/uart.o
 .debug_loc     0x0000683c      0x12d src/ASF/common/services/clock/sam3x/sysclk.o
 .debug_loc     0x00006969       0x20 src/ASF/sam/boards/arduino_due_x/init.o
 .debug_loc     0x00006989      0xa83 src/ASF/sam/drivers/pio/pio.o
 .debug_loc     0x0000740c      0x53d src/ASF/sam/drivers/pio/pio_handler.o
 .debug_loc     0x00007949      0xc95 src/ASF/sam/drivers/pmc/pmc.o
 .debug_loc     0x000085de       0x7e src/ASF/sam/utils/cmsis/sam3x/source/templates/gcc/startup_sam3x.o
 .debug_loc     0x0000865c      0x12b src/ASF/sam/utils/syscalls/gcc/syscalls.o
 .debug_loc     0x00008787       0x2c src/main.o

.debug_aranges  0x00000000      0xff8
 .debug_aranges
                0x00000000       0x28 src/ADCCustom.o
 .debug_aranges
                0x00000028       0x20 src/ASF/common/utils/stdio/read.o
 .debug_aranges
                0x00000048      0x178 src/ASF/sam/drivers/adc/adc.o
 .debug_aranges
                0x000001c0      0x2a8 src/ASF/sam/drivers/usart/usart.o
 .debug_aranges
                0x00000468       0x18 src/global_variables.o
 .debug_aranges
                0x00000480       0x20 src/PIDRegulation.o
 .debug_aranges
                0x000004a0       0x20 src/PIDTask.o
 .debug_aranges
                0x000004c0       0x28 src/PWMCustom.o
 .debug_aranges
                0x000004e8       0x48 src/UARTFunctions.o
 .debug_aranges
                0x00000530       0x20 src/UARTTask.o
 .debug_aranges
                0x00000550       0x40 src/ASF/thirdparty/freertos/freertos-7.3.0/source/list.o
 .debug_aranges
                0x00000590       0x80 src/ASF/thirdparty/freertos/freertos-7.3.0/source/portable/gcc/sam/port.o
 .debug_aranges
                0x00000610       0x40 src/ASF/thirdparty/freertos/freertos-7.3.0/source/portable/memmang/heap_4.o
 .debug_aranges
                0x00000650       0xc8 src/ASF/thirdparty/freertos/freertos-7.3.0/source/queue.o
 .debug_aranges
                0x00000718      0x130 src/ASF/thirdparty/freertos/freertos-7.3.0/source/tasks.o
 .debug_aranges
                0x00000848       0x60 src/ASF/thirdparty/freertos/freertos-7.3.0/source/timers.o
 .debug_aranges
                0x000008a8       0x20 src/ASF/common/utils/stdio/write.o
 .debug_aranges
                0x000008c8      0x158 src/ASF/sam/drivers/pwm/pwm.o
 .debug_aranges
                0x00000a20       0xe8 src/ASF/sam/drivers/uart/uart.o
 .debug_aranges
                0x00000b08       0x40 src/ASF/common/services/clock/sam3x/sysclk.o
 .debug_aranges
                0x00000b48       0x20 src/ASF/sam/boards/arduino_due_x/init.o
 .debug_aranges
                0x00000b68      0x148 src/ASF/sam/drivers/pio/pio.o
 .debug_aranges
                0x00000cb0       0x58 src/ASF/sam/drivers/pio/pio_handler.o
 .debug_aranges
                0x00000d08      0x200 src/ASF/sam/drivers/pmc/pmc.o
 .debug_aranges
                0x00000f08       0x20 src/ASF/sam/utils/cmsis/sam3x/source/templates/exceptions.o
 .debug_aranges
                0x00000f28       0x20 src/ASF/sam/utils/cmsis/sam3x/source/templates/gcc/startup_sam3x.o
 .debug_aranges
                0x00000f48       0x30 src/ASF/sam/utils/cmsis/sam3x/source/templates/system_sam3x.o
 .debug_aranges
                0x00000f78       0x60 src/ASF/sam/utils/syscalls/gcc/syscalls.o
 .debug_aranges
                0x00000fd8       0x20 src/main.o

.debug_ranges   0x00000000      0xed8
 .debug_ranges  0x00000000       0x18 src/ADCCustom.o
 .debug_ranges  0x00000018       0x10 src/ASF/common/utils/stdio/read.o
 .debug_ranges  0x00000028      0x168 src/ASF/sam/drivers/adc/adc.o
 .debug_ranges  0x00000190      0x298 src/ASF/sam/drivers/usart/usart.o
 .debug_ranges  0x00000428       0x10 src/PIDRegulation.o
 .debug_ranges  0x00000438       0x10 src/PIDTask.o
 .debug_ranges  0x00000448       0x18 src/PWMCustom.o
 .debug_ranges  0x00000460       0x38 src/UARTFunctions.o
 .debug_ranges  0x00000498       0x28 src/UARTTask.o
 .debug_ranges  0x000004c0       0x30 src/ASF/thirdparty/freertos/freertos-7.3.0/source/list.o
 .debug_ranges  0x000004f0       0x70 src/ASF/thirdparty/freertos/freertos-7.3.0/source/portable/gcc/sam/port.o
 .debug_ranges  0x00000560       0x30 src/ASF/thirdparty/freertos/freertos-7.3.0/source/portable/memmang/heap_4.o
 .debug_ranges  0x00000590       0xb8 src/ASF/thirdparty/freertos/freertos-7.3.0/source/queue.o
 .debug_ranges  0x00000648      0x168 src/ASF/thirdparty/freertos/freertos-7.3.0/source/tasks.o
 .debug_ranges  0x000007b0       0xa8 src/ASF/thirdparty/freertos/freertos-7.3.0/source/timers.o
 .debug_ranges  0x00000858       0x10 src/ASF/common/utils/stdio/write.o
 .debug_ranges  0x00000868      0x148 src/ASF/sam/drivers/pwm/pwm.o
 .debug_ranges  0x000009b0       0xd8 src/ASF/sam/drivers/uart/uart.o
 .debug_ranges  0x00000a88       0x30 src/ASF/common/services/clock/sam3x/sysclk.o
 .debug_ranges  0x00000ab8       0x10 src/ASF/sam/boards/arduino_due_x/init.o
 .debug_ranges  0x00000ac8      0x138 src/ASF/sam/drivers/pio/pio.o
 .debug_ranges  0x00000c00       0x48 src/ASF/sam/drivers/pio/pio_handler.o
 .debug_ranges  0x00000c48      0x1f0 src/ASF/sam/drivers/pmc/pmc.o
 .debug_ranges  0x00000e38       0x10 src/ASF/sam/utils/cmsis/sam3x/source/templates/exceptions.o
 .debug_ranges  0x00000e48       0x10 src/ASF/sam/utils/cmsis/sam3x/source/templates/gcc/startup_sam3x.o
 .debug_ranges  0x00000e58       0x20 src/ASF/sam/utils/cmsis/sam3x/source/templates/system_sam3x.o
 .debug_ranges  0x00000e78       0x50 src/ASF/sam/utils/syscalls/gcc/syscalls.o
 .debug_ranges  0x00000ec8       0x10 src/main.o

.debug_macro    0x00000000    0x1bd24
 .debug_macro   0x00000000      0x6f0 src/ADCCustom.o
 .debug_macro   0x000006f0      0x87a src/ADCCustom.o
 .debug_macro   0x00000f6a      0x166 src/ADCCustom.o
 .debug_macro   0x000010d0      0x636 src/ADCCustom.o
 .debug_macro   0x00001706       0x76 src/ADCCustom.o
 .debug_macro   0x0000177c       0x16 src/ADCCustom.o
 .debug_macro   0x00001792      0x6e4 src/ADCCustom.o
 .debug_macro   0x00001e76       0x16 src/ADCCustom.o
 .debug_macro   0x00001e8c       0x44 src/ADCCustom.o
 .debug_macro   0x00001ed0      0x209 src/ADCCustom.o
 .debug_macro   0x000020d9       0x20 src/ADCCustom.o
 .debug_macro   0x000020f9       0x3a src/ADCCustom.o
 .debug_macro   0x00002133       0x2d src/ADCCustom.o