Archive member included because of file (symbol)

c:/program files (x86)/atmel/atmel toolchain/arm gcc/native/4.8.1443/arm-gnu-toolchain/bin/../lib/gcc/arm-none-eabi/4.8.4/../../../../arm-none-eabi/lib/armv7-m\libc.a(lib_a-exit.o)
                              c:/program files (x86)/atmel/atmel toolchain/arm gcc/native/4.8.1443/arm-gnu-toolchain/bin/../lib/gcc/arm-none-eabi/4.8.4/../../../../arm-none-eabi/lib/armv7-m/crt0.o (exit)
c:/program files (x86)/atmel/atmel toolchain/arm gcc/native/4.8.1443/arm-gnu-toolchain/bin/../lib/gcc/arm-none-eabi/4.8.4/../../../../arm-none-eabi/lib/armv7-m\libc.a(lib_a-impure.o)
                              c:/program files (x86)/atmel/atmel toolchain/arm gcc/native/4.8.1443/arm-gnu-toolchain/bin/../lib/gcc/arm-none-eabi/4.8.4/../../../../arm-none-eabi/lib/armv7-m\libc.a(lib_a-exit.o) (_global_impure_ptr)
c:/program files (x86)/atmel/atmel toolchain/arm gcc/native/4.8.1443/arm-gnu-toolchain/bin/../lib/gcc/arm-none-eabi/4.8.4/../../../../arm-none-eabi/lib/armv7-m\libc.a(lib_a-init.o)
                              c:/program files (x86)/atmel/atmel toolchain/arm gcc/native/4.8.1443/arm-gnu-toolchain/bin/../lib/gcc/arm-none-eabi/4.8.4/../../../../arm-none-eabi/lib/armv7-m/crt0.o (__libc_init_array)
c:/program files (x86)/atmel/atmel toolchain/arm gcc/native/4.8.1443/arm-gnu-toolchain/bin/../lib/gcc/arm-none-eabi/4.8.4/../../../../arm-none-eabi/lib/armv7-m\libc.a(lib_a-iprintf.o)
                              src/MatCon.o (iprintf)
c:/program files (x86)/atmel/atmel toolchain/arm gcc/native/4.8.1443/arm-gnu-toolchain/bin/../lib/gcc/arm-none-eabi/4.8.4/../../../../arm-none-eabi/lib/armv7-m\libc.a(lib_a-memcpy.o)
                              src/ASF/thirdparty/freertos/freertos-7.3.0/source/queue.o (memcpy)
c:/program files (x86)/atmel/atmel toolchain/arm gcc/native/4.8.1443/arm-gnu-toolchain/bin/../lib/gcc/arm-none-eabi/4.8.4/../../../../arm-none-eabi/lib/armv7-m\libc.a(lib_a-memset.o)
                              c:/program files (x86)/atmel/atmel toolchain/arm gcc/native/4.8.1443/arm-gnu-toolchain/bin/../lib/gcc/arm-none-eabi/4.8.4/../../../../arm-none-eabi/lib/armv7-m/crt0.o (memset)
c:/program files (x86)/atmel/atmel toolchain/arm gcc/native/4.8.1443/arm-gnu-toolchain/bin/../lib/gcc/arm-none-eabi/4.8.4/../../../../arm-none-eabi/lib/armv7-m\libc.a(lib_a-puts.o)
                              src/ASF/sam/drivers/adc/adc.o (puts)
c:/program files (x86)/atmel/atmel toolchain/arm gcc/native/4.8.1443/arm-gnu-toolchain/bin/../lib/gcc/arm-none-eabi/4.8.4/../../../../arm-none-eabi/lib/armv7-m\libc.a(lib_a-setbuf.o)
                              src/main.o (setbuf)
c:/program files (x86)/atmel/atmel toolchain/arm gcc/native/4.8.1443/arm-gnu-toolchain/bin/../lib/gcc/arm-none-eabi/4.8.4/../../../../arm-none-eabi/lib/armv7-m\libc.a(lib_a-setvbuf.o)
                              c:/program files (x86)/atmel/atmel toolchain/arm gcc/native/4.8.1443/arm-gnu-toolchain/bin/../lib/gcc/arm-none-eabi/4.8.4/../../../../arm-none-eabi/lib/armv7-m\libc.a(lib_a-setbuf.o) (setvbuf)
c:/program files (x86)/atmel/atmel toolchain/arm gcc/native/4.8.1443/arm-gnu-toolchain/bin/../lib/gcc/arm-none-eabi/4.8.4/../../../../arm-none-eabi/lib/armv7-m\libc.a(lib_a-sprintf.o)
                              src/ASF/thirdparty/freertos/freertos-7.3.0/source/tasks.o (sprintf)
c:/program files (x86)/atmel/atmel toolchain/arm gcc/native/4.8.1443/arm-gnu-toolchain/bin/../lib/gcc/arm-none-eabi/4.8.4/../../../../arm-none-eabi/lib/armv7-m\libc.a(lib_a-strcat.o)
                              src/ASF/thirdparty/freertos/freertos-7.3.0/source/tasks.o (strcat)
c:/program files (x86)/atmel/atmel toolchain/arm gcc/native/4.8.1443/arm-gnu-toolchain/bin/../lib/gcc/arm-none-eabi/4.8.4/../../../../arm-none-eabi/lib/armv7-m\libc.a(lib_a-strcpy.o)
                              c:/program files (x86)/atmel/atmel toolchain/arm gcc/native/4.8.1443/arm-gnu-toolchain/bin/../lib/gcc/arm-none-eabi/4.8.4/../../../../arm-none-eabi/lib/armv7-m\libc.a(lib_a-strcat.o) (strcpy)
c:/program files (x86)/atmel/atmel toolchain/arm gcc/native/4.8.1443/arm-gnu-toolchain/bin/../lib/gcc/arm-none-eabi/4.8.4/../../../../arm-none-eabi/lib/armv7-m\libc.a(lib_a-strlen.o)
                              src/ASF/thirdparty/freertos/freertos-7.3.0/source/FreeRTOS_CLI.o (strlen)
c:/program files (x86)/atmel/atmel toolchain/arm gcc/native/4.8.1443/arm-gnu-toolchain/bin/../lib/gcc/arm-none-eabi/4.8.4/../../../../arm-none-eabi/lib/armv7-m\libc.a(lib_a-strncmp.o)
                              src/ASF/thirdparty/freertos/freertos-7.3.0/source/FreeRTOS_CLI.o (strncmp)
c:/program files (x86)/atmel/atmel toolchain/arm gcc/native/4.8.1443/arm-gnu-toolchain/bin/../lib/gcc/arm-none-eabi/4.8.4/../../../../arm-none-eabi/lib/armv7-m\libc.a(lib_a-strncpy.o)
                              src/ASF/thirdparty/freertos/freertos-7.3.0/source/FreeRTOS_CLI.o (strncpy)
[...]
Memory Configuration

Name             Origin             Length             Attributes
rom              0x00080000         0x00080000         xr
sram0            0x20000000         0x00010000         xrw
sram1            0x20080000         0x00008000         xrw
ram              0x20070000         0x00018000         xrw
*default*        0x00000000         0xffffffff

Linker script and memory map

LOAD c:/program files (x86)/atmel/atmel toolchain/arm gcc/native/4.8.1443/arm-gnu-toolchain/bin/../lib/gcc/arm-none-eabi/4.8.4/armv7-m/crti.o
LOAD c:/program files (x86)/atmel/atmel toolchain/arm gcc/native/4.8.1443/arm-gnu-toolchain/bin/../lib/gcc/arm-none-eabi/4.8.4/armv7-m/crtbegin.o
LOAD c:/program files (x86)/atmel/atmel toolchain/arm gcc/native/4.8.1443/arm-gnu-toolchain/bin/../lib/gcc/arm-none-eabi/4.8.4/../../../../arm-none-eabi/lib/armv7-m/crt0.o
LOAD src/ASF/common/services/delay/sam/cycle_counter.o
LOAD src/MatCon.o
LOAD src/ASF/common/services/clock/sam3x/sysclk.o
LOAD src/ASF/common/services/serial/usart_serial.o
LOAD src/ASF/common/utils/interrupt/interrupt_sam_nvic.o
LOAD src/ASF/common/utils/stdio/read.o
LOAD src/ASF/common/utils/stdio/write.o
LOAD src/ASF/sam/boards/arduino_due_x/init.o
LOAD src/ASF/sam/drivers/adc/adc.o
LOAD src/ASF/sam/drivers/adc/adc_sam3u.o
LOAD src/ASF/sam/drivers/dacc/dacc.o
LOAD src/ASF/sam/drivers/pio/pio.o
LOAD src/ASF/sam/drivers/pio/pio_handler.o
LOAD src/ASF/sam/drivers/pmc/pmc.o
LOAD src/ASF/sam/drivers/pmc/sleep.o
LOAD src/ASF/sam/drivers/uart/uart.o
LOAD src/ASF/sam/drivers/usart/usart.o
LOAD src/ASF/sam/utils/cmsis/sam3x/source/templates/exceptions.o
LOAD src/ASF/sam/utils/cmsis/sam3x/source/templates/gcc/startup_sam3x.o
LOAD src/ASF/sam/utils/cmsis/sam3x/source/templates/system_sam3x.o
LOAD src/ASF/sam/utils/syscalls/gcc/syscalls.o
LOAD src/ASF/thirdparty/freertos/freertos-7.3.0/source/FreeRTOS_CLI.o
LOAD src/ASF/thirdparty/freertos/freertos-7.3.0/source/list.o
LOAD src/ASF/thirdparty/freertos/freertos-7.3.0/source/portable/gcc/sam/port.o
LOAD src/ASF/thirdparty/freertos/freertos-7.3.0/source/portable/memmang/heap_4.o
LOAD src/ASF/thirdparty/freertos/freertos-7.3.0/source/queue.o
LOAD src/ASF/thirdparty/freertos/freertos-7.3.0/source/tasks.o
LOAD src/ASF/thirdparty/freertos/freertos-7.3.0/source/timers.o
LOAD src/main.o
START GROUP
LOAD ../src/ASF/thirdparty/CMSIS/Lib/GCC\libarm_cortexM3l_math.a
LOAD c:/program files (x86)/atmel/atmel toolchain/arm gcc/native/4.8.1443/arm-gnu-toolchain/bin/../lib/gcc/arm-none-eabi/4.8.4/../../../../arm-none-eabi/lib/armv7-m\libm.a
END GROUP
START GROUP
LOAD c:/program files (x86)/atmel/atmel toolchain/arm gcc/native/4.8.1443/arm-gnu-toolchain/bin/../lib/gcc/arm-none-eabi/4.8.4/armv7-m\libgcc.a
LOAD c:/program files (x86)/atmel/atmel toolchain/arm gcc/native/4.8.1443/arm-gnu-toolchain/bin/../lib/gcc/arm-none-eabi/4.8.4/../../../../arm-none-eabi/lib/armv7-m\libc.a
END GROUP
LOAD c:/program files (x86)/atmel/atmel toolchain/arm gcc/native/4.8.1443/arm-gnu-toolchain/bin/../lib/gcc/arm-none-eabi/4.8.4/armv7-m/crtend.o
LOAD c:/program files (x86)/atmel/atmel toolchain/arm gcc/native/4.8.1443/arm-gnu-toolchain/bin/../lib/gcc/arm-none-eabi/4.8.4/armv7-m/crtn.o
                0x00002000                __stack_size__ = DEFINED (__stack_size__)?__stack_size__:0x2000
                0x20087ffc                __ram_end__ = ((ORIGIN (ram) + 0x18000) - 0x4)

.text           0x00080000     0x3f10
                0x00080000                . = ALIGN (0x4)
                0x00080000                _sfixed = .
 *(.vectors .vectors.*)
 .vectors       0x00080000       0xf4 src/ASF/sam/utils/cmsis/sam3x/source/templates/gcc/startup_sam3x.o
                0x00080000                exception_table
 *(.text .text.* .gnu.linkonce.t.*)
 .text          0x000800f4       0x54 c:/program files (x86)/atmel/atmel toolchain/arm gcc/native/4.8.1443/arm-gnu-toolchain/bin/../lib/gcc/arm-none-eabi/4.8.4/armv7-m/crtbegin.o
 .text.start_comm
                0x00080148       0xcc src/MatCon.o
                0x00080148                start_comm
 .text.sysclk_init
                0x00080214       0x64 src/ASF/common/services/clock/sam3x/sysclk.o
                0x00080214                sysclk_init
 .text._read    0x00080278       0x40 src/ASF/common/utils/stdio/read.o
                0x00080278                _read
 .text._write   0x000802b8       0x54 src/ASF/common/utils/stdio/write.o
                0x000802b8                _write
 .text.board_init
                0x0008030c       0x80 src/ASF/sam/boards/arduino_due_x/init.o
                0x0008030c                board_init
 .text.pio_set_peripheral
                0x0008038c       0x40 src/ASF/sam/drivers/pio/pio.o
                0x0008038c                pio_set_peripheral
 .text.pio_set_input
                0x000803cc       0x34 src/ASF/sam/drivers/pio/pio.o
                0x000803cc                pio_set_input
 .text.pio_set_output
                0x00080400       0x28 src/ASF/sam/drivers/pio/pio.o
                0x00080400                pio_set_output
 .text.pio_get_interrupt_status
                0x00080428        0x4 src/ASF/sam/drivers/pio/pio.o
                0x00080428                pio_get_interrupt_status
 .text.pio_get_interrupt_mask
                0x0008042c        0x4 src/ASF/sam/drivers/pio/pio.o
                0x0008042c                pio_get_interrupt_mask
 .text.pio_configure_pin
                0x00080430       0xd4 src/ASF/sam/drivers/pio/pio.o
                0x00080430                pio_configure_pin
 .text.pio_configure_pin_group
                0x00080504       0xa0 src/ASF/sam/drivers/pio/pio.o
                0x00080504                pio_configure_pin_group
 .text.pio_handler_process
                0x000805a4       0x58 src/ASF/sam/drivers/pio/pio_handler.o
                0x000805a4                pio_handler_process
 .text.PIOA_Handler
                0x000805fc       0x14 src/ASF/sam/drivers/pio/pio_handler.o
                0x000805fc                PIOA_Handler
 .text.PIOB_Handler
                0x00080610       0x14 src/ASF/sam/drivers/pio/pio_handler.o
                0x00080610                PIOB_Handler
 .text.PIOC_Handler
                0x00080624       0x14 src/ASF/sam/drivers/pio/pio_handler.o
                0x00080624                PIOC_Handler
 .text.PIOD_Handler
                0x00080638       0x14 src/ASF/sam/drivers/pio/pio_handler.o
                0x00080638                PIOD_Handler
 .text.pmc_switch_mck_to_pllack
                0x0008064c       0x64 src/ASF/sam/drivers/pmc/pmc.o
                0x0008064c                pmc_switch_mck_to_pllack
 .text.pmc_switch_mainck_to_xtal
                0x000806b0       0x54 src/ASF/sam/drivers/pmc/pmc.o
                0x000806b0                pmc_switch_mainck_to_xtal
 .text.pmc_osc_is_ready_mainck
                0x00080704       0x10 src/ASF/sam/drivers/pmc/pmc.o
                0x00080704                pmc_osc_is_ready_mainck
 .text.pmc_disable_pllack
                0x00080714       0x10 src/ASF/sam/drivers/pmc/pmc.o
                0x00080714                pmc_disable_pllack
 .text.pmc_is_locked_pllack
                0x00080724       0x10 src/ASF/sam/drivers/pmc/pmc.o
                0x00080724                pmc_is_locked_pllack
 .text.pmc_enable_periph_clk
                0x00080734       0x58 src/ASF/sam/drivers/pmc/pmc.o
                0x00080734                pmc_enable_periph_clk
 .text.uart_init
                0x0008078c       0x38 src/ASF/sam/drivers/uart/uart.o
                0x0008078c                uart_init
 .text.uart_is_rx_ready
                0x000807c4        0x8 src/ASF/sam/drivers/uart/uart.o
                0x000807c4                uart_is_rx_ready
 .text.uart_write
                0x000807cc       0x10 src/ASF/sam/drivers/uart/uart.o
                0x000807cc                uart_write
 .text.uart_read
                0x000807dc       0x14 src/ASF/sam/drivers/uart/uart.o
                0x000807dc                uart_read
 .text.usart_write
                0x000807f0       0x14 src/ASF/sam/drivers/usart/usart.o
                0x000807f0                usart_write
 .text.usart_read
                0x00080804       0x18 src/ASF/sam/drivers/usart/usart.o
                0x00080804                usart_read
 .text.Dummy_Handler
                0x0008081c        0x4 src/ASF/sam/utils/cmsis/sam3x/source/templates/exceptions.o
                0x0008081c                DACC_Handler
                0x0008081c                DebugMon_Handler
                0x0008081c                DMAC_Handler
                0x0008081c                TRNG_Handler
                0x0008081c                HardFault_Handler
                0x0008081c                TC2_Handler
                0x0008081c                USART3_Handler
                0x0008081c                TWI1_Handler
                0x0008081c                NMI_Handler
                0x0008081c                TC7_Handler
                0x0008081c                ADC_Handler
                0x0008081c                SMC_Handler
                0x0008081c                USART0_Handler
                0x0008081c                RTT_Handler
                0x0008081c                EFC1_Handler
                0x0008081c                RTC_Handler
                0x0008081c                UsageFault_Handler
                0x0008081c                TC6_Handler
                0x0008081c                WDT_Handler
                0x0008081c                CAN0_Handler
                0x0008081c                TC4_Handler
                0x0008081c                TC1_Handler
                0x0008081c                HSMCI_Handler
                0x0008081c                TC3_Handler
                0x0008081c                Dummy_Handler
                0x0008081c                TWI0_Handler
                0x0008081c                USART1_Handler
                0x0008081c                SSC_Handler
                0x0008081c                EFC0_Handler
                0x0008081c                PMC_Handler
                0x0008081c                PWM_Handler
                0x0008081c                CAN1_Handler
                0x0008081c                MemManage_Handler
                0x0008081c                SUPC_Handler
                0x0008081c                TC8_Handler
                0x0008081c                USART2_Handler
                0x0008081c                EMAC_Handler
                0x0008081c                UART_Handler
                0x0008081c                BusFault_Handler
                0x0008081c                RSTC_Handler
                0x0008081c                TC0_Handler
                0x0008081c                TC5_Handler
                0x0008081c                UOTGHS_Handler
                0x0008081c                SPI0_Handler
 .text.Reset_Handler
                0x00080820       0xb0 src/ASF/sam/utils/cmsis/sam3x/source/templates/gcc/startup_sam3x.o
                0x00080820                Reset_Handler
 .text.SystemCoreClockUpdate
                0x000808d0      0x11c src/ASF/sam/utils/cmsis/sam3x/source/templates/system_sam3x.o
                0x000808d0                SystemCoreClockUpdate
 .text._sbrk    0x000809ec       0x34 src/ASF/sam/utils/syscalls/gcc/syscalls.o
                0x000809ec                _sbrk
 .text._close   0x00080a20        0x8 src/ASF/sam/utils/syscalls/gcc/syscalls.o
                0x00080a20                _close
 .text._fstat   0x00080a28        0xc src/ASF/sam/utils/syscalls/gcc/syscalls.o
                0x00080a28                _fstat
 .text._isatty  0x00080a34        0x4 src/ASF/sam/utils/syscalls/gcc/syscalls.o
                0x00080a34                _isatty
 .text._lseek   0x00080a38        0x4 src/ASF/sam/utils/syscalls/gcc/syscalls.o
                0x00080a38                _lseek
 .text.vListInsertEnd
                0x00080a3c       0x1c src/ASF/thirdparty/freertos/freertos-7.3.0/source/list.o
                0x00080a3c                vListInsertEnd
 .text.uxListRemove
                0x00080a58       0x28 src/ASF/thirdparty/freertos/freertos-7.3.0/source/list.o
                0x00080a58                uxListRemove
 .text.SVC_Handler
                0x00080a80       0x20 src/ASF/thirdparty/freertos/freertos-7.3.0/source/portable/gcc/sam/port.o
                0x00080a80                SVC_Handler
 .text.ulPortSetInterruptMask
                0x00080aa0       0x10 src/ASF/thirdparty/freertos/freertos-7.3.0/source/portable/gcc/sam/port.o
                0x00080aa0                ulPortSetInterruptMask
 .text.vPortClearInterruptMask
                0x00080ab0        0x8 src/ASF/thirdparty/freertos/freertos-7.3.0/source/portable/gcc/sam/port.o
                0x00080ab0                vPortClearInterruptMask
 .text.PendSV_Handler
                0x00080ab8       0x3c src/ASF/thirdparty/freertos/freertos-7.3.0/source/portable/gcc/sam/port.o
                0x00080ab8                PendSV_Handler
 .text.SysTick_Handler
                0x00080af4       0x2c src/ASF/thirdparty/freertos/freertos-7.3.0/source/portable/gcc/sam/port.o
                0x00080af4                SysTick_Handler
 .text.vTaskIncrementTick
                0x00080b20      0x120 src/ASF/thirdparty/freertos/freertos-7.3.0/source/tasks.o
                0x00080b20                vTaskIncrementTick
 .text.vTaskSwitchContext
                0x00080c40       0x90 src/ASF/thirdparty/freertos/freertos-7.3.0/source/tasks.o
                0x00080c40                vTaskSwitchContext
 .text.usart_serial_getchar
                0x00080cd0       0xa8 src/main.o
 .text.usart_serial_putchar
                0x00080d78       0xa8 src/main.o
 .text.configure_console
                0x00080e20       0x98 src/main.o
                0x00080e20                configure_console
 .text.main     0x00080eb8       0x3c src/main.o
                0x00080eb8                main
 .text.__libc_init_array
                0x00080ef4       0x50 c:/program files (x86)/atmel/atmel toolchain/arm gcc/native/4.8.1443/arm-gnu-toolchain/bin/../lib/gcc/arm-none-eabi/4.8.4/../../../../arm-none-eabi/lib/armv7-m\libc.a(lib_a-init.o)
                0x00080ef4                __libc_init_array
 .text.iprintf  0x00080f44       0x28 c:/program files (x86)/atmel/atmel toolchain/arm gcc/native/4.8.1443/arm-gnu-toolchain/bin/../lib/gcc/arm-none-eabi/4.8.4/../../../../arm-none-eabi/lib/armv7-m\libc.a(lib_a-iprintf.o)
                0x00080f44                iprintf
 .text          0x00080f6c       0xec c:/program files (x86)/atmel/atmel toolchain/arm gcc/native/4.8.1443/arm-gnu-toolchain/bin/../lib/gcc/arm-none-eabi/4.8.4/../../../../arm-none-eabi/lib/armv7-m\libc.a(lib_a-memcpy.o)
                0x00080f6c                memcpy
 .text.memset   0x00081058       0x94 c:/program files (x86)/atmel/atmel toolchain/arm gcc/native/4.8.1443/arm-gnu-toolchain/bin/../lib/gcc/arm-none-eabi/4.8.4/../../../../arm-none-eabi/lib/armv7-m\libc.a(lib_a-memset.o)
                0x00081058                memset
 .text.setbuf   0x000810ec       0x10 c:/program files (x86)/atmel/atmel toolchain/arm gcc/native/4.8.1443/arm-gnu-toolchain/bin/../lib/gcc/arm-none-eabi/4.8.4/../../../../arm-none-eabi/lib/armv7-m\libc.a(lib_a-setbuf.o)
                0x000810ec                setbuf
 .text.setvbuf  0x000810fc      0x100 c:/program files (x86)/atmel/atmel toolchain/arm gcc/native/4.8.1443/arm-gnu-toolchain/bin/../lib/gcc/arm-none-eabi/4.8.4/../../../../arm-none-eabi/lib/armv7-m\libc.a(lib_a-setvbuf.o)
                0x000810fc                setvbuf
 .text.strlen   0x000811fc       0x60 c:/program files (x86)/atmel/atmel toolchain/arm gcc/native/4.8.1443/arm-gnu-toolchain/bin/../lib/gcc/arm-none-eabi/4.8.4/../../../../arm-none-eabi/lib/armv7-m\libc.a(lib_a-strlen.o)
                0x000811fc                strlen
 .text.__sprint_r.part.0
                0x0008125c       0x78 c:/program files (x86)/atmel/atmel toolchain/arm gcc/native/4.8.1443/arm-gnu-toolchain/bin/../lib/gcc/arm-none-eabi/4.8.4/../../../../arm-none-eabi/lib/armv7-m\libc.a(lib_a-vfiprintf.o)
 .text._vfiprintf_r
                0x000812d4      0xc54 c:/program files (x86)/atmel/atmel toolchain/arm gcc/native/4.8.1443/arm-gnu-toolchain/bin/../lib/gcc/arm-none-eabi/4.8.4/../../../../arm-none-eabi/lib/armv7-m\libc.a(lib_a-vfiprintf.o)
                0x000812d4                _vfiprintf_r
 .text.__sbprintf
                0x00081f28       0x7c c:/program files (x86)/atmel/atmel toolchain/arm gcc/native/4.8.1443/arm-gnu-toolchain/bin/../lib/gcc/arm-none-eabi/4.8.4/../../../../arm-none-eabi/lib/armv7-m\libc.a(lib_a-vfiprintf.o)
 .text.__swsetup_r
                0x00081fa4       0xc4 c:/program files (x86)/atmel/atmel toolchain/arm gcc/native/4.8.1443/arm-gnu-toolchain/bin/../lib/gcc/arm-none-eabi/4.8.4/../../../../arm-none-eabi/lib/armv7-m\libc.a(lib_a-wsetup.o)
                0x00081fa4                __swsetup_r
 .text.startup.register_fini
                0x00082068       0x14 c:/program files (x86)/atmel/atmel toolchain/arm gcc/native/4.8.1443/arm-gnu-toolchain/bin/../lib/gcc/arm-none-eabi/4.8.4/../../../../arm-none-eabi/lib/armv7-m\libc.a(lib_a-__call_atexit.o)
 .text.atexit   0x0008207c        0xc c:/program files (x86)/atmel/atmel toolchain/arm gcc/native/4.8.1443/arm-gnu-toolchain/bin/../lib/gcc/arm-none-eabi/4.8.4/../../../../arm-none-eabi/lib/armv7-m\libc.a(lib_a-atexit.o)
                0x0008207c                atexit
 .text.__sflush_r
                0x00082088      0x148 c:/program files (x86)/atmel/atmel toolchain/arm gcc/native/4.8.1443/arm-gnu-toolchain/bin/../lib/gcc/arm-none-eabi/4.8.4/../../../../arm-none-eabi/lib/armv7-m\libc.a(lib_a-fflush.o)
                0x00082088                __sflush_r
 .text._fflush_r
                0x000821d0       0x2c c:/program files (x86)/atmel/atmel toolchain/arm gcc/native/4.8.1443/arm-gnu-toolchain/bin/../lib/gcc/arm-none-eabi/4.8.4/../../../../arm-none-eabi/lib/armv7-m\libc.a(lib_a-fflush.o)
                0x000821d0                _fflush_r
 .text._cleanup_r
                0x000821fc        0xc c:/program files (x86)/atmel/atmel toolchain/arm gcc/native/4.8.1443/arm-gnu-toolchain/bin/../lib/gcc/arm-none-eabi/4.8.4/../../../../arm-none-eabi/lib/armv7-m\libc.a(lib_a-findfp.o)
                0x000821fc                _cleanup_r
 .text.__sinit  0x00082208       0xf4 c:/program files (x86)/atmel/atmel toolchain/arm gcc/native/4.8.1443/arm-gnu-toolchain/bin/../lib/gcc/arm-none-eabi/4.8.4/../../../../arm-none-eabi/lib/armv7-m\libc.a(lib_a-findfp.o)
                0x00082208                __sinit
 .text.__sfp_lock_acquire
                0x000822fc        0x4 c:/program files (x86)/atmel/atmel toolchain/arm gcc/native/4.8.1443/arm-gnu-toolchain/bin/../lib/gcc/arm-none-eabi/4.8.4/../../../../arm-none-eabi/lib/armv7-m\libc.a(lib_a-findfp.o)
                0x000822fc                __sfp_lock_acquire
 .text.__sfp_lock_release
                0x00082300        0x4 c:/program files (x86)/atmel/atmel toolchain/arm gcc/native/4.8.1443/arm-gnu-toolchain/bin/../lib/gcc/arm-none-eabi/4.8.4/../../../../arm-none-eabi/lib/armv7-m\libc.a(lib_a-findfp.o)
                0x00082300                __sfp_lock_release
 .text.__libc_fini_array
                0x00082304       0x30 c:/program files (x86)/atmel/atmel toolchain/arm gcc/native/4.8.1443/arm-gnu-toolchain/bin/../lib/gcc/arm-none-eabi/4.8.4/../../../../arm-none-eabi/lib/armv7-m\libc.a(lib_a-fini.o)
                0x00082304                __libc_fini_array
 .text._fputwc_r
                0x00082334       0xc0 c:/program files (x86)/atmel/atmel toolchain/arm gcc/native/4.8.1443/arm-gnu-toolchain/bin/../lib/gcc/arm-none-eabi/4.8.4/../../../../arm-none-eabi/lib/armv7-m\libc.a(lib_a-fputwc.o)
                0x00082334                _fputwc_r
 .text._malloc_trim_r
                0x000823f4       0x9c c:/program files (x86)/atmel/atmel toolchain/arm gcc/native/4.8.1443/arm-gnu-toolchain/bin/../lib/gcc/arm-none-eabi/4.8.4/../../../../arm-none-eabi/lib/armv7-m\libc.a(lib_a-freer.o)
                0x000823f4                _malloc_trim_r
 .text._free_r  0x00082490      0x198 c:/program files (x86)/atmel/atmel toolchain/arm gcc/native/4.8.1443/arm-gnu-toolchain/bin/../lib/gcc/arm-none-eabi/4.8.4/../../../../arm-none-eabi/lib/armv7-m\libc.a(lib_a-freer.o)
                0x00082490                _free_r
 .text.__sfvwrite_r
                0x00082628      0x318 c:/program files (x86)/atmel/atmel toolchain/arm gcc/native/4.8.1443/arm-gnu-toolchain/bin/../lib/gcc/arm-none-eabi/4.8.4/../../../../arm-none-eabi/lib/armv7-m\libc.a(lib_a-fvwrite.o)
                0x00082628                __sfvwrite_r
 .text._fwalk   0x00082940       0x48 c:/program files (x86)/atmel/atmel toolchain/arm gcc/native/4.8.1443/arm-gnu-toolchain/bin/../lib/gcc/arm-none-eabi/4.8.4/../../../../arm-none-eabi/lib/armv7-m\libc.a(lib_a-fwalk.o)
                0x00082940                _fwalk
 .text.__locale_charset
                0x00082988        0x8 c:/program files (x86)/atmel/atmel toolchain/arm gcc/native/4.8.1443/arm-gnu-toolchain/bin/../lib/gcc/arm-none-eabi/4.8.4/../../../../arm-none-eabi/lib/armv7-m\libc.a(lib_a-locale.o)
                0x00082988                __locale_charset
 .text.__locale_mb_cur_max
                0x00082990        0xc c:/program files (x86)/atmel/atmel toolchain/arm gcc/native/4.8.1443/arm-gnu-toolchain/bin/../lib/gcc/arm-none-eabi/4.8.4/../../../../arm-none-eabi/lib/armv7-m\libc.a(lib_a-locale.o)
                0x00082990                __locale_mb_cur_max
 .text.__smakebuf_r
                0x0008299c       0xe0 c:/program files (x86)/atmel/atmel toolchain/arm gcc/native/4.8.1443/arm-gnu-toolchain/bin/../lib/gcc/arm-none-eabi/4.8.4/../../../../arm-none-eabi/lib/armv7-m\libc.a(lib_a-makebuf.o)
                0x0008299c                __smakebuf_r
 .text.malloc   0x00082a7c       0x10 c:/program files (x86)/atmel/atmel toolchain/arm gcc/native/4.8.1443/arm-gnu-toolchain/bin/../lib/gcc/arm-none-eabi/4.8.4/../../../../arm-none-eabi/lib/armv7-m\libc.a(lib_a-malloc.o)
                0x00082a7c                malloc
 .text._malloc_r
                0x00082a8c      0x538 c:/program files (x86)/atmel/atmel toolchain/arm gcc/native/4.8.1443/arm-gnu-toolchain/bin/../lib/gcc/arm-none-eabi/4.8.4/../../../../arm-none-eabi/lib/armv7-m\libc.a(lib_a-mallocr.o)
                0x00082a8c                _malloc_r
 .text.memchr   0x00082fc4       0x94 c:/program files (x86)/atmel/atmel toolchain/arm gcc/native/4.8.1443/arm-gnu-toolchain/bin/../lib/gcc/arm-none-eabi/4.8.4/../../../../arm-none-eabi/lib/armv7-m\libc.a(lib_a-memchr-stub.o)
                0x00082fc4                memchr
 .text.memmove  0x00083058       0xcc c:/program files (x86)/atmel/atmel toolchain/arm gcc/native/4.8.1443/arm-gnu-toolchain/bin/../lib/gcc/arm-none-eabi/4.8.4/../../../../arm-none-eabi/lib/armv7-m\libc.a(lib_a-memmove.o)
                0x00083058                memmove
 .text.__malloc_lock
                0x00083124        0x4 c:/program files (x86)/atmel/atmel toolchain/arm gcc/native/4.8.1443/arm-gnu-toolchain/bin/../lib/gcc/arm-none-eabi/4.8.4/../../../../arm-none-eabi/lib/armv7-m\libc.a(lib_a-mlock.o)
                0x00083124                __malloc_lock
 .text.__malloc_unlock
                0x00083128        0x4 c:/program files (x86)/atmel/atmel toolchain/arm gcc/native/4.8.1443/arm-gnu-toolchain/bin/../lib/gcc/arm-none-eabi/4.8.4/../../../../arm-none-eabi/lib/armv7-m\libc.a(lib_a-mlock.o)
                0x00083128                __malloc_unlock
 .text._realloc_r
                0x0008312c      0x3c0 c:/program files (x86)/atmel/atmel toolchain/arm gcc/native/4.8.1443/arm-gnu-toolchain/bin/../lib/gcc/arm-none-eabi/4.8.4/../../../../arm-none-eabi/lib/armv7-m\libc.a(lib_a-reallocr.o)
                0x0008312c                _realloc_r
 .text._sbrk_r  0x000834ec       0x24 c:/program files (x86)/atmel/atmel toolchain/arm gcc/native/4.8.1443/arm-gnu-toolchain/bin/../lib/gcc/arm-none-eabi/4.8.4/../../../../arm-none-eabi/lib/armv7-m\libc.a(lib_a-sbrkr.o)
                0x000834ec                _sbrk_r
 .text.__sread  0x00083510       0x24 c:/program files (x86)/atmel/atmel toolchain/arm gcc/native/4.8.1443/arm-gnu-toolchain/bin/../lib/gcc/arm-none-eabi/4.8.4/../../../../arm-none-eabi/lib/armv7-m\libc.a(lib_a-stdio.o)
                0x00083510                __sread
 .text.__swrite
                0x00083534       0x38 c:/program files (x86)/atmel/atmel toolchain/arm gcc/native/4.8.1443/arm-gnu-toolchain/bin/../lib/gcc/arm-none-eabi/4.8.4/../../../../arm-none-eabi/lib/armv7-m\libc.a(lib_a-stdio.o)
                0x00083534                __swrite
 .text.__sseek  0x0008356c       0x20 c:/program files (x86)/atmel/atmel toolchain/arm gcc/native/4.8.1443/arm-gnu-toolchain/bin/../lib/gcc/arm-none-eabi/4.8.4/../../../../arm-none-eabi/lib/armv7-m\libc.a(lib_a-stdio.o)
                0x0008356c                __sseek
 .text.__sclose
                0x0008358c        0x8 c:/program files (x86)/atmel/atmel toolchain/arm gcc/native/4.8.1443/arm-gnu-toolchain/bin/../lib/gcc/arm-none-eabi/4.8.4/../../../../arm-none-eabi/lib/armv7-m\libc.a(lib_a-stdio.o)
                0x0008358c                __sclose
 .text.__swbuf_r
                0x00083594       0xa8 c:/program files (x86)/atmel/atmel toolchain/arm gcc/native/4.8.1443/arm-gnu-toolchain/bin/../lib/gcc/arm-none-eabi/4.8.4/../../../../arm-none-eabi/lib/armv7-m\libc.a(lib_a-wbuf.o)
                0x00083594                __swbuf_r
 .text._wcrtomb_r
                0x0008363c       0x50 c:/program files (x86)/atmel/atmel toolchain/arm gcc/native/4.8.1443/arm-gnu-toolchain/bin/../lib/gcc/arm-none-eabi/4.8.4/../../../../arm-none-eabi/lib/armv7-m\libc.a(lib_a-wcrtomb.o)
                0x0008363c                _wcrtomb_r
 .text.__ascii_wctomb
                0x0008368c       0x1c c:/program files (x86)/atmel/atmel toolchain/arm gcc/native/4.8.1443/arm-gnu-toolchain/bin/../lib/gcc/arm-none-eabi/4.8.4/../../../../arm-none-eabi/lib/armv7-m\libc.a(lib_a-wctomb_r.o)
                0x0008368c                __ascii_wctomb
 .text._write_r
                0x000836a8       0x28 c:/program files (x86)/atmel/atmel toolchain/arm gcc/native/4.8.1443/arm-gnu-toolchain/bin/../lib/gcc/arm-none-eabi/4.8.4/../../../../arm-none-eabi/lib/armv7-m\libc.a(lib_a-writer.o)
                0x000836a8                _write_r
 .text.__register_exitproc
                0x000836d0       0xa8 c:/program files (x86)/atmel/atmel toolchain/arm gcc/native/4.8.1443/arm-gnu-toolchain/bin/../lib/gcc/arm-none-eabi/4.8.4/../../../../arm-none-eabi/lib/armv7-m\libc.a(lib_a-__atexit.o)
                0x000836d0                __register_exitproc
 .text._close_r
                0x00083778       0x24 c:/program files (x86)/atmel/atmel toolchain/arm gcc/native/4.8.1443/arm-gnu-toolchain/bin/../lib/gcc/arm-none-eabi/4.8.4/../../../../arm-none-eabi/lib/armv7-m\libc.a(lib_a-closer.o)
                0x00083778                _close_r
 .text._fclose_r
                0x0008379c       0x80 c:/program files (x86)/atmel/atmel toolchain/arm gcc/native/4.8.1443/arm-gnu-toolchain/bin/../lib/gcc/arm-none-eabi/4.8.4/../../../../arm-none-eabi/lib/armv7-m\libc.a(lib_a-fclose.o)
                0x0008379c                _fclose_r
 .text.fclose   0x0008381c       0x10 c:/program files (x86)/atmel/atmel toolchain/arm gcc/native/4.8.1443/arm-gnu-toolchain/bin/../lib/gcc/arm-none-eabi/4.8.4/../../../../arm-none-eabi/lib/armv7-m\libc.a(lib_a-fclose.o)
                0x0008381c                fclose
 .text._fstat_r
                0x0008382c       0x28 c:/program files (x86)/atmel/atmel toolchain/arm gcc/native/4.8.1443/arm-gnu-toolchain/bin/../lib/gcc/arm-none-eabi/4.8.4/../../../../arm-none-eabi/lib/armv7-m\libc.a(lib_a-fstatr.o)
                0x0008382c                _fstat_r
 .text._isatty_r
                0x00083854       0x24 c:/program files (x86)/atmel/atmel toolchain/arm gcc/native/4.8.1443/arm-gnu-toolchain/bin/../lib/gcc/arm-none-eabi/4.8.4/../../../../arm-none-eabi/lib/armv7-m\libc.a(lib_a-isattyr.o)
                0x00083854                _isatty_r
 .text._lseek_r
                0x00083878       0x28 c:/program files (x86)/atmel/atmel toolchain/arm gcc/native/4.8.1443/arm-gnu-toolchain/bin/../lib/gcc/arm-none-eabi/4.8.4/../../../../arm-none-eabi/lib/armv7-m\libc.a(lib_a-lseekr.o)
                0x00083878                _lseek_r
 .text._read_r  0x000838a0       0x28 c:/program files (x86)/atmel/atmel toolchain/arm gcc/native/4.8.1443/arm-gnu-toolchain/bin/../lib/gcc/arm-none-eabi/4.8.4/../../../../arm-none-eabi/lib/armv7-m\libc.a(lib_a-readr.o)
                0x000838a0                _read_r
 .text          0x000838c8       0x2c c:/program files (x86)/atmel/atmel toolchain/arm gcc/native/4.8.1443/arm-gnu-toolchain/bin/../lib/gcc/arm-none-eabi/4.8.4/armv7-m\libgcc.a(_aeabi_uldivmod.o)
                0x000838c8                __aeabi_uldivmod
 .text          0x000838f4       0x60 c:/program files (x86)/atmel/atmel toolchain/arm gcc/native/4.8.1443/arm-gnu-toolchain/bin/../lib/gcc/arm-none-eabi/4.8.4/armv7-m\libgcc.a(bpabi.o)
                0x000838f4                __gnu_ldivmod_helper
                0x00083924                __gnu_uldivmod_helper
 .text          0x00083954        0x4 c:/program files (x86)/atmel/atmel toolchain/arm gcc/native/4.8.1443/arm-gnu-toolchain/bin/../lib/gcc/arm-none-eabi/4.8.4/armv7-m\libgcc.a(_dvmd_tls.o)
                0x00083954                __aeabi_idiv0
                0x00083954                __aeabi_ldiv0
 .text          0x00083958      0x2a0 c:/program files (x86)/atmel/atmel toolchain/arm gcc/native/4.8.1443/arm-gnu-toolchain/bin/../lib/gcc/arm-none-eabi/4.8.4/armv7-m\libgcc.a(_divdi3.o)
                0x00083958                __divdi3
 .text          0x00083bf8      0x290 c:/program files (x86)/atmel/atmel toolchain/arm gcc/native/4.8.1443/arm-gnu-toolchain/bin/../lib/gcc/arm-none-eabi/4.8.4/armv7-m\libgcc.a(_udivdi3.o)
                0x00083bf8                __udivdi3
 *(.glue_7t)
 .glue_7t       0x00000000        0x0 linker stubs
 *(.glue_7)
 .glue_7        0x00000000        0x0 linker stubs
 *(.rodata .rodata* .gnu.linkonce.r.*)
 .rodata.str1.4
                0x00083e88        0xc src/MatCon.o
 .rodata.str1.4
                0x00083e94        0x2 c:/program files (x86)/atmel/atmel toolchain/arm gcc/native/4.8.1443/arm-gnu-toolchain/bin/../lib/gcc/arm-none-eabi/4.8.4/../../../../arm-none-eabi/lib/armv7-m\libc.a(lib_a-impure.o)
                                  0x4 (size before relaxing)
 *fill*         0x00083e96        0x2 
 .rodata._global_impure_ptr
                0x00083e98        0x4 c:/program files (x86)/atmel/atmel toolchain/arm gcc/native/4.8.1443/arm-gnu-toolchain/bin/../lib/gcc/arm-none-eabi/4.8.4/../../../../arm-none-eabi/lib/armv7-m\libc.a(lib_a-impure.o)
                0x00083e98                _global_impure_ptr
 .rodata.str1.4
                0x00083e9c       0x30 c:/program files (x86)/atmel/atmel toolchain/arm gcc/native/4.8.1443/arm-gnu-toolchain/bin/../lib/gcc/arm-none-eabi/4.8.4/../../../../arm-none-eabi/lib/armv7-m\libc.a(lib_a-vfiprintf.o)
 .rodata.zeroes.6721
                0x00083ecc       0x10 c:/program files (x86)/atmel/atmel toolchain/arm gcc/native/4.8.1443/arm-gnu-toolchain/bin/../lib/gcc/arm-none-eabi/4.8.4/../../../../arm-none-eabi/lib/armv7-m\libc.a(lib_a-vfiprintf.o)
 .rodata.blanks.6720
                0x00083edc       0x10 c:/program files (x86)/atmel/atmel toolchain/arm gcc/native/4.8.1443/arm-gnu-toolchain/bin/../lib/gcc/arm-none-eabi/4.8.4/../../../../arm-none-eabi/lib/armv7-m\libc.a(lib_a-vfiprintf.o)
 *(.ARM.extab* .gnu.linkonce.armextab.*)
                0x00083eec                . = ALIGN (0x4)
 *(.init)
 .init          0x00083eec        0x4 c:/program files (x86)/atmel/atmel toolchain/arm gcc/native/4.8.1443/arm-gnu-toolchain/bin/../lib/gcc/arm-none-eabi/4.8.4/armv7-m/crti.o
                0x00083eec                _init
 .init          0x00083ef0        0x8 c:/program files (x86)/atmel/atmel toolchain/arm gcc/native/4.8.1443/arm-gnu-toolchain/bin/../lib/gcc/arm-none-eabi/4.8.4/armv7-m/crtn.o
                0x00083ef8                . = ALIGN (0x4)
                0x00083ef8                __preinit_array_start = .
 *(.preinit_array)
                0x00083ef8                __preinit_array_end = .
                0x00083ef8                . = ALIGN (0x4)
                0x00083ef8                __init_array_start = .
 *(SORT(.init_array.*))
 .init_array.00000
                0x00083ef8        0x4 c:/program files (x86)/atmel/atmel toolchain/arm gcc/native/4.8.1443/arm-gnu-toolchain/bin/../lib/gcc/arm-none-eabi/4.8.4/../../../../arm-none-eabi/lib/armv7-m\libc.a(lib_a-__call_atexit.o)
 *(.init_array)
 .init_array    0x00083efc        0x4 c:/program files (x86)/atmel/atmel toolchain/arm gcc/native/4.8.1443/arm-gnu-toolchain/bin/../lib/gcc/arm-none-eabi/4.8.4/armv7-m/crtbegin.o
                0x00083f00                __init_array_end = .
                0x00083f00                . = ALIGN (0x4)
 *crtbegin.o(.ctors)
 *(EXCLUDE_FILE(*crtend.o) .ctors)
 *(SORT(.ctors.*))
 *crtend.o(.ctors)
                0x00083f00                . = ALIGN (0x4)
 *(.fini)
 .fini          0x00083f00        0x4 c:/program files (x86)/atmel/atmel toolchain/arm gcc/native/4.8.1443/arm-gnu-toolchain/bin/../lib/gcc/arm-none-eabi/4.8.4/armv7-m/crti.o
                0x00083f00                _fini
 .fini          0x00083f04        0x8 c:/program files (x86)/atmel/atmel toolchain/arm gcc/native/4.8.1443/arm-gnu-toolchain/bin/../lib/gcc/arm-none-eabi/4.8.4/armv7-m/crtn.o
                0x00083f0c                . = ALIGN (0x4)
                0x00083f0c                __fini_array_start = .
 *(.fini_array)
 .fini_array    0x00083f0c        0x4 c:/program files (x86)/atmel/atmel toolchain/arm gcc/native/4.8.1443/arm-gnu-toolchain/bin/../lib/gcc/arm-none-eabi/4.8.4/armv7-m/crtbegin.o
 *(SORT(.fini_array.*))
                0x00083f10                __fini_array_end = .
 *crtbegin.o(.dtors)
 *(EXCLUDE_FILE(*crtend.o) .dtors)
 *(SORT(.dtors.*))
 *crtend.o(.dtors)
                0x00083f10                . = ALIGN (0x4)
                0x00083f10                _efixed = .
                0x00083f10                PROVIDE (__exidx_start, .)

.vfp11_veneer   0x00083f10        0x0
 .vfp11_veneer  0x00000000        0x0 linker stubs

.v4_bx          0x00083f10        0x0
 .v4_bx         0x00000000        0x0 linker stubs

.iplt           0x00083f10        0x0
 .iplt          0x00000000        0x0 c:/program files (x86)/atmel/atmel toolchain/arm gcc/native/4.8.1443/arm-gnu-toolchain/bin/../lib/gcc/arm-none-eabi/4.8.4/armv7-m/crtbegin.o

.ARM.exidx      0x00083f10        0x8
 *(.ARM.exidx* .gnu.linkonce.armexidx.*)
 .ARM.exidx     0x00083f10        0x8 c:/program files (x86)/atmel/atmel toolchain/arm gcc/native/4.8.1443/arm-gnu-toolchain/bin/../lib/gcc/arm-none-eabi/4.8.4/armv7-m\libgcc.a(_divdi3.o)
 .ARM.exidx     0x00083f18        0x0 c:/program files (x86)/atmel/atmel toolchain/arm gcc/native/4.8.1443/arm-gnu-toolchain/bin/../lib/gcc/arm-none-eabi/4.8.4/armv7-m\libgcc.a(_udivdi3.o)
                                  0x8 (size before relaxing)
                0x00083f18                PROVIDE (__exidx_end, .)

.eh_frame       0x00083f18        0x0
 .eh_frame      0x00083f18        0x0 c:/program files (x86)/atmel/atmel toolchain/arm gcc/native/4.8.1443/arm-gnu-toolchain/bin/../lib/gcc/arm-none-eabi/4.8.4/armv7-m/crtbegin.o

.rel.dyn        0x00083f18        0x0
 .rel.iplt      0x00000000        0x0 c:/program files (x86)/atmel/atmel toolchain/arm gcc/native/4.8.1443/arm-gnu-toolchain/bin/../lib/gcc/arm-none-eabi/4.8.4/armv7-m/crtbegin.o

.jcr            0x00083f18        0x0
 .jcr           0x00083f18        0x0 c:/program files (x86)/atmel/atmel toolchain/arm gcc/native/4.8.1443/arm-gnu-toolchain/bin/../lib/gcc/arm-none-eabi/4.8.4/armv7-m/crtbegin.o

.igot.plt       0x00083f18        0x0
 .igot.plt      0x00000000        0x0 c:/program files (x86)/atmel/atmel toolchain/arm gcc/native/4.8.1443/arm-gnu-toolchain/bin/../lib/gcc/arm-none-eabi/4.8.4/armv7-m/crtbegin.o
                0x00083f18                . = ALIGN (0x4)
                0x00083f18                _etext = .

.relocate       0x20070000      0x9a4 load address 0x00083f18
                0x20070000                . = ALIGN (0x4)
                0x20070000                _srelocate = .
 *(.ramfunc .ramfunc.*)
 .ramfunc       0x20070000        0xc src/ASF/common/services/delay/sam/cycle_counter.o
                0x20070000                portable_delay_cycles
 .ramfunc       0x2007000c      0x12c src/ASF/sam/utils/cmsis/sam3x/source/templates/system_sam3x.o
                0x2007000c                SystemInit
                0x200700b0                system_init_flash
 *(.data .data.*)
 .data.SystemCoreClock
                0x20070138        0x4 src/ASF/sam/utils/cmsis/sam3x/source/templates/system_sam3x.o
                0x20070138                SystemCoreClock
 .data.xNextTaskUnblockTime
                0x2007013c        0x4 src/ASF/thirdparty/freertos/freertos-7.3.0/source/tasks.o
 .data.impure_data
                0x20070140      0x428 c:/program files (x86)/atmel/atmel toolchain/arm gcc/native/4.8.1443/arm-gnu-toolchain/bin/../lib/gcc/arm-none-eabi/4.8.4/../../../../arm-none-eabi/lib/armv7-m\libc.a(lib_a-impure.o)
 .data._impure_ptr
                0x20070568        0x4 c:/program files (x86)/atmel/atmel toolchain/arm gcc/native/4.8.1443/arm-gnu-toolchain/bin/../lib/gcc/arm-none-eabi/4.8.4/../../../../arm-none-eabi/lib/armv7-m\libc.a(lib_a-impure.o)
                0x20070568                _impure_ptr
 .data.lc_ctype_charset
                0x2007056c       0x20 c:/program files (x86)/atmel/atmel toolchain/arm gcc/native/4.8.1443/arm-gnu-toolchain/bin/../lib/gcc/arm-none-eabi/4.8.4/../../../../arm-none-eabi/lib/armv7-m\libc.a(lib_a-locale.o)
 .data.__mb_cur_max
                0x2007058c        0x4 c:/program files (x86)/atmel/atmel toolchain/arm gcc/native/4.8.1443/arm-gnu-toolchain/bin/../lib/gcc/arm-none-eabi/4.8.4/../../../../arm-none-eabi/lib/armv7-m\libc.a(lib_a-locale.o)
                0x2007058c                __mb_cur_max
 .data.__malloc_av_
                0x20070590      0x408 c:/program files (x86)/atmel/atmel toolchain/arm gcc/native/4.8.1443/arm-gnu-toolchain/bin/../lib/gcc/arm-none-eabi/4.8.4/../../../../arm-none-eabi/lib/armv7-m\libc.a(lib_a-mallocr.o)
                0x20070590                __malloc_av_
 .data.__malloc_trim_threshold
                0x20070998        0x4 c:/program files (x86)/atmel/atmel toolchain/arm gcc/native/4.8.1443/arm-gnu-toolchain/bin/../lib/gcc/arm-none-eabi/4.8.4/../../../../arm-none-eabi/lib/armv7-m\libc.a(lib_a-mallocr.o)
                0x20070998                __malloc_trim_threshold
 .data.__malloc_sbrk_base
                0x2007099c        0x4 c:/program files (x86)/atmel/atmel toolchain/arm gcc/native/4.8.1443/arm-gnu-toolchain/bin/../lib/gcc/arm-none-eabi/4.8.4/../../../../arm-none-eabi/lib/armv7-m\libc.a(lib_a-mallocr.o)
                0x2007099c                __malloc_sbrk_base
 .data.__wctomb
                0x200709a0        0x4 c:/program files (x86)/atmel/atmel toolchain/arm gcc/native/4.8.1443/arm-gnu-toolchain/bin/../lib/gcc/arm-none-eabi/4.8.4/../../../../arm-none-eabi/lib/armv7-m\libc.a(lib_a-wctomb_r.o)
                0x200709a0                __wctomb
                0x200709a4                . = ALIGN (0x4)
                0x200709a4                _erelocate = .

.bss            0x200709a4      0x15c load address 0x000848bc
                0x200709a4                . = ALIGN (0x4)
                0x200709a4                _sbss = .
                0x200709a4                _szero = .
 *(.bss .bss.*)
 .bss           0x200709a4       0x1c c:/program files (x86)/atmel/atmel toolchain/arm gcc/native/4.8.1443/arm-gnu-toolchain/bin/../lib/gcc/arm-none-eabi/4.8.4/armv7-m/crtbegin.o
 .bss.gs_interrupt_sources
                0x200709c0       0x70 src/ASF/sam/drivers/pio/pio_handler.o
 .bss.heap.5098
                0x20070a30        0x4 src/ASF/sam/utils/syscalls/gcc/syscalls.o
 .bss.uxMissedTicks
                0x20070a34        0x4 src/ASF/thirdparty/freertos/freertos-7.3.0/source/tasks.o
 .bss.pxDelayedTaskList
                0x20070a38        0x4 src/ASF/thirdparty/freertos/freertos-7.3.0/source/tasks.o
 .bss.uxTopReadyPriority
                0x20070a3c        0x4 src/ASF/thirdparty/freertos/freertos-7.3.0/source/tasks.o
 .bss.pxReadyTasksLists
                0x20070a40       0x64 src/ASF/thirdparty/freertos/freertos-7.3.0/source/tasks.o
 .bss.uxSchedulerSuspended
                0x20070aa4        0x4 src/ASF/thirdparty/freertos/freertos-7.3.0/source/tasks.o
 .bss.pxCurrentTCB
                0x20070aa8        0x4 src/ASF/thirdparty/freertos/freertos-7.3.0/source/tasks.o
                0x20070aa8                pxCurrentTCB
 .bss.xNumOfOverflows
                0x20070aac        0x4 src/ASF/thirdparty/freertos/freertos-7.3.0/source/tasks.o
 .bss.xTickCount
                0x20070ab0        0x4 src/ASF/thirdparty/freertos/freertos-7.3.0/source/tasks.o
 .bss.pxOverflowDelayedTaskList
                0x20070ab4        0x4 src/ASF/thirdparty/freertos/freertos-7.3.0/source/tasks.o
 .bss.xMissedYield
                0x20070ab8        0x4 src/ASF/thirdparty/freertos/freertos-7.3.0/source/tasks.o
 .bss.__malloc_max_total_mem
                0x20070abc        0x4 c:/program files (x86)/atmel/atmel toolchain/arm gcc/native/4.8.1443/arm-gnu-toolchain/bin/../lib/gcc/arm-none-eabi/4.8.4/../../../../arm-none-eabi/lib/armv7-m\libc.a(lib_a-mallocr.o)
                0x20070abc                __malloc_max_total_mem
 .bss.__malloc_max_sbrked_mem
                0x20070ac0        0x4 c:/program files (x86)/atmel/atmel toolchain/arm gcc/native/4.8.1443/arm-gnu-toolchain/bin/../lib/gcc/arm-none-eabi/4.8.4/../../../../arm-none-eabi/lib/armv7-m\libc.a(lib_a-mallocr.o)
                0x20070ac0                __malloc_max_sbrked_mem
 .bss.__malloc_top_pad
                0x20070ac4        0x4 c:/program files (x86)/atmel/atmel toolchain/arm gcc/native/4.8.1443/arm-gnu-toolchain/bin/../lib/gcc/arm-none-eabi/4.8.4/../../../../arm-none-eabi/lib/armv7-m\libc.a(lib_a-mallocr.o)
                0x20070ac4                __malloc_top_pad
 .bss.__malloc_current_mallinfo
                0x20070ac8       0x28 c:/program files (x86)/atmel/atmel toolchain/arm gcc/native/4.8.1443/arm-gnu-toolchain/bin/../lib/gcc/arm-none-eabi/4.8.4/../../../../arm-none-eabi/lib/armv7-m\libc.a(lib_a-mallocr.o)
                0x20070ac8                __malloc_current_mallinfo
 *(COMMON)
 COMMON         0x20070af0        0x4 src/ASF/common/utils/stdio/read.o
                0x20070af0                ptr_get
 COMMON         0x20070af4        0x8 src/ASF/common/utils/stdio/write.o
                0x20070af4                ptr_put
                0x20070af8                stdio_base
 COMMON         0x20070afc        0x4 c:/program files (x86)/atmel/atmel toolchain/arm gcc/native/4.8.1443/arm-gnu-toolchain/bin/../lib/gcc/arm-none-eabi/4.8.4/../../../../arm-none-eabi/lib/armv7-m\libc.a(lib_a-reent.o)
                0x20070afc                errno
                0x20070b00                . = ALIGN (0x4)
                0x20070b00                _ebss = .
                0x20070b00                _ezero = .

.stack          0x20070b00     0x2000 load address 0x00084a18
                0x20070b00                . = ALIGN (0x8)
                0x20070b00                _sstack = .
                0x20072b00                . = (. + __stack_size__)
 *fill*         0x20070b00     0x2000 
                0x20072b00                . = ALIGN (0x8)
                0x20072b00                _estack = .
                0x20072b00                . = ALIGN (0x4)
                0x20072b00                _end = .
OUTPUT(ExProject.elf elf32-littlearm)

.ARM.attributes
                0x00000000       0x29
 .ARM.attributes
                0x00000000       0x1d c:/program files (x86)/atmel/atmel toolchain/arm gcc/native/4.8.1443/arm-gnu-toolchain/bin/../lib/gcc/arm-none-eabi/4.8.4/armv7-m/crti.o
 .ARM.attributes
                0x0000001d       0x2d c:/program files (x86)/atmel/atmel toolchain/arm gcc/native/4.8.1443/arm-gnu-toolchain/bin/../lib/gcc/arm-none-eabi/4.8.4/armv7-m/crtbegin.o
 .ARM.attributes
                0x0000004a       0x33 src/ASF/common/services/delay/sam/cycle_counter.o
 .ARM.attributes
                0x0000007d       0x33 src/MatCon.o
 .ARM.attributes
                0x000000b0       0x33 src/ASF/common/services/clock/sam3x/sysclk.o
 .ARM.attributes
                0x000000e3       0x33 src/ASF/common/utils/stdio/read.o
 .ARM.attributes
                0x00000116       0x33 src/ASF/common/utils/stdio/write.o
 .ARM.attributes
                0x00000149       0x33 src/ASF/sam/boards/arduino_due_x/init.o
 .ARM.attributes
                0x0000017c       0x33 src/ASF/sam/drivers/pio/pio.o
 .ARM.attributes
                0x000001af       0x33 src/ASF/sam/drivers/pio/pio_handler.o
 .ARM.attributes
                0x000001e2       0x33 src/ASF/sam/drivers/pmc/pmc.o
 .ARM.attributes
                0x00000215       0x33 src/ASF/sam/drivers/uart/uart.o
 .ARM.attributes
                0x00000248       0x33 src/ASF/sam/drivers/usart/usart.o
 .ARM.attributes
                0x0000027b       0x33 src/ASF/sam/utils/cmsis/sam3x/source/templates/exceptions.o
 .ARM.attributes
                0x000002ae       0x33 src/ASF/sam/utils/cmsis/sam3x/source/templates/gcc/startup_sam3x.o
 .ARM.attributes
                0x000002e1       0x33 src/ASF/sam/utils/cmsis/sam3x/source/templates/system_sam3x.o
 .ARM.attributes
                0x00000314       0x33 src/ASF/sam/utils/syscalls/gcc/syscalls.o
 .ARM.attributes
                0x00000347       0x33 src/ASF/thirdparty/freertos/freertos-7.3.0/source/list.o
 .ARM.attributes
                0x0000037a       0x33 src/ASF/thirdparty/freertos/freertos-7.3.0/source/portable/gcc/sam/port.o
 .ARM.attributes
                0x000003ad       0x33 src/ASF/thirdparty/freertos/freertos-7.3.0/source/tasks.o
 .ARM.attributes
                0x000003e0       0x33 src/main.o
 .ARM.attributes
                0x00000413       0x2d c:/program files (x86)/atmel/atmel toolchain/arm gcc/native/4.8.1443/arm-gnu-toolchain/bin/../lib/gcc/arm-none-eabi/4.8.4/../../../../arm-none-eabi/lib/armv7-m\libc.a(lib_a-impure.o)
 .ARM.attributes
                0x00000440       0x2d c:/program files (x86)/atmel/atmel toolchain/arm gcc/native/4.8.1443/arm-gnu-toolchain/bin/../lib/gcc/arm-none-eabi/4.8.4/../../../../arm-none-eabi/lib/armv7-m\libc.a(lib_a-init.o)
 .ARM.attributes
                0x0000046d       0x2d c:/program files (x86)/atmel/atmel toolchain/arm gcc/native/4.8.1443/arm-gnu-toolchain/bin/../lib/gcc/arm-none-eabi/4.8.4/../../../../arm-none-eabi/lib/armv7-m\libc.a(lib_a-iprintf.o)
 .ARM.attributes
                0x0000049a       0x1b c:/program files (x86)/atmel/atmel toolchain/arm gcc/native/4.8.1443/arm-gnu-toolchain/bin/../lib/gcc/arm-none-eabi/4.8.4/../../../../arm-none-eabi/lib/armv7-m\libc.a(lib_a-memcpy.o)
 .ARM.attributes
                0x000004b5       0x2d c:/program files (x86)/atmel/atmel toolchain/arm gcc/native/4.8.1443/arm-gnu-toolchain/bin/../lib/gcc/arm-none-eabi/4.8.4/../../../../arm-none-eabi/lib/armv7-m\libc.a(lib_a-memset.o)
 .ARM.attributes
                0x000004e2       0x2d c:/program files (x86)/atmel/atmel toolchain/arm gcc/native/4.8.1443/arm-gnu-toolchain/bin/../lib/gcc/arm-none-eabi/4.8.4/../../../../arm-none-eabi/lib/armv7-m\libc.a(lib_a-setbuf.o)
 .ARM.attributes
                0x0000050f       0x2d c:/program files (x86)/atmel/atmel toolchain/arm gcc/native/4.8.1443/arm-gnu-toolchain/bin/../lib/gcc/arm-none-eabi/4.8.4/../../../../arm-none-eabi/lib/armv7-m\libc.a(lib_a-setvbuf.o)
 .ARM.attributes
                0x0000053c       0x2d c:/program files (x86)/atmel/atmel toolchain/arm gcc/native/4.8.1443/arm-gnu-toolchain/bin/../lib/gcc/arm-none-eabi/4.8.4/../../../../arm-none-eabi/lib/armv7-m\libc.a(lib_a-strlen.o)
 .ARM.attributes
                0x00000569       0x2d c:/program files (x86)/atmel/atmel toolchain/arm gcc/native/4.8.1443/arm-gnu-toolchain/bin/../lib/gcc/arm-none-eabi/4.8.4/../../../../arm-none-eabi/lib/armv7-m\libc.a(lib_a-vfiprintf.o)
 .ARM.attributes
                0x00000596       0x2d c:/program files (x86)/atmel/atmel toolchain/arm gcc/native/4.8.1443/arm-gnu-toolchain/bin/../lib/gcc/arm-none-eabi/4.8.4/../../../../arm-none-eabi/lib/armv7-m\libc.a(lib_a-wsetup.o)
 .ARM.attributes
                0x000005c3       0x2d c:/program files (x86)/atmel/atmel toolchain/arm gcc/native/4.8.1443/arm-gnu-toolchain/bin/../lib/gcc/arm-none-eabi/4.8.4/../../../../arm-none-eabi/lib/armv7-m\libc.a(lib_a-__call_atexit.o)
 .ARM.attributes
                0x000005f0       0x2d c:/program files (x86)/atmel/atmel toolchain/arm gcc/native/4.8.1443/arm-gnu-toolchain/bin/../lib/gcc/arm-none-eabi/4.8.4/../../../../arm-none-eabi/lib/armv7-m\libc.a(lib_a-atexit.o)
 .ARM.attributes
                0x0000061d       0x2d c:/program files (x86)/atmel/atmel toolchain/arm gcc/native/4.8.1443/arm-gnu-toolchain/bin/../lib/gcc/arm-none-eabi/4.8.4/../../../../arm-none-eabi/lib/armv7-m\libc.a(lib_a-fflush.o)
 .ARM.attributes
                0x0000064a       0x2d c:/program files (x86)/atmel/atmel toolchain/arm gcc/native/4.8.1443/arm-gnu-toolchain/bin/../lib/gcc/arm-none-eabi/4.8.4/../../../../arm-none-eabi/lib/armv7-m\libc.a(lib_a-findfp.o)
 .ARM.attributes
                0x00000677       0x2d c:/program files (x86)/atmel/atmel toolchain/arm gcc/native/4.8.1443/arm-gnu-toolchain/bin/../lib/gcc/arm-none-eabi/4.8.4/../../../../arm-none-eabi/lib/armv7-m\libc.a(lib_a-fini.o)
 .ARM.attributes
                0x000006a4       0x2d c:/program files (x86)/atmel/atmel toolchain/arm gcc/native/4.8.1443/arm-gnu-toolchain/bin/../lib/gcc/arm-none-eabi/4.8.4/../../../../arm-none-eabi/lib/armv7-m\libc.a(lib_a-fputwc.o)
 .ARM.attributes
                0x000006d1       0x2d c:/program files (x86)/atmel/atmel toolchain/arm gcc/native/4.8.1443/arm-gnu-toolchain/bin/../lib/gcc/arm-none-eabi/4.8.4/../../../../arm-none-eabi/lib/armv7-m\libc.a(lib_a-freer.o)
 .ARM.attributes
                0x000006fe       0x2d c:/program files (x86)/atmel/atmel toolchain/arm gcc/native/4.8.1443/arm-gnu-toolchain/bin/../lib/gcc/arm-none-eabi/4.8.4/../../../../arm-none-eabi/lib/armv7-m\libc.a(lib_a-fvwrite.o)
 .ARM.attributes
                0x0000072b       0x2d c:/program files (x86)/atmel/atmel toolchain/arm gcc/native/4.8.1443/arm-gnu-toolchain/bin/../lib/gcc/arm-none-eabi/4.8.4/../../../../arm-none-eabi/lib/armv7-m\libc.a(lib_a-fwalk.o)
 .ARM.attributes
                0x00000758       0x2d c:/program files (x86)/atmel/atmel toolchain/arm gcc/native/4.8.1443/arm-gnu-toolchain/bin/../lib/gcc/arm-none-eabi/4.8.4/../../../../arm-none-eabi/lib/armv7-m\libc.a(lib_a-locale.o)
 .ARM.attributes
                0x00000785       0x2d c:/program files (x86)/atmel/atmel toolchain/arm gcc/native/4.8.1443/arm-gnu-toolchain/bin/../lib/gcc/arm-none-eabi/4.8.4/../../../../arm-none-eabi/lib/armv7-m\libc.a(lib_a-makebuf.o)
 .ARM.attributes
                0x000007b2       0x2d c:/program files (x86)/atmel/atmel toolchain/arm gcc/native/4.8.1443/arm-gnu-toolchain/bin/../lib/gcc/arm-none-eabi/4.8.4/../../../../arm-none-eabi/lib/armv7-m\libc.a(lib_a-malloc.o)
 .ARM.attributes
                0x000007df       0x2d c:/program files (x86)/atmel/atmel toolchain/arm gcc/native/4.8.1443/arm-gnu-toolchain/bin/../lib/gcc/arm-none-eabi/4.8.4/../../../../arm-none-eabi/lib/armv7-m\libc.a(lib_a-mallocr.o)
 .ARM.attributes
                0x0000080c       0x2d c:/program files (x86)/atmel/atmel toolchain/arm gcc/native/4.8.1443/arm-gnu-toolchain/bin/../lib/gcc/arm-none-eabi/4.8.4/../../../../arm-none-eabi/lib/armv7-m\libc.a(lib_a-memchr-stub.o)
 .ARM.attributes
                0x00000839       0x2d c:/program files (x86)/atmel/atmel toolchain/arm gcc/native/4.8.1443/arm-gnu-toolchain/bin/../lib/gcc/arm-none-eabi/4.8.4/../../../../arm-none-eabi/lib/armv7-m\libc.a(lib_a-memmove.o)
 .ARM.attributes
                0x00000866       0x2d c:/program files (x86)/atmel/atmel toolchain/arm gcc/native/4.8.1443/arm-gnu-toolchain/bin/../lib/gcc/arm-none-eabi/4.8.4/../../../../arm-none-eabi/lib/armv7-m\libc.a(lib_a-mlock.o)
 .ARM.attributes
                0x00000893       0x2d c:/program files (x86)/atmel/atmel toolchain/arm gcc/native/4.8.1443/arm-gnu-toolchain/bin/../lib/gcc/arm-none-eabi/4.8.4/../../../../arm-none-eabi/lib/armv7-m\libc.a(lib_a-reallocr.o)
 .ARM.attributes
                0x000008c0       0x2d c:/program files (x86)/atmel/atmel toolchain/arm gcc/native/4.8.1443/arm-gnu-toolchain/bin/../lib/gcc/arm-none-eabi/4.8.4/../../../../arm-none-eabi/lib/armv7-m\libc.a(lib_a-sbrkr.o)
 .ARM.attributes
                0x000008ed       0x2d c:/program files (x86)/atmel/atmel toolchain/arm gcc/native/4.8.1443/arm-gnu-toolchain/bin/../lib/gcc/arm-none-eabi/4.8.4/../../../../arm-none-eabi/lib/armv7-m\libc.a(lib_a-stdio.o)
 .ARM.attributes
                0x0000091a       0x2d c:/program files (x86)/atmel/atmel toolchain/arm gcc/native/4.8.1443/arm-gnu-toolchain/bin/../lib/gcc/arm-none-eabi/4.8.4/../../../../arm-none-eabi/lib/armv7-m\libc.a(lib_a-wbuf.o)
 .ARM.attributes
                0x00000947       0x2d c:/program files (x86)/atmel/atmel toolchain/arm gcc/native/4.8.1443/arm-gnu-toolchain/bin/../lib/gcc/arm-none-eabi/4.8.4/../../../../arm-none-eabi/lib/armv7-m\libc.a(lib_a-wcrtomb.o)
 .ARM.attributes
                0x00000974       0x2d c:/program files (x86)/atmel/atmel toolchain/arm gcc/native/4.8.1443/arm-gnu-toolchain/bin/../lib/gcc/arm-none-eabi/4.8.4/../../../../arm-none-eabi/lib/armv7-m\libc.a(lib_a-wctomb_r.o)
 .ARM.attributes
                0x000009a1       0x2d c:/program files (x86)/atmel/atmel toolchain/arm gcc/native/4.8.1443/arm-gnu-toolchain/bin/../lib/gcc/arm-none-eabi/4.8.4/../../../../arm-none-eabi/lib/armv7-m\libc.a(lib_a-writer.o)
 .ARM.attributes
                0x000009ce       0x2d c:/program files (x86)/atmel/atmel toolchain/arm gcc/native/4.8.1443/arm-gnu-toolchain/bin/../lib/gcc/arm-none-eabi/4.8.4/../../../../arm-none-eabi/lib/armv7-m\libc.a(lib_a-__atexit.o)
 .ARM.attributes
                0x000009fb       0x2d c:/program files (x86)/atmel/atmel toolchain/arm gcc/native/4.8.1443/arm-gnu-toolchain/bin/../lib/gcc/arm-none-eabi/4.8.4/../../../../arm-none-eabi/lib/armv7-m\libc.a(lib_a-closer.o)
 .ARM.attributes
                0x00000a28       0x2d c:/program files (x86)/atmel/atmel toolchain/arm gcc/native/4.8.1443/arm-gnu-toolchain/bin/../lib/gcc/arm-none-eabi/4.8.4/../../../../arm-none-eabi/lib/armv7-m\libc.a(lib_a-fclose.o)
 .ARM.attributes
                0x00000a55       0x2d c:/program files (x86)/atmel/atmel toolchain/arm gcc/native/4.8.1443/arm-gnu-toolchain/bin/../lib/gcc/arm-none-eabi/4.8.4/../../../../arm-none-eabi/lib/armv7-m\libc.a(lib_a-fstatr.o)
 .ARM.attributes
                0x00000a82       0x2d c:/program files (x86)/atmel/atmel toolchain/arm gcc/native/4.8.1443/arm-gnu-toolchain/bin/../lib/gcc/arm-none-eabi/4.8.4/../../../../arm-none-eabi/lib/armv7-m\libc.a(lib_a-isattyr.o)
 .ARM.attributes
                0x00000aaf       0x2d c:/program files (x86)/atmel/atmel toolchain/arm gcc/native/4.8.1443/arm-gnu-toolchain/bin/../lib/gcc/arm-none-eabi/4.8.4/../../../../arm-none-eabi/lib/armv7-m\libc.a(lib_a-lseekr.o)
 .ARM.attributes
                0x00000adc       0x2d c:/program files (x86)/atmel/atmel toolchain/arm gcc/native/4.8.1443/arm-gnu-toolchain/bin/../lib/gcc/arm-none-eabi/4.8.4/../../../../arm-none-eabi/lib/armv7-m\libc.a(lib_a-readr.o)
 .ARM.attributes
                0x00000b09       0x2d c:/program files (x86)/atmel/atmel toolchain/arm gcc/native/4.8.1443/arm-gnu-toolchain/bin/../lib/gcc/arm-none-eabi/4.8.4/../../../../arm-none-eabi/lib/armv7-m\libc.a(lib_a-reent.o)
 .ARM.attributes
                0x00000b36       0x1d c:/program files (x86)/atmel/atmel toolchain/arm gcc/native/4.8.1443/arm-gnu-toolchain/bin/../lib/gcc/arm-none-eabi/4.8.4/armv7-m\libgcc.a(_aeabi_uldivmod.o)
 .ARM.attributes
                0x00000b53       0x2d c:/program files (x86)/atmel/atmel toolchain/arm gcc/native/4.8.1443/arm-gnu-toolchain/bin/../lib/gcc/arm-none-eabi/4.8.4/armv7-m\libgcc.a(bpabi.o)
 .ARM.attributes
                0x00000b80       0x1d c:/program files (x86)/atmel/atmel toolchain/arm gcc/native/4.8.1443/arm-gnu-toolchain/bin/../lib/gcc/arm-none-eabi/4.8.4/armv7-m\libgcc.a(_dvmd_tls.o)
 .ARM.attributes
                0x00000b9d       0x2d c:/program files (x86)/atmel/atmel toolchain/arm gcc/native/4.8.1443/arm-gnu-toolchain/bin/../lib/gcc/arm-none-eabi/4.8.4/armv7-m\libgcc.a(_divdi3.o)
 .ARM.attributes
                0x00000bca       0x2d c:/program files (x86)/atmel/atmel toolchain/arm gcc/native/4.8.1443/arm-gnu-toolchain/bin/../lib/gcc/arm-none-eabi/4.8.4/armv7-m\libgcc.a(_udivdi3.o)
 .ARM.attributes
                0x00000bf7       0x1d c:/program files (x86)/atmel/atmel toolchain/arm gcc/native/4.8.1443/arm-gnu-toolchain/bin/../lib/gcc/arm-none-eabi/4.8.4/armv7-m/crtn.o

.comment        0x00000000       0x5b
 .comment       0x00000000       0x5b src/ASF/common/services/delay/sam/cycle_counter.o
                                 0x5c (size before relaxing)
 .comment       0x00000000       0x5c src/MatCon.o
 .comment       0x00000000       0x5c src/ASF/common/services/clock/sam3x/sysclk.o
 .comment       0x00000000       0x5c src/ASF/common/utils/stdio/read.o
 .comment       0x00000000       0x5c src/ASF/common/utils/stdio/write.o
 .comment       0x00000000       0x5c src/ASF/sam/boards/arduino_due_x/init.o
 .comment       0x00000000       0x5c src/ASF/sam/drivers/pio/pio.o
 .comment       0x00000000       0x5c src/ASF/sam/drivers/pio/pio_handler.o
 .comment       0x00000000       0x5c src/ASF/sam/drivers/pmc/pmc.o
 .comment       0x00000000       0x5c src/ASF/sam/drivers/uart/uart.o
 .comment       0x00000000       0x5c src/ASF/sam/drivers/usart/usart.o
 .comment       0x00000000       0x5c src/ASF/sam/utils/cmsis/sam3x/source/templates/exceptions.o
 .comment       0x00000000       0x5c src/ASF/sam/utils/cmsis/sam3x/source/templates/gcc/startup_sam3x.o
 .comment       0x00000000       0x5c src/ASF/sam/utils/cmsis/sam3x/source/templates/system_sam3x.o
 .comment       0x00000000       0x5c src/ASF/sam/utils/syscalls/gcc/syscalls.o
 .comment       0x00000000       0x5c src/ASF/thirdparty/freertos/freertos-7.3.0/source/list.o
 .comment       0x00000000       0x5c src/ASF/thirdparty/freertos/freertos-7.3.0/source/portable/gcc/sam/port.o
 .comment       0x00000000       0x5c src/ASF/thirdparty/freertos/freertos-7.3.0/source/tasks.o
 .comment       0x00000000       0x5c src/main.o

.debug_info     0x00000000     0xbd6a
 .debug_info    0x00000000      0x134 src/ASF/common/services/delay/sam/cycle_counter.o
 .debug_info    0x00000134      0xe3c src/MatCon.o
 .debug_info    0x00000f70      0x796 src/ASF/common/services/clock/sam3x/sysclk.o
 .debug_info    0x00001706      0x1bb src/ASF/common/utils/stdio/read.o
 .debug_info    0x000018c1      0x1c0 src/ASF/common/utils/stdio/write.o
 .debug_info    0x00001a81      0x75a src/ASF/sam/boards/arduino_due_x/init.o
 .debug_info    0x000021db     0x1385 src/ASF/sam/drivers/pio/pio.o
 .debug_info    0x00003560      0xe52 src/ASF/sam/drivers/pio/pio_handler.o
 .debug_info    0x000043b2     0x1080 src/ASF/sam/drivers/pmc/pmc.o
 .debug_info    0x00005432      0x889 src/ASF/sam/drivers/uart/uart.o
 .debug_info    0x00005cbb     0x1bfa src/ASF/sam/drivers/usart/usart.o
 .debug_info    0x000078b5      0x124 src/ASF/sam/utils/cmsis/sam3x/source/templates/exceptions.o
 .debug_info    0x000079d9      0x3bd src/ASF/sam/utils/cmsis/sam3x/source/templates/gcc/startup_sam3x.o
 .debug_info    0x00007d96      0x4c6 src/ASF/sam/utils/cmsis/sam3x/source/templates/system_sam3x.o
 .debug_info    0x0000825c      0x43f src/ASF/sam/utils/syscalls/gcc/syscalls.o
 .debug_info    0x0000869b      0x2b7 src/ASF/thirdparty/freertos/freertos-7.3.0/source/list.o
 .debug_info    0x00008952      0x3a1 src/ASF/thirdparty/freertos/freertos-7.3.0/source/portable/gcc/sam/port.o
 .debug_info    0x00008cf3     0x178d src/ASF/thirdparty/freertos/freertos-7.3.0/source/tasks.o
 .debug_info    0x0000a480     0x18ea src/main.o

.debug_abbrev   0x00000000     0x226e
 .debug_abbrev  0x00000000       0x9d src/ASF/common/services/delay/sam/cycle_counter.o
 .debug_abbrev  0x0000009d      0x266 src/MatCon.o
 .debug_abbrev  0x00000303      0x227 src/ASF/common/services/clock/sam3x/sysclk.o
 .debug_abbrev  0x0000052a      0x101 src/ASF/common/utils/stdio/read.o
 .debug_abbrev  0x0000062b       0xf5 src/ASF/common/utils/stdio/write.o
 .debug_abbrev  0x00000720      0x16f src/ASF/sam/boards/arduino_due_x/init.o
 .debug_abbrev  0x0000088f      0x2d5 src/ASF/sam/drivers/pio/pio.o
 .debug_abbrev  0x00000b64      0x257 src/ASF/sam/drivers/pio/pio_handler.o
 .debug_abbrev  0x00000dbb      0x268 src/ASF/sam/drivers/pmc/pmc.o
 .debug_abbrev  0x00001023      0x1bd src/ASF/sam/drivers/uart/uart.o
 .debug_abbrev  0x000011e0      0x2dc src/ASF/sam/drivers/usart/usart.o
 .debug_abbrev  0x000014bc       0x8c src/ASF/sam/utils/cmsis/sam3x/source/templates/exceptions.o
 .debug_abbrev  0x00001548      0x118 src/ASF/sam/utils/cmsis/sam3x/source/templates/gcc/startup_sam3x.o
 .debug_abbrev  0x00001660      0x115 src/ASF/sam/utils/cmsis/sam3x/source/templates/system_sam3x.o
 .debug_abbrev  0x00001775      0x14e src/ASF/sam/utils/syscalls/gcc/syscalls.o
 .debug_abbrev  0x000018c3       0xfb src/ASF/thirdparty/freertos/freertos-7.3.0/source/list.o
 .debug_abbrev  0x000019be      0x22c src/ASF/thirdparty/freertos/freertos-7.3.0/source/portable/gcc/sam/port.o
 .debug_abbrev  0x00001bea      0x2e0 src/ASF/thirdparty/freertos/freertos-7.3.0/source/tasks.o
 .debug_abbrev  0x00001eca      0x3a4 src/main.o

.debug_aranges  0x00000000      0xb08
 .debug_aranges
                0x00000000       0x20 src/ASF/common/services/delay/sam/cycle_counter.o
 .debug_aranges
                0x00000020       0x20 src/MatCon.o
 .debug_aranges
                0x00000040       0x40 src/ASF/common/services/clock/sam3x/sysclk.o
 .debug_aranges
                0x00000080       0x20 src/ASF/common/utils/stdio/read.o
 .debug_aranges
                0x000000a0       0x20 src/ASF/common/utils/stdio/write.o
 .debug_aranges
                0x000000c0       0x20 src/ASF/sam/boards/arduino_due_x/init.o
 .debug_aranges
                0x000000e0      0x148 src/ASF/sam/drivers/pio/pio.o
 .debug_aranges
                0x00000228       0x58 src/ASF/sam/drivers/pio/pio_handler.o
 .debug_aranges
                0x00000280      0x200 src/ASF/sam/drivers/pmc/pmc.o
 .debug_aranges
                0x00000480       0xe8 src/ASF/sam/drivers/uart/uart.o
 .debug_aranges
                0x00000568      0x2a8 src/ASF/sam/drivers/usart/usart.o
 .debug_aranges
                0x00000810       0x20 src/ASF/sam/utils/cmsis/sam3x/source/templates/exceptions.o
 .debug_aranges
                0x00000830       0x20 src/ASF/sam/utils/cmsis/sam3x/source/templates/gcc/startup_sam3x.o
 .debug_aranges
                0x00000850       0x30 src/ASF/sam/utils/cmsis/sam3x/source/templates/system_sam3x.o
 .debug_aranges
                0x00000880       0x60 src/ASF/sam/utils/syscalls/gcc/syscalls.o
 .debug_aranges
                0x000008e0       0x40 src/ASF/thirdparty/freertos/freertos-7.3.0/source/list.o
 .debug_aranges
                0x00000920       0x80 src/ASF/thirdparty/freertos/freertos-7.3.0/source/portable/gcc/sam/port.o
 .debug_aranges
                0x000009a0      0x130 src/ASF/thirdparty/freertos/freertos-7.3.0/source/tasks.o
 .debug_aranges
                0x00000ad0       0x38 src/main.o

.debug_ranges   0x00000000      0xa20
 .debug_ranges  0x00000000       0x10 src/ASF/common/services/delay/sam/cycle_counter.o
 .debug_ranges  0x00000010       0x10 src/MatCon.o
 .debug_ranges  0x00000020       0x30 src/ASF/common/services/clock/sam3x/sysclk.o
 .debug_ranges  0x00000050       0x10 src/ASF/common/utils/stdio/read.o
 .debug_ranges  0x00000060       0x10 src/ASF/common/utils/stdio/write.o
 .debug_ranges  0x00000070       0x10 src/ASF/sam/boards/arduino_due_x/init.o
 .debug_ranges  0x00000080      0x138 src/ASF/sam/drivers/pio/pio.o
 .debug_ranges  0x000001b8       0x48 src/ASF/sam/drivers/pio/pio_handler.o
 .debug_ranges  0x00000200      0x1f0 src/ASF/sam/drivers/pmc/pmc.o
 .debug_ranges  0x000003f0       0xd8 src/ASF/sam/drivers/uart/uart.o
 .debug_ranges  0x000004c8      0x298 src/ASF/sam/drivers/usart/usart.o
 .debug_ranges  0x00000760       0x10 src/ASF/sam/utils/cmsis/sam3x/source/templates/exceptions.o
 .debug_ranges  0x00000770       0x10 src/ASF/sam/utils/cmsis/sam3x/source/templates/gcc/startup_sam3x.o
 .debug_ranges  0x00000780       0x20 src/ASF/sam/utils/cmsis/sam3x/source/templates/system_sam3x.o
 .debug_ranges  0x000007a0       0x50 src/ASF/sam/utils/syscalls/gcc/syscalls.o
 .debug_ranges  0x000007f0       0x30 src/ASF/thirdparty/freertos/freertos-7.3.0/source/list.o
 .debug_ranges  0x00000820       0x70 src/ASF/thirdparty/freertos/freertos-7.3.0/source/portable/gcc/sam/port.o
 .debug_ranges  0x00000890      0x168 src/ASF/thirdparty/freertos/freertos-7.3.0/source/tasks.o
 .debug_ranges  0x000009f8       0x28 src/main.o

.debug_macro    0x00000000    0x1892e
 .debug_macro   0x00000000      0x4b6 src/ASF/common/services/delay/sam/cycle_counter.o
 .debug_macro   0x000004b6      0x87a src/ASF/common/services/delay/sam/cycle_counter.o
 .debug_macro   0x00000d30      0x166 src/ASF/common/services/delay/sam/cycle_counter.o
 .debug_macro   0x00000e96      0x4d1 src/ASF/common/services/delay/sam/cycle_counter.o
 .debug_macro   0x00001367       0x76 src/ASF/common/services/delay/sam/cycle_counter.o
 .debug_macro   0x000013dd       0x16 src/ASF/common/services/delay/sam/cycle_counter.o
 .debug_macro   0x000013f3      0x6e4 src/ASF/common/services/delay/sam/cycle_counter.o
 .debug_macro   0x00001ad7       0x16 src/ASF/common/services/delay/sam/cycle_counter.o
 .debug_macro   0x00001aed       0x44 src/ASF/common/services/delay/sam/cycle_counter.o
 .debug_macro   0x00001b31      0x209 src/ASF/common/services/delay/sam/cycle_counter.o
 .debug_macro   0x00001d3a       0x20 src/ASF/common/services/delay/sam/cycle_counter.o
 .debug_macro   0x00001d5a       0x3a src/ASF/common/services/delay/sam/cycle_counter.o
 .debug_macro   0x00001d94       0x18 src/ASF/common/services/delay/sam/cycle_counter.o
 .debug_macro   0x00001dac      0xb09 src/ASF/common/services/delay/sam/cycle_counter.o
 .debug_macro   0x000028b5      0xab6 src/ASF/common/services/delay/sam/cycle_counter.o
 .debug_macro   0x0000336b      0x569 src/ASF/common/services/delay/sam/cycle_counter.o
 .debug_macro   0x000038d4      0x2b5 src/ASF/common/services/delay/sam/cycle_counter.o
 .debug_macro   0x00003b89      0x31a src/ASF/common/services/delay/sam/cycle_counter.o
 .debug_macro   0x00003ea3      0x74f src/ASF/common/services/delay/sam/cycle_counter.o
 .debug_macro   0x000045f2       0x82 src/ASF/common/services/delay/sam/cycle_counter.o
 .debug_macro   0x00004674      0x57b src/ASF/common/services/delay/sam/cycle_counter.o
 .debug_macro   0x00004bef       0x1c src/ASF/common/services/delay/sam/cycle_counter.o
 .debug_macro   0x00004c0b      0x6b7 src/ASF/common/services/delay/sam/cycle_counter.o
 .debug_macro   0x000052c2      0x52d src/ASF/common/services/delay/sam/cycle_counter.o
 .debug_macro   0x000057ef       0xbe src/ASF/common/services/delay/sam/cycle_counter.o
 .debug_macro   0x000058ad     0x2342 src/ASF/common/services/delay/sam/cycle_counter.o
 .debug_macro   0x00007bef      0x85d src/ASF/common/services/delay/sam/cycle_counter.o
 .debug_macro   0x0000844c      0xdc9 src/ASF/common/services/delay/sam/cycle_counter.o
 .debug_macro   0x00009215       0x7c src/ASF/common/services/delay/sam/cycle_counter.o
 .debug_macro   0x00009291      0x263 src/ASF/common/services/delay/sam/cycle_counter.o
 .debug_macro   0x000094f4       0x58 src/ASF/common/services/delay/sam/cycle_counter.o
 .debug_macro   0x0000954c      0x9a7 src/ASF/common/services/delay/sam/cycle_counter.o
 .debug_macro   0x00009ef3      0x248 src/ASF/common/services/delay/sam/cycle_counter.o
 .debug_macro   0x0000a13b      0x4df src/ASF/common/services/delay/sam/cycle_counter.o
 .debug_macro   0x0000a61a      0x6b3 src/ASF/common/services/delay/sam/cycle_counter.o
 .debug_macro   0x0000accd      0x59f src/ASF/common/services/delay/sam/cycle_counter.o
 .debug_macro   0x0000b26c       0x46 src/ASF/common/services/delay/sam/cycle_counter.o
 .debug_macro   0x0000b2b2      0x34d src/ASF/common/services/delay/sam/cycle_counter.o
 .debug_macro   0x0000b5ff      0x28c src/ASF/common/services/delay/sam/cycle_counter.o
 .debug_macro   0x0000b88b     0x14d7 src/ASF/common/services/delay/sam/cycle_counter.o
 .debug_macro   0x0000cd62      0x7ba src/ASF/common/services/delay/sam/cycle_counter.o
 .debug_macro   0x0000d51c       0x76 src/ASF/common/services/delay/sam/cycle_counter.o
 .debug_macro   0x0000d592       0x82 src/ASF/common/services/delay/sam/cycle_counter.o
 .debug_macro   0x0000d614       0x76 src/ASF/common/services/delay/sam/cycle_counter.o
 .debug_macro   0x0000d68a       0x4c src/ASF/common/services/delay/sam/cycle_counter.o
 .debug_macro   0x0000d6d6      0x105 src/ASF/common/services/delay/sam/cycle_counter.o
 .debug_macro   0x0000d7db      0x105 src/ASF/common/services/delay/sam/cycle_counter.o
 .debug_macro   0x0000d8e0      0x105 src/ASF/common/services/delay/sam/cycle_counter.o
 .debug_macro   0x0000d9e5       0x88 src/ASF/common/services/delay/sam/cycle_counter.o
 .debug_macro   0x0000da6d       0x88 src/ASF/common/services/delay/sam/cycle_counter.o
 .debug_macro   0x0000daf5      0x3b4 src/ASF/common/services/delay/sam/cycle_counter.o
 .debug_macro   0x0000dea9       0xb8 src/ASF/common/services/delay/sam/cycle_counter.o
 .debug_macro   0x0000df61       0xb8 src/ASF/common/services/delay/sam/cycle_counter.o
 .debug_macro   0x0000e019       0xb8 src/ASF/common/services/delay/sam/cycle_counter.o
 .debug_macro   0x0000e0d1       0xb8 src/ASF/common/services/delay/sam/cycle_counter.o
 .debug_macro   0x0000e189      0x2b8 src/ASF/common/services/delay/sam/cycle_counter.o
 .debug_macro   0x0000e441      0x125 src/ASF/common/services/delay/sam/cycle_counter.o
 .debug_macro   0x0000e566      0x225 src/ASF/common/services/delay/sam/cycle_counter.o
 .debug_macro   0x0000e78b      0x225 src/ASF/common/services/delay/sam/cycle_counter.o
 .debug_macro   0x0000e9b0       0x2e src/ASF/common/services/delay/sam/cycle_counter.o
 .debug_macro   0x0000e9de       0xac src/ASF/common/services/delay/sam/cycle_counter.o
 .debug_macro   0x0000ea8a      0x14d src/ASF/common/services/delay/sam/cycle_counter.o
 .debug_macro   0x0000ebd7       0x7c src/ASF/common/services/delay/sam/cycle_counter.o
 .debug_macro   0x0000ec53      0x205 src/ASF/common/services/delay/sam/cycle_counter.o
 .debug_macro   0x0000ee58       0x64 src/ASF/common/services/delay/sam/cycle_counter.o
 .debug_macro   0x0000eebc       0xa6 src/ASF/common/services/delay/sam/cycle_counter.o
 .debug_macro   0x0000ef62       0x7c src/ASF/common/services/delay/sam/cycle_counter.o
 .debug_macro   0x0000efde       0x16 src/ASF/common/services/delay/sam/cycle_counter.o
 .debug_macro   0x0000eff4       0x22 src/ASF/common/services/delay/sam/cycle_counter.o
 .debug_macro   0x0000f016       0x22 src/ASF/common/services/delay/sam/cycle_counter.o
 .debug_macro   0x0000f038      0x115 src/ASF/common/services/delay/sam/cycle_counter.o
 .debug_macro   0x0000f14d      0x115 src/ASF/common/services/delay/sam/cycle_counter.o
 .debug_macro   0x0000f262      0x115 src/ASF/common/services/delay/sam/cycle_counter.o
 .debug_macro   0x0000f377      0x115 src/ASF/common/services/delay/sam/cycle_counter.o
 .debug_macro   0x0000f48c       0x1c src/ASF/common/services/delay/sam/cycle_counter.o
 .debug_macro   0x0000f4a8       0x2e src/ASF/common/services/delay/sam/cycle_counter.o
 .debug_macro   0x0000f4d6       0x22 src/ASF/common/services/delay/sam/cycle_counter.o
 .debug_macro   0x0000f4f8       0x1c src/ASF/common/services/delay/sam/cycle_counter.o
 .debug_macro   0x0000f514       0x58 src/ASF/common/services/delay/sam/cycle_counter.o
 .debug_macro   0x0000f56c       0x10 src/ASF/common/services/delay/sam/cycle_counter.o
 .debug_macro   0x0000f57c      0x273 src/ASF/common/services/delay/sam/cycle_counter.o
 .debug_macro   0x0000f7ef      0xd43 src/ASF/common/services/delay/sam/cycle_counter.o
 .debug_macro   0x00010532      0x131 src/ASF/common/services/delay/sam/cycle_counter.o
 .debug_macro   0x00010663       0x58 src/ASF/common/services/delay/sam/cycle_counter.o
 .debug_macro   0x000106bb       0x35 src/ASF/common/services/delay/sam/cycle_counter.o
 .debug_macro   0x000106f0       0xa3 src/ASF/common/services/delay/sam/cycle_counter.o
 .debug_macro   0x00010793       0x16 src/ASF/common/services/delay/sam/cycle_counter.o
 .debug_macro   0x000107a9       0x35 src/ASF/common/services/delay/sam/cycle_counter.o
 .debug_macro   0x000107de       0x10 src/ASF/common/services/delay/sam/cycle_counter.o
 .debug_macro   0x000107ee       0x52 src/ASF/common/services/delay/sam/cycle_counter.o
 .debug_macro   0x00010840       0x16 src/ASF/common/services/delay/sam/cycle_counter.o
 .debug_macro   0x00010856       0x43 src/ASF/common/services/delay/sam/cycle_counter.o
 .debug_macro   0x00010899      0x180 src/ASF/common/services/delay/sam/cycle_counter.o
 .debug_macro   0x00010a19       0x10 src/ASF/common/services/delay/sam/cycle_counter.o
 .debug_macro   0x00010a29       0x22 src/ASF/common/services/delay/sam/cycle_counter.o
 .debug_macro   0x00010a4b       0xbd src/ASF/common/services/delay/sam/cycle_counter.o
 .debug_macro   0x00010b08       0x16 src/ASF/common/services/delay/sam/cycle_counter.o
 .debug_macro   0x00010b1e      0x16c src/ASF/common/services/delay/sam/cycle_counter.o
 .debug_macro   0x00010c8a       0x22 src/ASF/common/services/delay/sam/cycle_counter.o
 .debug_macro   0x00010cac       0x16 src/ASF/common/services/delay/sam/cycle_counter.o
 .debug_macro   0x00010cc2       0x16 src/ASF/common/services/delay/sam/cycle_counter.o
 .debug_macro   0x00010cd8       0x29 src/ASF/common/services/delay/sam/cycle_counter.o
 .debug_macro   0x00010d01       0x6e src/ASF/common/services/delay/sam/cycle_counter.o
 .debug_macro   0x00010d6f       0x45 src/ASF/common/services/delay/sam/cycle_counter.o
 .debug_macro   0x00010db4      0x3c3 src/ASF/common/services/delay/sam/cycle_counter.o
 .debug_macro   0x00011177       0x22 src/ASF/common/services/delay/sam/cycle_counter.o
 .debug_macro   0x00011199      0x6e4 src/MatCon.o
 .debug_macro   0x0001187d       0x1c src/MatCon.o
 .debug_macro   0x00011899       0x16 src/MatCon.o
 .debug_macro   0x000118af       0x34 src/MatCon.o
 .debug_macro   0x000118e3      0x248 src/MatCon.o
 .debug_macro   0x00011b2b      0x790 src/MatCon.o
 .debug_macro   0x000122bb       0x5e src/MatCon.o
 .debug_macro   0x00012319       0x64 src/MatCon.o
 .debug_macro   0x0001237d       0x5f src/MatCon.o
 .debug_macro   0x000123dc       0x90 src/MatCon.o
 .debug_macro   0x0001246c       0x28 src/MatCon.o
 .debug_macro   0x00012494       0x23 src/MatCon.o
 .debug_macro   0x000124b7       0x46 src/MatCon.o
 .debug_macro   0x000124fd      0x101 src/MatCon.o
 .debug_macro   0x000125fe       0x9c src/MatCon.o
 .debug_macro   0x0001269a       0x12 src/MatCon.o
 .debug_macro   0x000126ac       0x1f src/MatCon.o
 .debug_macro   0x000126cb      0x1d9 src/MatCon.o
 .debug_macro   0x000128a4       0x10 src/MatCon.o
 .debug_macro   0x000128b4       0x16 src/MatCon.o
 .debug_macro   0x000128ca       0x5e src/MatCon.o
 .debug_macro   0x00012928       0x43 src/MatCon.o
 .debug_macro   0x0001296b       0x96 src/MatCon.o
 .debug_macro   0x00012a01       0x77 src/MatCon.o
 .debug_macro   0x00012a78       0x5d src/MatCon.o
 .debug_macro   0x00012ad5       0x5b src/MatCon.o
 .debug_macro   0x00012b30       0x94 src/MatCon.o
 .debug_macro   0x00012bc4       0x40 src/MatCon.o
 .debug_macro   0x00012c04       0x70 src/MatCon.o
 .debug_macro   0x00012c74       0x34 src/MatCon.o
 .debug_macro   0x00012ca8       0x1c src/MatCon.o
 .debug_macro   0x00012cc4       0x2e src/MatCon.o
 .debug_macro   0x00012cf2       0x1c src/MatCon.o
 .debug_macro   0x00012d0e       0x10 src/MatCon.o
 .debug_macro   0x00012d1e      0x452 src/MatCon.o
 .debug_macro   0x00013170      0x527 src/ASF/common/services/clock/sam3x/sysclk.o
 .debug_macro   0x00013697      0x242 src/ASF/common/services/clock/sam3x/sysclk.o
 .debug_macro   0x000138d9      0x4a7 src/ASF/common/utils/stdio/read.o
 .debug_macro   0x00013d80      0x4a7 src/ASF/common/utils/stdio/write.o
 .debug_macro   0x00014227      0x566 src/ASF/sam/boards/arduino_due_x/init.o
 .debug_macro   0x0001478d       0x16 src/ASF/sam/boards/arduino_due_x/init.o
 .debug_macro   0x000147a3       0x6a src/ASF/sam/boards/arduino_due_x/init.o
 .debug_macro   0x0001480d      0x4c2 src/ASF/sam/drivers/pio/pio.o
 .debug_macro   0x00014ccf       0x8e src/ASF/sam/drivers/pio/pio.o
 .debug_macro   0x00014d5d      0x4c6 src/ASF/sam/drivers/pio/pio_handler.o
 .debug_macro   0x00015223      0x4bc src/ASF/sam/drivers/pmc/pmc.o
 .debug_macro   0x000156df       0x58 src/ASF/sam/drivers/pmc/pmc.o
 .debug_macro   0x00015737      0x4b6 src/ASF/sam/drivers/uart/uart.o
 .debug_macro   0x00015bed       0x16 src/ASF/sam/drivers/uart/uart.o
 .debug_macro   0x00015c03      0x4f2 src/ASF/sam/drivers/usart/usart.o
 .debug_macro   0x000160f5       0x28 src/ASF/sam/drivers/usart/usart.o
 .debug_macro   0x0001611d      0x4bb src/ASF/sam/utils/cmsis/sam3x/source/templates/exceptions.o
 .debug_macro   0x000165d8      0x4c9 src/ASF/sam/utils/cmsis/sam3x/source/templates/gcc/startup_sam3x.o
 .debug_macro   0x00016aa1      0x4c9 src/ASF/sam/utils/cmsis/sam3x/source/templates/system_sam3x.o
 .debug_macro   0x00016f6a       0x26 src/ASF/sam/utils/cmsis/sam3x/source/templates/system_sam3x.o
 .debug_macro   0x00016f90      0x129 src/ASF/sam/utils/syscalls/gcc/syscalls.o
 .debug_macro   0x000170b9       0x97 src/ASF/sam/utils/syscalls/gcc/syscalls.o
 .debug_macro   0x00017150       0xef src/ASF/sam/utils/syscalls/gcc/syscalls.o
 .debug_macro   0x0001723f       0x4a src/ASF/sam/utils/syscalls/gcc/syscalls.o
 .debug_macro   0x00017289       0x52 src/ASF/sam/utils/syscalls/gcc/syscalls.o
 .debug_macro   0x000172db       0x16 src/ASF/sam/utils/syscalls/gcc/syscalls.o
 .debug_macro   0x000172f1       0x10 src/ASF/sam/utils/syscalls/gcc/syscalls.o
 .debug_macro   0x00017301       0x41 src/ASF/sam/utils/syscalls/gcc/syscalls.o
 .debug_macro   0x00017342      0x120 src/ASF/sam/utils/syscalls/gcc/syscalls.o
 .debug_macro   0x00017462      0x13f src/ASF/thirdparty/freertos/freertos-7.3.0/source/list.o
 .debug_macro   0x000175a1      0x10e src/ASF/thirdparty/freertos/freertos-7.3.0/source/list.o
 .debug_macro   0x000176af       0x7f src/ASF/thirdparty/freertos/freertos-7.3.0/source/list.o
 .debug_macro   0x0001772e       0xfb src/ASF/thirdparty/freertos/freertos-7.3.0/source/list.o
 .debug_macro   0x00017829      0x5ed src/ASF/thirdparty/freertos/freertos-7.3.0/source/portable/gcc/sam/port.o
 .debug_macro   0x00017e16      0x255 src/ASF/thirdparty/freertos/freertos-7.3.0/source/tasks.o
 .debug_macro   0x0001806b      0x6e2 src/main.o
 .debug_macro   0x0001874d      0x1e1 src/main.o

.debug_line     0x00000000     0xe425
 .debug_line    0x00000000      0xae0 src/ASF/common/services/delay/sam/cycle_counter.o
 .debug_line    0x00000ae0     0x1051 src/MatCon.o
 .debug_line    0x00001b31      0xc48 src/ASF/common/services/clock/sam3x/sysclk.o
 .debug_line    0x00002779      0xad9 src/ASF/common/utils/stdio/read.o
 .debug_line    0x00003252      0xacf src/ASF/common/utils/stdio/write.o
 .debug_line    0x00003d21      0xcdf src/ASF/sam/boards/arduino_due_x/init.o
 .debug_line    0x00004a00      0xe42 src/ASF/sam/drivers/pio/pio.o
 .debug_line    0x00005842      0xb8d src/ASF/sam/drivers/pio/pio_handler.o
 .debug_line    0x000063cf     0x1045 src/ASF/sam/drivers/pmc/pmc.o
 .debug_line    0x00007414      0xc8f src/ASF/sam/drivers/uart/uart.o
 .debug_line    0x000080a3     0x11aa src/ASF/sam/drivers/usart/usart.o
 .debug_line    0x0000924d      0xab5 src/ASF/sam/utils/cmsis/sam3x/source/templates/exceptions.o
 .debug_line    0x00009d02      0xb05 src/ASF/sam/utils/cmsis/sam3x/source/templates/gcc/startup_sam3x.o
 .debug_line    0x0000a807      0xb22 src/ASF/sam/utils/cmsis/sam3x/source/templates/system_sam3x.o
 .debug_line    0x0000b329      0x39b src/ASF/sam/utils/syscalls/gcc/syscalls.o
 .debug_line    0x0000b6c4      0x467 src/ASF/thirdparty/freertos/freertos-7.3.0/source/list.o
 .debug_line    0x0000bb2b      0xdcd src/ASF/thirdparty/freertos/freertos-7.3.0/source/portable/gcc/sam/port.o
 .debug_line    0x0000c8f8      0xa28 src/ASF/thirdparty/freertos/freertos-7.3.0/source/tasks.o
 .debug_line    0x0000d320     0x1105 src/main.o

.debug_str      0x00000000    0x6797b
 .debug_str     0x00000000    0x589e6 src/ASF/common/services/delay/sam/cycle_counter.o
                              0x58cfb (size before relaxing)
 .debug_str     0x000589e6     0x9278 src/MatCon.o
                              0x61fe1 (size before relaxing)
 .debug_str     0x00061c5e      0x276 src/ASF/common/services/clock/sam3x/sysclk.o
                              0x5c95a (size before relaxing)
 .debug_str     0x00061ed4       0x2c src/ASF/common/utils/stdio/read.o
                              0x58b8a (size before relaxing)
 .debug_str     0x00061f00       0x26 src/ASF/common/utils/stdio/write.o
                              0x58b8c (size before relaxing)
 .debug_str     0x00061f26      0x280 src/ASF/sam/boards/arduino_due_x/init.o
                              0x5d114 (size before relaxing)
 .debug_str     0x000621a6      0x432 src/ASF/sam/drivers/pio/pio.o
                              0x5952f (size before relaxing)
 .debug_str     0x000625d8      0x44e src/ASF/sam/drivers/pio/pio_handler.o
                              0x59577 (size before relaxing)
 .debug_str     0x00062a26      0x691 src/ASF/sam/drivers/pmc/pmc.o
                              0x595a5 (size before relaxing)
 .debug_str     0x000630b7      0x2b9 src/ASF/sam/drivers/uart/uart.o
                              0x58f50 (size before relaxing)
 .debug_str     0x00063370      0xb0d src/ASF/sam/drivers/usart/usart.o
                              0x59801 (size before relaxing)
 .debug_str     0x00063e7d       0x4d src/ASF/sam/utils/cmsis/sam3x/source/templates/exceptions.o
                              0x58ba4 (size before relaxing)
 .debug_str     0x00063eca       0xb2 src/ASF/sam/utils/cmsis/sam3x/source/templates/gcc/startup_sam3x.o
                              0x58c79 (size before relaxing)
 .debug_str     0x00063f7c      0x1cd src/ASF/sam/utils/cmsis/sam3x/source/templates/system_sam3x.o
                              0x58e8c (size before relaxing)
 .debug_str     0x00064149      0x73a src/ASF/sam/utils/syscalls/gcc/syscalls.o
                               0x4f1e (size before relaxing)
 .debug_str     0x00064883      0x172 src/ASF/thirdparty/freertos/freertos-7.3.0/source/list.o
                               0x617f (size before relaxing)
 .debug_str     0x000649f5      0x546 src/ASF/thirdparty/freertos/freertos-7.3.0/source/portable/gcc/sam/port.o
                              0x5e945 (size before relaxing)
 .debug_str     0x00064f3b     0x1e48 src/ASF/thirdparty/freertos/freertos-7.3.0/source/tasks.o
                               0x936f (size before relaxing)
 .debug_str     0x00066d83      0xbf8 src/main.o
                              0x62168 (size before relaxing)

.debug_frame    0x00000000     0x2268
 .debug_frame   0x00000000       0x20 src/ASF/common/services/delay/sam/cycle_counter.o
 .debug_frame   0x00000020       0x30 src/MatCon.o
 .debug_frame   0x00000050       0x88 src/ASF/common/services/clock/sam3x/sysclk.o
 .debug_frame   0x000000d8       0x30 src/ASF/common/utils/stdio/read.o
 .debug_frame   0x00000108       0x30 src/ASF/common/utils/stdio/write.o
 .debug_frame   0x00000138       0x28 src/ASF/sam/boards/arduino_due_x/init.o
 .debug_frame   0x00000160      0x2a8 src/ASF/sam/drivers/pio/pio.o
 .debug_frame   0x00000408       0xf8 src/ASF/sam/drivers/pio/pio_handler.o
 .debug_frame   0x00000500      0x410 src/ASF/sam/drivers/pmc/pmc.o
 .debug_frame   0x00000910      0x1b8 src/ASF/sam/drivers/uart/uart.o
 .debug_frame   0x00000ac8      0x5c8 src/ASF/sam/drivers/usart/usart.o
 .debug_frame   0x00001090       0x20 src/ASF/sam/utils/cmsis/sam3x/source/templates/exceptions.o
 .debug_frame   0x000010b0       0x28 src/ASF/sam/utils/cmsis/sam3x/source/templates/gcc/startup_sam3x.o
 .debug_frame   0x000010d8       0x40 src/ASF/sam/utils/cmsis/sam3x/source/templates/system_sam3x.o
 .debug_frame   0x00001118       0xa8 src/ASF/sam/utils/syscalls/gcc/syscalls.o
 .debug_frame   0x000011c0       0x68 src/ASF/thirdparty/freertos/freertos-7.3.0/source/list.o
 .debug_frame   0x00001228      0x100 src/ASF/thirdparty/freertos/freertos-7.3.0/source/portable/gcc/sam/port.o
 .debug_frame   0x00001328      0x398 src/ASF/thirdparty/freertos/freertos-7.3.0/source/tasks.o
 .debug_frame   0x000016c0       0x80 src/main.o
 .debug_frame   0x00001740       0x2c c:/program files (x86)/atmel/atmel toolchain/arm gcc/native/4.8.1443/arm-gnu-toolchain/bin/../lib/gcc/arm-none-eabi/4.8.4/../../../../arm-none-eabi/lib/armv7-m\libc.a(lib_a-init.o)
 .debug_frame   0x0000176c       0x5c c:/program files (x86)/atmel/atmel toolchain/arm gcc/native/4.8.1443/arm-gnu-toolchain/bin/../lib/gcc/arm-none-eabi/4.8.4/../../../../arm-none-eabi/lib/armv7-m\libc.a(lib_a-iprintf.o)
 .debug_frame   0x000017c8       0x2c c:/program files (x86)/atmel/atmel toolchain/arm gcc/native/4.8.1443/arm-gnu-toolchain/bin/../lib/gcc/arm-none-eabi/4.8.4/../../../../arm-none-eabi/lib/armv7-m\libc.a(lib_a-memset.o)
 .debug_frame   0x000017f4       0x20 c:/program files (x86)/atmel/atmel toolchain/arm gcc/native/4.8.1443/arm-gnu-toolchain/bin/../lib/gcc/arm-none-eabi/4.8.4/../../../../arm-none-eabi/lib/armv7-m\libc.a(lib_a-setbuf.o)
 .debug_frame   0x00001814       0x30 c:/program files (x86)/atmel/atmel toolchain/arm gcc/native/4.8.1443/arm-gnu-toolchain/bin/../lib/gcc/arm-none-eabi/4.8.4/../../../../arm-none-eabi/lib/armv7-m\libc.a(lib_a-setvbuf.o)
 .debug_frame   0x00001844       0x20 c:/program files (x86)/atmel/atmel toolchain/arm gcc/native/4.8.1443/arm-gnu-toolchain/bin/../lib/gcc/arm-none-eabi/4.8.4/../../../../arm-none-eabi/lib/armv7-m\libc.a(lib_a-strlen.o)
 .debug_frame   0x00001864       0xb8 c:/program files (x86)/atmel/atmel toolchain/arm gcc/native/4.8.1443/arm-gnu-toolchain/bin/../lib/gcc/arm-none-eabi/4.8.4/../../../../arm-none-eabi/lib/armv7-m\libc.a(lib_a-vfiprintf.o)
 .debug_frame   0x0000191c       0x2c c:/program files (x86)/atmel/atmel toolchain/arm gcc/native/4.8.1443/arm-gnu-toolchain/bin/../lib/gcc/arm-none-eabi/4.8.4/../../../../arm-none-eabi/lib/armv7-m\libc.a(lib_a-wsetup.o)
 .debug_frame   0x00001948       0x48 c:/program files (x86)/atmel/atmel toolchain/arm gcc/native/4.8.1443/arm-gnu-toolchain/bin/../lib/gcc/arm-none-eabi/4.8.4/../../../../arm-none-eabi/lib/armv7-m\libc.a(lib_a-__call_atexit.o)
 .debug_frame   0x00001990       0x20 c:/program files (x86)/atmel/atmel toolchain/arm gcc/native/4.8.1443/arm-gnu-toolchain/bin/../lib/gcc/arm-none-eabi/4.8.4/../../../../arm-none-eabi/lib/armv7-m\libc.a(lib_a-atexit.o)
 .debug_frame   0x000019b0       0x5c c:/program files (x86)/atmel/atmel toolchain/arm gcc/native/4.8.1443/arm-gnu-toolchain/bin/../lib/gcc/arm-none-eabi/4.8.4/../../../../arm-none-eabi/lib/armv7-m\libc.a(lib_a-fflush.o)
 .debug_frame   0x00001a0c      0x110 c:/program files (x86)/atmel/atmel toolchain/arm gcc/native/4.8.1443/arm-gnu-toolchain/bin/../lib/gcc/arm-none-eabi/4.8.4/../../../../arm-none-eabi/lib/armv7-m\libc.a(lib_a-findfp.o)
 .debug_frame   0x00001b1c       0x2c c:/program files (x86)/atmel/atmel toolchain/arm gcc/native/4.8.1443/arm-gnu-toolchain/bin/../lib/gcc/arm-none-eabi/4.8.4/../../../../arm-none-eabi/lib/armv7-m\libc.a(lib_a-fini.o)
 .debug_frame   0x00001b48       0x50 c:/program files (x86)/atmel/atmel toolchain/arm gcc/native/4.8.1443/arm-gnu-toolchain/bin/../lib/gcc/arm-none-eabi/4.8.4/../../../../arm-none-eabi/lib/armv7-m\libc.a(lib_a-fputwc.o)
 .debug_frame   0x00001b98       0x50 c:/program files (x86)/atmel/atmel toolchain/arm gcc/native/4.8.1443/arm-gnu-toolchain/bin/../lib/gcc/arm-none-eabi/4.8.4/../../../../arm-none-eabi/lib/armv7-m\libc.a(lib_a-freer.o)
 .debug_frame   0x00001be8       0x38 c:/program files (x86)/atmel/atmel toolchain/arm gcc/native/4.8.1443/arm-gnu-toolchain/bin/../lib/gcc/arm-none-eabi/4.8.4/../../../../arm-none-eabi/lib/armv7-m\libc.a(lib_a-fvwrite.o)
 .debug_frame   0x00001c20       0x54 c:/program files (x86)/atmel/atmel toolchain/arm gcc/native/4.8.1443/arm-gnu-toolchain/bin/../lib/gcc/arm-none-eabi/4.8.4/../../../../arm-none-eabi/lib/armv7-m\libc.a(lib_a-fwalk.o)
 .debug_frame   0x00001c74       0x98 c:/program files (x86)/atmel/atmel toolchain/arm gcc/native/4.8.1443/arm-gnu-toolchain/bin/../lib/gcc/arm-none-eabi/4.8.4/../../../../arm-none-eabi/lib/armv7-m\libc.a(lib_a-locale.o)
 .debug_frame   0x00001d0c       0x30 c:/program files (x86)/atmel/atmel toolchain/arm gcc/native/4.8.1443/arm-gnu-toolchain/bin/../lib/gcc/arm-none-eabi/4.8.4/../../../../arm-none-eabi/lib/armv7-m\libc.a(lib_a-makebuf.o)
 .debug_frame   0x00001d3c       0x30 c:/program files (x86)/atmel/atmel toolchain/arm gcc/native/4.8.1443/arm-gnu-toolchain/bin/../lib/gcc/arm-none-eabi/4.8.4/../../../../arm-none-eabi/lib/armv7-m\libc.a(lib_a-malloc.o)
 .debug_frame   0x00001d6c       0x38 c:/program files (x86)/atmel/atmel toolchain/arm gcc/native/4.8.1443/arm-gnu-toolchain/bin/../lib/gcc/arm-none-eabi/4.8.4/../../../../arm-none-eabi/lib/armv7-m\libc.a(lib_a-mallocr.o)
 .debug_frame   0x00001da4       0x2c c:/program files (x86)/atmel/atmel toolchain/arm gcc/native/4.8.1443/arm-gnu-toolchain/bin/../lib/gcc/arm-none-eabi/4.8.4/../../../../arm-none-eabi/lib/armv7-m\libc.a(lib_a-memchr-stub.o)
 .debug_frame   0x00001dd0       0x2c c:/program files (x86)/atmel/atmel toolchain/arm gcc/native/4.8.1443/arm-gnu-toolchain/bin/../lib/gcc/arm-none-eabi/4.8.4/../../../../arm-none-eabi/lib/armv7-m\libc.a(lib_a-memmove.o)
 .debug_frame   0x00001dfc       0x30 c:/program files (x86)/atmel/atmel toolchain/arm gcc/native/4.8.1443/arm-gnu-toolchain/bin/../lib/gcc/arm-none-eabi/4.8.4/../../../../arm-none-eabi/lib/armv7-m\libc.a(lib_a-mlock.o)
 .debug_frame   0x00001e2c       0x38 c:/program files (x86)/atmel/atmel toolchain/arm gcc/native/4.8.1443/arm-gnu-toolchain/bin/../lib/gcc/arm-none-eabi/4.8.4/../../../../arm-none-eabi/lib/armv7-m\libc.a(lib_a-reallocr.o)
 .debug_frame   0x00001e64       0x2c c:/program files (x86)/atmel/atmel toolchain/arm gcc/native/4.8.1443/arm-gnu-toolchain/bin/../lib/gcc/arm-none-eabi/4.8.4/../../../../arm-none-eabi/lib/armv7-m\libc.a(lib_a-sbrkr.o)
 .debug_frame   0x00001e90       0x80 c:/program files (x86)/atmel/atmel toolchain/arm gcc/native/4.8.1443/arm-gnu-toolchain/bin/../lib/gcc/arm-none-eabi/4.8.4/../../../../arm-none-eabi/lib/armv7-m\libc.a(lib_a-stdio.o)
 .debug_frame   0x00001f10       0x40 c:/program files (x86)/atmel/atmel toolchain/arm gcc/native/4.8.1443/arm-gnu-toolchain/bin/../lib/gcc/arm-none-eabi/4.8.4/../../../../arm-none-eabi/lib/armv7-m\libc.a(lib_a-wbuf.o)
 .debug_frame   0x00001f50       0x58 c:/program files (x86)/atmel/atmel toolchain/arm gcc/native/4.8.1443/arm-gnu-toolchain/bin/../lib/gcc/arm-none-eabi/4.8.4/../../../../arm-none-eabi/lib/armv7-m\libc.a(lib_a-wcrtomb.o)
 .debug_frame   0x00001fa8       0x44 c:/program files (x86)/atmel/atmel toolchain/arm gcc/native/4.8.1443/arm-gnu-toolchain/bin/../lib/gcc/arm-none-eabi/4.8.4/../../../../arm-none-eabi/lib/armv7-m\libc.a(lib_a-wctomb_r.o)
 .debug_frame   0x00001fec       0x2c c:/program files (x86)/atmel/atmel toolchain/arm gcc/native/4.8.1443/arm-gnu-toolchain/bin/../lib/gcc/arm-none-eabi/4.8.4/../../../../arm-none-eabi/lib/armv7-m\libc.a(lib_a-writer.o)
 .debug_frame   0x00002018       0x30 c:/program files (x86)/atmel/atmel toolchain/arm gcc/native/4.8.1443/arm-gnu-toolchain/bin/../lib/gcc/arm-none-eabi/4.8.4/../../../../arm-none-eabi/lib/armv7-m\libc.a(lib_a-__atexit.o)
 .debug_frame   0x00002048       0x2c c:/program files (x86)/atmel/atmel toolchain/arm gcc/native/4.8.1443/arm-gnu-toolchain/bin/../lib/gcc/arm-none-eabi/4.8.4/../../../../arm-none-eabi/lib/armv7-m\libc.a(lib_a-closer.o)
 .debug_frame   0x00002074       0x3c c:/program files (x86)/atmel/atmel toolchain/arm gcc/native/4.8.1443/arm-gnu-toolchain/bin/../lib/gcc/arm-none-eabi/4.8.4/../../../../arm-none-eabi/lib/armv7-m\libc.a(lib_a-fclose.o)
 .debug_frame   0x000020b0       0x2c c:/program files (x86)/atmel/atmel toolchain/arm gcc/native/4.8.1443/arm-gnu-toolchain/bin/../lib/gcc/arm-none-eabi/4.8.4/../../../../arm-none-eabi/lib/armv7-m\libc.a(lib_a-fstatr.o)
 .debug_frame   0x000020dc       0x2c c:/program files (x86)/atmel/atmel toolchain/arm gcc/native/4.8.1443/arm-gnu-toolchain/bin/../lib/gcc/arm-none-eabi/4.8.4/../../../../arm-none-eabi/lib/armv7-m\libc.a(lib_a-isattyr.o)
 .debug_frame   0x00002108       0x2c c:/program files (x86)/atmel/atmel toolchain/arm gcc/native/4.8.1443/arm-gnu-toolchain/bin/../lib/gcc/arm-none-eabi/4.8.4/../../../../arm-none-eabi/lib/armv7-m\libc.a(lib_a-lseekr.o)
 .debug_frame   0x00002134       0x2c c:/program files (x86)/atmel/atmel toolchain/arm gcc/native/4.8.1443/arm-gnu-toolchain/bin/../lib/gcc/arm-none-eabi/4.8.4/../../../../arm-none-eabi/lib/armv7-m\libc.a(lib_a-readr.o)
 .debug_frame   0x00002160       0x48 c:/program files (x86)/atmel/atmel toolchain/arm gcc/native/4.8.1443/arm-gnu-toolchain/bin/../lib/gcc/arm-none-eabi/4.8.4/../../../../arm-none-eabi/lib/armv7-m\libc.a(lib_a-reent.o)
 .debug_frame   0x000021a8       0x58 c:/program files (x86)/atmel/atmel toolchain/arm gcc/native/4.8.1443/arm-gnu-toolchain/bin/../lib/gcc/arm-none-eabi/4.8.4/armv7-m\libgcc.a(bpabi.o)
 .debug_frame   0x00002200       0x34 c:/program files (x86)/atmel/atmel toolchain/arm gcc/native/4.8.1443/arm-gnu-toolchain/bin/../lib/gcc/arm-none-eabi/4.8.4/armv7-m\libgcc.a(_divdi3.o)
 .debug_frame   0x00002234       0x34 c:/program files (x86)/atmel/atmel toolchain/arm gcc/native/4.8.1443/arm-gnu-toolchain/bin/../lib/gcc/arm-none-eabi/4.8.4/armv7-m\libgcc.a(_udivdi3.o)

.debug_loc      0x00000000     0x5027
 .debug_loc     0x00000000       0x4b src/MatCon.o
 .debug_loc     0x0000004b      0x12d src/ASF/common/services/clock/sam3x/sysclk.o